Archive member included to satisfy reference by file (symbol)

D:/Program Files/SEGGER/SEGGER Embedded Studio for ARM 5.60/lib/libc_v7em_fpv4_sp_d16_hard_t_le_eabi.a(libc_asm.o)
                              Output/Release/Obj/twi_master_with_twis_slave_pca10040/bsp.o (__aeabi_uldivmod)
D:/Program Files/SEGGER/SEGGER Embedded Studio for ARM 5.60/lib/libc_v7em_fpv4_sp_d16_hard_t_le_eabi.a(libc2.o)
                              Output/Release/Obj/twi_master_with_twis_slave_pca10040/fnmatch.o (isupper)
D:/Program Files/SEGGER/SEGGER Embedded Studio for ARM 5.60/lib/libc_v7em_fpv4_sp_d16_hard_t_le_eabi.a(libc2_asm.o)
                              Output/Release/Obj/twi_master_with_twis_slave_pca10040/nrf_log_frontend.o (memcpy)
D:/Program Files/SEGGER/SEGGER Embedded Studio for ARM 5.60/lib/libc_v7em_fpv4_sp_d16_hard_t_le_eabi.a(libvfprintf.o)
                              (__vfprintf_long)
D:/Program Files/SEGGER/SEGGER Embedded Studio for ARM 5.60/lib/libc_v7em_fpv4_sp_d16_hard_t_le_eabi.a(libvfscanf.o)
                              (__vfscanf_long)
D:/Program Files/SEGGER/SEGGER Embedded Studio for ARM 5.60/lib/libc_v7em_fpv4_sp_d16_hard_t_le_eabi.a(libc.o)
                              D:/Program Files/SEGGER/SEGGER Embedded Studio for ARM 5.60/lib/libc_v7em_fpv4_sp_d16_hard_t_le_eabi.a(libc2.o) (__heap_lock)
D:/Program Files/SEGGER/SEGGER Embedded Studio for ARM 5.60/lib/libdebugio_v7em_fpv4_sp_d16_hard_t_le_eabi.a(libdebugio.o)
                              Output/Release/Obj/twi_master_with_twis_slave_pca10040/thumb_crt0.o (debug_fopen)
D:/Program Files/SEGGER/SEGGER Embedded Studio for ARM 5.60/lib/libdebugio_v7em_fpv4_sp_d16_hard_t_le_eabi.a(do_nv_debug_operation.o)
                              D:/Program Files/SEGGER/SEGGER Embedded Studio for ARM 5.60/lib/libdebugio_v7em_fpv4_sp_d16_hard_t_le_eabi.a(libdebugio.o) (__do_nvdebug_operation)
D:/Program Files/SEGGER/SEGGER Embedded Studio for ARM 5.60/lib/libdebugio_v7em_fpv4_sp_d16_hard_t_le_eabi.a(mempoll_debug_operations.o)
                              (__do_debug_operation_mempoll)
D:/Program Files/SEGGER/SEGGER Embedded Studio for ARM 5.60/lib/libm_v7em_fpv4_sp_d16_hard_t_le_eabi.a(libm_asm.o)
                              D:/Program Files/SEGGER/SEGGER Embedded Studio for ARM 5.60/lib/libc_v7em_fpv4_sp_d16_hard_t_le_eabi.a(libc2.o) (__aeabi_dadd)
D:/Program Files/SEGGER/SEGGER Embedded Studio for ARM 5.60/lib/libm_v7em_fpv4_sp_d16_hard_t_le_eabi.a(libm2.o)
                              D:/Program Files/SEGGER/SEGGER Embedded Studio for ARM 5.60/lib/libc_v7em_fpv4_sp_d16_hard_t_le_eabi.a(libvfprintf.o) (frexp)

Discarded input sections

 .text          0x0000000000000000        0x0 Output/Release/Obj/twi_master_with_twis_slave_pca10040/thumb_crt0.o
 .data          0x0000000000000000        0x0 Output/Release/Obj/twi_master_with_twis_slave_pca10040/thumb_crt0.o
 .bss           0x0000000000000000        0x0 Output/Release/Obj/twi_master_with_twis_slave_pca10040/thumb_crt0.o
 .text.__aeabi_read_tp
                0x0000000000000000        0x8 Output/Release/Obj/twi_master_with_twis_slave_pca10040/thumb_crt0.o
 .text.abort    0x0000000000000000        0x2 Output/Release/Obj/twi_master_with_twis_slave_pca10040/thumb_crt0.o
 .text.__assert
                0x0000000000000000        0x2 Output/Release/Obj/twi_master_with_twis_slave_pca10040/thumb_crt0.o
 .text.__assert_func
                0x0000000000000000        0x2 Output/Release/Obj/twi_master_with_twis_slave_pca10040/thumb_crt0.o
 .text.__aeabi_assert
                0x0000000000000000        0x2 Output/Release/Obj/twi_master_with_twis_slave_pca10040/thumb_crt0.o
 .text.__sync_synchronize
                0x0000000000000000        0x2 Output/Release/Obj/twi_master_with_twis_slave_pca10040/thumb_crt0.o
 .text.__getchar
                0x0000000000000000        0x4 Output/Release/Obj/twi_master_with_twis_slave_pca10040/thumb_crt0.o
 .text.__putchar
                0x0000000000000000        0x4 Output/Release/Obj/twi_master_with_twis_slave_pca10040/thumb_crt0.o
 .text.__open   0x0000000000000000        0x4 Output/Release/Obj/twi_master_with_twis_slave_pca10040/thumb_crt0.o
 .text.__close  0x0000000000000000        0x4 Output/Release/Obj/twi_master_with_twis_slave_pca10040/thumb_crt0.o
 .text.__write  0x0000000000000000        0xa Output/Release/Obj/twi_master_with_twis_slave_pca10040/thumb_crt0.o
 .text.__read   0x0000000000000000        0xa Output/Release/Obj/twi_master_with_twis_slave_pca10040/thumb_crt0.o
 .text.__seek   0x0000000000000000       0x1a Output/Release/Obj/twi_master_with_twis_slave_pca10040/thumb_crt0.o
 .text.remove   0x0000000000000000        0x4 Output/Release/Obj/twi_master_with_twis_slave_pca10040/thumb_crt0.o
 .text.rename   0x0000000000000000        0x4 Output/Release/Obj/twi_master_with_twis_slave_pca10040/thumb_crt0.o
 .bss.__user_locale_name_buffer
                0x0000000000000000        0x4 Output/Release/Obj/twi_master_with_twis_slave_pca10040/thumb_crt0.o
[...]
Memory Configuration

Name             Origin             Length             Attributes
UNPLACED_SECTIONS 0x0000000100000000 0x0000000000000000 xw
RAM              0x0000000020000000 0x0000000000010000 xw
FLASH            0x0000000000000000 0x0000000000080000 xw
*default*        0x0000000000000000 0xffffffffffffffff

Linker script and memory map

                0x0000000000000000                __do_debug_operation = __do_debug_operation_mempoll
                0x0000000000000000                __vfprintf = __vfprintf_long
                0x0000000000000000                __vfscanf = __vfscanf_long
                0x0000000020000000                __RAM_segment_start__ = 0x20000000
                0x0000000020010000                __RAM_segment_end__ = 0x20010000
                0x0000000000010000                __RAM_segment_size__ = 0x10000
                0x0000000000000000                __FLASH_segment_start__ = 0x0
                0x0000000000080000                __FLASH_segment_end__ = 0x80000
                0x0000000000080000                __FLASH_segment_size__ = 0x80000
                0x0000000000002000                __HEAPSIZE__ = 0x2000
                0x0000000000000000                __STACKSIZE_PROCESS__ = 0x0
                0x0000000000002000                __STACKSIZE__ = 0x2000
                0x0000000020000000                __vectors_ram_load_start__ = 0x20000000

.vectors_ram    0x0000000020000000        0x0
                0x0000000020000000                __vectors_ram_start__ = .
                0x0000000020000000                __app_ram_start__ = __vectors_ram_start__
 *(.vectors_ram .vectors_ram.*)
                0x0000000020000000                __vectors_ram_end__ = (__vectors_ram_start__ + SIZEOF (.vectors_ram))
                0x0000000000000000                __vectors_ram_size__ = SIZEOF (.vectors_ram)
                0x0000000020000000                __vectors_ram_load_end__ = __vectors_ram_end__
                0x0000000000000001                . = ASSERT (((__vectors_ram_start__ == __vectors_ram_end__) || ((__vectors_ram_end__ - __RAM_segment_start__) <= __RAM_segment_size__)), error: .vectors_ram is too large to fit in RAM memory segment)
                0x0000000020000000                __nrf_sections_run_load_start__ = ALIGN (__vectors_ram_end__, 0x4)

.nrf_sections_run
                0x0000000020000000        0x0
                0x0000000020000000                __nrf_sections_run_start__ = .
                0x0000000020000000                __start_nrf_sections_run = __nrf_sections_run_start__
 *(.nrf_sections_run .nrf_sections_run.*)
                0x0000000020000000                __nrf_sections_run_end__ = (__nrf_sections_run_start__ + SIZEOF (.nrf_sections_run))
                0x0000000000000000                __nrf_sections_run_size__ = SIZEOF (.nrf_sections_run)
                0x0000000020000000                __nrf_sections_run_load_end__ = __nrf_sections_run_end__
                0x0000000000000001                . = ASSERT (((__nrf_sections_run_start__ == __nrf_sections_run_end__) || ((__nrf_sections_run_end__ - __RAM_segment_start__) <= __RAM_segment_size__)), error: .nrf_sections_run is too large to fit in RAM memory segment)
                0x0000000000000000                __vectors_load_start__ = 0x0

.vectors        0x0000000000000000      0x200
                0x0000000000000000                __vectors_start__ = .
 *(.vectors .vectors.*)
 .vectors       0x0000000000000000      0x200 Output/Release/Obj/twi_master_with_twis_slave_pca10040/ses_startup_nrf52.o
                0x0000000000000000                _vectors
                0x0000000000000200                __vectors_end__ = (__vectors_start__ + SIZEOF (.vectors))
                0x0000000000000200                __vectors_size__ = SIZEOF (.vectors)
                0x0000000000000200                __vectors_load_end__ = __vectors_end__
                0x0000000000000001                . = ASSERT (((__vectors_start__ == __vectors_end__) || ((__vectors_end__ - __FLASH_segment_start__) <= __FLASH_segment_size__)), error: .vectors is too large to fit in FLASH memory segment)
                0x0000000000000200                __init_load_start__ = ALIGN (__vectors_end__, 0x4)

.init           0x0000000000000200      0x1d4
                0x0000000000000200                __init_start__ = .
 *(.init .init.*)
 .init          0x0000000000000200      0x15c Output/Release/Obj/twi_master_with_twis_slave_pca10040/thumb_crt0.o
                0x0000000000000200                _start
                0x00000000000002b4                exit
 .init          0x000000000000035c       0x18 Output/Release/Obj/twi_master_with_twis_slave_pca10040/ses_startup_nrf52.o
                0x000000000000035c                NMI_Handler
                0x000000000000035e                HardFault_Handler
                0x0000000000000360                MemoryManagement_Handler
                0x0000000000000362                BusFault_Handler
                0x0000000000000364                UsageFault_Handler
                0x0000000000000366                SVC_Handler
                0x0000000000000368                DebugMon_Handler
                0x000000000000036a                PendSV_Handler
                0x000000000000036c                SysTick_Handler
                0x000000000000036e                RADIO_IRQHandler
                0x000000000000036e                PWM1_IRQHandler
                0x000000000000036e                TEMP_IRQHandler
                0x000000000000036e                QDEC_IRQHandler
                0x000000000000036e                RTC0_IRQHandler
                0x000000000000036e                FPU_IRQHandler
                0x000000000000036e                PDM_IRQHandler
                0x000000000000036e                SWI2_EGU2_IRQHandler
                0x000000000000036e                TIMER4_IRQHandler
                0x000000000000036e                I2S_IRQHandler
                0x000000000000036e                SWI4_EGU4_IRQHandler
                0x000000000000036e                TIMER0_IRQHandler
                0x000000000000036e                Dummy_Handler
                0x000000000000036e                TIMER1_IRQHandler
                0x000000000000036e                PWM2_IRQHandler
                0x000000000000036e                ECB_IRQHandler
                0x000000000000036e                SAADC_IRQHandler
                0x000000000000036e                CCM_AAR_IRQHandler
                0x000000000000036e                WDT_IRQHandler
                0x000000000000036e                TIMER3_IRQHandler
                0x000000000000036e                SWI5_EGU5_IRQHandler
                0x000000000000036e                RNG_IRQHandler
                0x000000000000036e                RTC2_IRQHandler
                0x000000000000036e                PWM0_IRQHandler
                0x000000000000036e                SWI3_EGU3_IRQHandler
                0x000000000000036e                SWI1_EGU1_IRQHandler
                0x000000000000036e                SPIM2_SPIS2_SPI2_IRQHandler
                0x000000000000036e                NFCT_IRQHandler
                0x000000000000036e                TIMER2_IRQHandler
                0x000000000000036e                MWU_IRQHandler
                0x000000000000036e                COMP_LPCOMP_IRQHandler
                0x0000000000000370                nRFInitialize
 .init          0x0000000000000374       0x60 Output/Release/Obj/twi_master_with_twis_slave_pca10040/ses_startup_nrf_common.o
                0x0000000000000374                Reset_Handler
                0x000000000000039c                InitializeUserMemorySections
                0x00000000000003d4                __init_end__ = (__init_start__ + SIZEOF (.init))
                0x00000000000001d4                __init_size__ = SIZEOF (.init)
                0x00000000000003d4                __init_load_end__ = __init_end__
                0x0000000000000001                . = ASSERT (((__init_start__ == __init_end__) || ((__init_end__ - __FLASH_segment_start__) <= __FLASH_segment_size__)), error: .init is too large to fit in FLASH memory segment)
                0x00000000000003d4                __init_rodata_load_start__ = ALIGN (__init_end__, 0x4)

.init_rodata    0x00000000000003d4        0x0
                0x00000000000003d4                __init_rodata_start__ = .
 *(.init_rodata .init_rodata.*)
                0x00000000000003d4                __init_rodata_end__ = (__init_rodata_start__ + SIZEOF (.init_rodata))
                0x0000000000000000                __init_rodata_size__ = SIZEOF (.init_rodata)
                0x00000000000003d4                __init_rodata_load_end__ = __init_rodata_end__
                0x0000000000000001                . = ASSERT (((__init_rodata_start__ == __init_rodata_end__) || ((__init_rodata_end__ - __FLASH_segment_start__) <= __FLASH_segment_size__)), error: .init_rodata is too large to fit in FLASH memory segment)
                0x00000000000003d4                __text_load_start__ = ALIGN (__init_rodata_end__, 0x4)

.text           0x00000000000003d4     0x7712
                0x00000000000003d4                __text_start__ = .
 *(.text .text.* .glue_7t .glue_7 .gnu.linkonce.t.* .gcc_except_table .ARM.extab* .gnu.linkonce.armextab.*)
 .glue_7        0x00000000000003d4        0x0 linker stubs
 .glue_7t       0x00000000000003d4        0x0 linker stubs
 .text.nrf_log_backend_serial_put
                0x00000000000003d4       0xc2 Output/Release/Obj/twi_master_with_twis_slave_pca10040/nrf_log_backend_serial.o
                0x00000000000003d4                nrf_log_backend_serial_put
 *fill*         0x0000000000000496        0x2 
 .text.uart_evt_handler
                0x0000000000000498        0xc Output/Release/Obj/twi_master_with_twis_slave_pca10040/nrf_log_backend_uart.o
 .text.nrf_log_backend_uart_flush
                0x00000000000004a4        0x2 Output/Release/Obj/twi_master_with_twis_slave_pca10040/nrf_log_backend_uart.o
 *fill*         0x00000000000004a6        0x2 
 .text.uart_init
                0x00000000000004a8       0x4c Output/Release/Obj/twi_master_with_twis_slave_pca10040/nrf_log_backend_uart.o
 .text.nrf_log_backend_uart_put
                0x00000000000004f4       0x1c Output/Release/Obj/twi_master_with_twis_slave_pca10040/nrf_log_backend_uart.o
 .text.serial_tx
                0x0000000000000510       0x48 Output/Release/Obj/twi_master_with_twis_slave_pca10040/nrf_log_backend_uart.o
 .text.nrf_log_backend_uart_panic_set
                0x0000000000000558       0x2c Output/Release/Obj/twi_master_with_twis_slave_pca10040/nrf_log_backend_uart.o
 .text.severity_lvl_get
                0x0000000000000584       0x24 Output/Release/Obj/twi_master_with_twis_slave_pca10040/nrf_log_frontend.o
 .text.log_halt
                0x00000000000005a8        0x8 Output/Release/Obj/twi_master_with_twis_slave_pca10040/nrf_log_frontend.o
 .text.log_self_halt
                0x00000000000005b0        0xa Output/Release/Obj/twi_master_with_twis_slave_pca10040/nrf_log_frontend.o
 .text.log_go   0x00000000000005ba        0x8 Output/Release/Obj/twi_master_with_twis_slave_pca10040/nrf_log_frontend.o
 .text.log_self_go
                0x00000000000005c2        0xa Output/Release/Obj/twi_master_with_twis_slave_pca10040/nrf_log_frontend.o
 .text.backend_name_get
                0x00000000000005cc       0x44 Output/Release/Obj/twi_master_with_twis_slave_pca10040/nrf_log_frontend.o
 .text.log_cmd_backends_list
                0x0000000000000610       0x8c Output/Release/Obj/twi_master_with_twis_slave_pca10040/nrf_log_frontend.o
 .text.nrf_cli_backend_cmd_execute
                0x000000000000069c       0x68 Output/Release/Obj/twi_master_with_twis_slave_pca10040/nrf_log_frontend.o
 .text.log_backend_status
                0x0000000000000704        0xc Output/Release/Obj/twi_master_with_twis_slave_pca10040/nrf_log_frontend.o
 .text.log_backend_halt
                0x0000000000000710        0xc Output/Release/Obj/twi_master_with_twis_slave_pca10040/nrf_log_frontend.o
 .text.log_backend_go
                0x000000000000071c        0xc Output/Release/Obj/twi_master_with_twis_slave_pca10040/nrf_log_frontend.o
 .text.log_backend_ctrl
                0x0000000000000728        0xc Output/Release/Obj/twi_master_with_twis_slave_pca10040/nrf_log_frontend.o
 .text.invalid_packets_omit
                0x0000000000000734       0x3a Output/Release/Obj/twi_master_with_twis_slave_pca10040/nrf_log_frontend.o
 *fill*         0x000000000000076e        0x2 
 .text.buf_prealloc
                0x0000000000000770      0x144 Output/Release/Obj/twi_master_with_twis_slave_pca10040/nrf_log_frontend.o
 .text.log_cmd  0x00000000000008b4       0x44 Output/Release/Obj/twi_master_with_twis_slave_pca10040/nrf_log_frontend.o
 .text.log_config_load_cmd
                0x00000000000008f8       0x20 Output/Release/Obj/twi_master_with_twis_slave_pca10040/nrf_log_frontend.o
 .text.log_config_store_cmd
                0x0000000000000918        0x4 Output/Release/Obj/twi_master_with_twis_slave_pca10040/nrf_log_frontend.o
 .text.module_idx_get
                0x000000000000091c       0x3c Output/Release/Obj/twi_master_with_twis_slave_pca10040/nrf_log_frontend.o
 .text.nrf_log_init
                0x0000000000000958       0xb4 Output/Release/Obj/twi_master_with_twis_slave_pca10040/nrf_log_frontend.o
                0x0000000000000958                nrf_log_init
 .text.nrf_log_module_name_get
                0x0000000000000a0c       0x24 Output/Release/Obj/twi_master_with_twis_slave_pca10040/nrf_log_frontend.o
                0x0000000000000a0c                nrf_log_module_name_get
 .text.module_name_get
                0x0000000000000a30       0x1c Output/Release/Obj/twi_master_with_twis_slave_pca10040/nrf_log_frontend.o
 .text.nrf_log_color_id_get
                0x0000000000000a4c       0x2c Output/Release/Obj/twi_master_with_twis_slave_pca10040/nrf_log_frontend.o
                0x0000000000000a4c                nrf_log_color_id_get
 .text.nrf_log_module_filter_set
                0x0000000000000a78       0x54 Output/Release/Obj/twi_master_with_twis_slave_pca10040/nrf_log_frontend.o
                0x0000000000000a78                nrf_log_module_filter_set
 .text.nrf_log_module_filter_get
                0x0000000000000acc       0x50 Output/Release/Obj/twi_master_with_twis_slave_pca10040/nrf_log_frontend.o
                0x0000000000000acc                nrf_log_module_filter_get
 .text.log_status
                0x0000000000000b1c       0xd0 Output/Release/Obj/twi_master_with_twis_slave_pca10040/nrf_log_frontend.o
 .text.log_self_status
                0x0000000000000bec        0xa Output/Release/Obj/twi_master_with_twis_slave_pca10040/nrf_log_frontend.o
 *fill*         0x0000000000000bf6        0x2 
 .text.log_ctrl
                0x0000000000000bf8      0x198 Output/Release/Obj/twi_master_with_twis_slave_pca10040/nrf_log_frontend.o
 .text.log_self_ctrl
                0x0000000000000d90        0xa Output/Release/Obj/twi_master_with_twis_slave_pca10040/nrf_log_frontend.o
 *fill*         0x0000000000000d9a        0x2 
 .text.buffer_is_empty
                0x0000000000000d9c       0x14 Output/Release/Obj/twi_master_with_twis_slave_pca10040/nrf_log_frontend.o
                0x0000000000000d9c                buffer_is_empty
 .text.nrf_log_frontend_dequeue
                0x0000000000000db0      0x274 Output/Release/Obj/twi_master_with_twis_slave_pca10040/nrf_log_frontend.o
                0x0000000000000db0                nrf_log_frontend_dequeue
 .text.std_n    0x0000000000001024       0xb8 Output/Release/Obj/twi_master_with_twis_slave_pca10040/nrf_log_frontend.o
 .text.nrf_log_frontend_std_0
                0x00000000000010dc        0x8 Output/Release/Obj/twi_master_with_twis_slave_pca10040/nrf_log_frontend.o
                0x00000000000010dc                nrf_log_frontend_std_0
 .text.nrf_log_backend_add
                0x00000000000010e4       0x80 Output/Release/Obj/twi_master_with_twis_slave_pca10040/nrf_log_frontend.o
                0x00000000000010e4                nrf_log_backend_add
 .text.nrf_log_panic
                0x0000000000001164       0x28 Output/Release/Obj/twi_master_with_twis_slave_pca10040/nrf_log_frontend.o
                0x0000000000001164                nrf_log_panic
 .text.prefix_process
                0x000000000000118c       0x7c Output/Release/Obj/twi_master_with_twis_slave_pca10040/nrf_log_str_formatter.o
 .text.postfix_process
                0x0000000000001208       0x44 Output/Release/Obj/twi_master_with_twis_slave_pca10040/nrf_log_str_formatter.o
 .text.nrf_log_std_entry_process
                0x000000000000124c       0xc8 Output/Release/Obj/twi_master_with_twis_slave_pca10040/nrf_log_str_formatter.o
                0x000000000000124c                nrf_log_std_entry_process
 .text.nrf_log_hexdump_entry_process
                0x0000000000001314       0xc0 Output/Release/Obj/twi_master_with_twis_slave_pca10040/nrf_log_str_formatter.o
                0x0000000000001314                nrf_log_hexdump_entry_process
 .text.nrf_gpio_pin_port_decode.isra.0
                0x00000000000013d4       0x1c Output/Release/Obj/twi_master_with_twis_slave_pca10040/boards.o
 .text.bsp_board_led_off
                0x00000000000013f0       0x2c Output/Release/Obj/twi_master_with_twis_slave_pca10040/boards.o
                0x00000000000013f0                bsp_board_led_off
 .text.bsp_board_leds_off
                0x000000000000141c       0x1e Output/Release/Obj/twi_master_with_twis_slave_pca10040/boards.o
                0x000000000000141c                bsp_board_leds_off
 .text.bsp_board_init
                0x000000000000143a       0x66 Output/Release/Obj/twi_master_with_twis_slave_pca10040/boards.o
                0x000000000000143a                bsp_board_init
 .text.app_error_handler_bare
                0x00000000000014a0       0x1a Output/Release/Obj/twi_master_with_twis_slave_pca10040/app_error.o
                0x00000000000014a0                app_error_handler_bare
 *fill*         0x00000000000014ba        0x2 
 .text.app_error_fault_handler
                0x00000000000014bc       0x88 Output/Release/Obj/twi_master_with_twis_slave_pca10040/app_error_weak.o
                0x00000000000014bc                app_error_fault_handler
 .text.user_op_alloc
                0x0000000000001544       0x2c Output/Release/Obj/twi_master_with_twis_slave_pca10040/app_timer.o
 .text.timer_stop_op_schedule
                0x0000000000001570       0x48 Output/Release/Obj/twi_master_with_twis_slave_pca10040/app_timer.o
 .text.nrfx_coredep_delay_us.part.0.constprop.0
                0x00000000000015b8       0x10 Output/Release/Obj/twi_master_with_twis_slave_pca10040/app_timer.o
 .text.rtc1_stop
                0x00000000000015c8       0x44 Output/Release/Obj/twi_master_with_twis_slave_pca10040/app_timer.o
 .text.RTC1_IRQHandler
                0x000000000000160c       0x9c Output/Release/Obj/twi_master_with_twis_slave_pca10040/app_timer.o
                0x000000000000160c                RTC1_IRQHandler
 .text.SWI0_EGU0_IRQHandler
                0x00000000000016a8      0x2b8 Output/Release/Obj/twi_master_with_twis_slave_pca10040/app_timer.o
                0x00000000000016a8                SWI0_EGU0_IRQHandler
 .text.app_timer_init
                0x0000000000001960       0x60 Output/Release/Obj/twi_master_with_twis_slave_pca10040/app_timer.o
                0x0000000000001960                app_timer_init
 .text.app_timer_create
                0x00000000000019c0       0x24 Output/Release/Obj/twi_master_with_twis_slave_pca10040/app_timer.o
                0x00000000000019c0                app_timer_create
 .text.app_timer_start
                0x00000000000019e4       0x84 Output/Release/Obj/twi_master_with_twis_slave_pca10040/app_timer.o
                0x00000000000019e4                app_timer_start
 .text.app_timer_stop
                0x0000000000001a68       0x20 Output/Release/Obj/twi_master_with_twis_slave_pca10040/app_timer.o
                0x0000000000001a68                app_timer_stop
 .text.app_util_disable_irq
                0x0000000000001a88       0x10 Output/Release/Obj/twi_master_with_twis_slave_pca10040/app_util_platform.o
                0x0000000000001a88                app_util_disable_irq
 .text.app_util_enable_irq
                0x0000000000001a98       0x14 Output/Release/Obj/twi_master_with_twis_slave_pca10040/app_util_platform.o
                0x0000000000001a98                app_util_enable_irq
 .text.privilege_level_get
                0x0000000000001aac       0x1a Output/Release/Obj/twi_master_with_twis_slave_pca10040/app_util_platform.o
                0x0000000000001aac                privilege_level_get
 *fill*         0x0000000000001ac6        0x2 
 .text.app_util_critical_region_enter
                0x0000000000001ac8       0x20 Output/Release/Obj/twi_master_with_twis_slave_pca10040/app_util_platform.o
                0x0000000000001ac8                app_util_critical_region_enter
 .text.app_util_critical_region_exit
                0x0000000000001ae8       0x20 Output/Release/Obj/twi_master_with_twis_slave_pca10040/app_util_platform.o
                0x0000000000001ae8                app_util_critical_region_exit
 .text.assert_nrf_callback
                0x0000000000001b08       0x1a Output/Release/Obj/twi_master_with_twis_slave_pca10040/nrf_assert.o
                0x0000000000001b08                assert_nrf_callback
 .text.nrf_atomic_u32_fetch_store
                0x0000000000001b22       0x16 Output/Release/Obj/twi_master_with_twis_slave_pca10040/nrf_atomic.o
                0x0000000000001b22                nrf_atomic_u32_fetch_store
 .text.nrf_atomic_u32_fetch_or
                0x0000000000001b38       0x18 Output/Release/Obj/twi_master_with_twis_slave_pca10040/nrf_atomic.o
                0x0000000000001b38                nrf_atomic_u32_fetch_or
 .text.nrf_atomic_u32_or
                0x0000000000001b50       0x18 Output/Release/Obj/twi_master_with_twis_slave_pca10040/nrf_atomic.o
                0x0000000000001b50                nrf_atomic_u32_or
 .text.nrf_atomic_u32_fetch_and
                0x0000000000001b68       0x18 Output/Release/Obj/twi_master_with_twis_slave_pca10040/nrf_atomic.o
                0x0000000000001b68                nrf_atomic_u32_fetch_and
 .text.nrf_atomic_u32_and
                0x0000000000001b80       0x18 Output/Release/Obj/twi_master_with_twis_slave_pca10040/nrf_atomic.o
                0x0000000000001b80                nrf_atomic_u32_and
 .text.nrf_atomic_u32_add
                0x0000000000001b98       0x18 Output/Release/Obj/twi_master_with_twis_slave_pca10040/nrf_atomic.o
                0x0000000000001b98                nrf_atomic_u32_add
 .text.nrf_atomic_u32_sub
                0x0000000000001bb0       0x18 Output/Release/Obj/twi_master_with_twis_slave_pca10040/nrf_atomic.o
                0x0000000000001bb0                nrf_atomic_u32_sub
 .text.nrf_atomic_flag_set_fetch
                0x0000000000001bc8        0x6 Output/Release/Obj/twi_master_with_twis_slave_pca10040/nrf_atomic.o
                0x0000000000001bc8                nrf_atomic_flag_set_fetch
 .text.nrf_atomic_flag_set
                0x0000000000001bce        0x6 Output/Release/Obj/twi_master_with_twis_slave_pca10040/nrf_atomic.o
                0x0000000000001bce                nrf_atomic_flag_set
 .text.nrf_atomic_flag_clear_fetch
                0x0000000000001bd4        0x6 Output/Release/Obj/twi_master_with_twis_slave_pca10040/nrf_atomic.o
                0x0000000000001bd4                nrf_atomic_flag_clear_fetch
 .text.nrf_atomic_flag_clear
                0x0000000000001bda        0x6 Output/Release/Obj/twi_master_with_twis_slave_pca10040/nrf_atomic.o
                0x0000000000001bda                nrf_atomic_flag_clear
 .text.nrf_balloc_status
                0x0000000000001be0       0xb4 Output/Release/Obj/twi_master_with_twis_slave_pca10040/nrf_balloc.o
 .text.nrf_balloc_init
                0x0000000000001c94       0x7c Output/Release/Obj/twi_master_with_twis_slave_pca10040/nrf_balloc.o
                0x0000000000001c94                nrf_balloc_init
 .text.nrf_balloc_alloc
                0x0000000000001d10       0x50 Output/Release/Obj/twi_master_with_twis_slave_pca10040/nrf_balloc.o
                0x0000000000001d10                nrf_balloc_alloc
 .text.nrf_balloc_free
                0x0000000000001d60       0x48 Output/Release/Obj/twi_master_with_twis_slave_pca10040/nrf_balloc.o
                0x0000000000001d60                nrf_balloc_free
 .text.nrf_log_backend_cli_panic_set
                0x0000000000001da8       0x1e Output/Release/Obj/twi_master_with_twis_slave_pca10040/nrf_cli.o
 *fill*         0x0000000000001dc6        0x2 
 .text.cli_transport_evt_handler
                0x0000000000001dc8       0x28 Output/Release/Obj/twi_master_with_twis_slave_pca10040/nrf_cli.o
 .text.string_cmp
                0x0000000000001df0       0x30 Output/Release/Obj/twi_master_with_twis_slave_pca10040/nrf_cli.o
 .text.cmd_get  0x0000000000001e20       0x80 Output/Release/Obj/twi_master_with_twis_slave_pca10040/nrf_cli.o
 .text.history_list_element_oldest_remove
                0x0000000000001ea0       0x6c Output/Release/Obj/twi_master_with_twis_slave_pca10040/nrf_cli.o
 .text.cli_cursor_save
                0x0000000000001f0c       0x38 Output/Release/Obj/twi_master_with_twis_slave_pca10040/nrf_cli.o
 .text.cli_clear_eos
                0x0000000000001f44       0x38 Output/Release/Obj/twi_master_with_twis_slave_pca10040/nrf_cli.o
 .text.cli_cursor_restore
                0x0000000000001f7c       0x38 Output/Release/Obj/twi_master_with_twis_slave_pca10040/nrf_cli.o
 .text.cli_strlen
                0x0000000000001fb4        0x8 Output/Release/Obj/twi_master_with_twis_slave_pca10040/nrf_cli.o
 .text.cursor_in_empty_line
                0x0000000000001fbc       0x20 Output/Release/Obj/twi_master_with_twis_slave_pca10040/nrf_cli.o
 .text.multiline_console_data_check
                0x0000000000001fdc       0x40 Output/Release/Obj/twi_master_with_twis_slave_pca10040/nrf_cli.o
 .text.full_line_cmd
                0x000000000000201c       0x20 Output/Release/Obj/twi_master_with_twis_slave_pca10040/nrf_cli.o
 .text.vt100_color_set.part.0
                0x000000000000203c       0x54 Output/Release/Obj/twi_master_with_twis_slave_pca10040/nrf_cli.o
 .text.vt100_color_set
                0x0000000000002090       0x20 Output/Release/Obj/twi_master_with_twis_slave_pca10040/nrf_cli.o
 .text.vt100_bgcolor_set.part.0
                0x00000000000020b0       0x48 Output/Release/Obj/twi_master_with_twis_slave_pca10040/nrf_cli.o
 .text.make_argv.constprop.0
                0x00000000000020f8      0x17c Output/Release/Obj/twi_master_with_twis_slave_pca10040/nrf_cli.o
 .text.cli_read.constprop.0
                0x0000000000002274       0x3c Output/Release/Obj/twi_master_with_twis_slave_pca10040/nrf_cli.o
 .text.cli_write.constprop.0
                0x00000000000022b0       0x88 Output/Release/Obj/twi_master_with_twis_slave_pca10040/nrf_cli.o
 .text.cursor_right_move.part.0.isra.0
                0x0000000000002338        0xc Output/Release/Obj/twi_master_with_twis_slave_pca10040/nrf_cli.o
 .text.cursor_right_move
                0x0000000000002344        0xa Output/Release/Obj/twi_master_with_twis_slave_pca10040/nrf_cli.o
 *fill*         0x000000000000234e        0x2 
 .text.cursor_next_line_move.isra.0
                0x0000000000002350        0xc Output/Release/Obj/twi_master_with_twis_slave_pca10040/nrf_cli.o
 .text.cursor_up_move
                0x000000000000235c       0x14 Output/Release/Obj/twi_master_with_twis_slave_pca10040/nrf_cli.o
 .text.cursor_left_move
                0x0000000000002370       0x14 Output/Release/Obj/twi_master_with_twis_slave_pca10040/nrf_cli.o
 .text.cursor_home_position_move
                0x0000000000002384       0x52 Output/Release/Obj/twi_master_with_twis_slave_pca10040/nrf_cli.o
 .text.cursor_position_synchronize
                0x00000000000023d6       0x5e Output/Release/Obj/twi_master_with_twis_slave_pca10040/nrf_cli.o
 .text.format_offset_string_print.part.0
                0x0000000000002434       0xe4 Output/Release/Obj/twi_master_with_twis_slave_pca10040/nrf_cli.o
 .text.cursor_position_get
                0x0000000000002518      0x110 Output/Release/Obj/twi_master_with_twis_slave_pca10040/nrf_cli.o
 .text.cursor_end_position_move
                0x0000000000002628       0x54 Output/Release/Obj/twi_master_with_twis_slave_pca10040/nrf_cli.o
 .text.nrf_cli_init
                0x000000000000267c      0x130 Output/Release/Obj/twi_master_with_twis_slave_pca10040/nrf_cli.o
                0x000000000000267c                nrf_cli_init
 .text.nrf_cli_print_stream
                0x00000000000027ac        0x4 Output/Release/Obj/twi_master_with_twis_slave_pca10040/nrf_cli.o
                0x00000000000027ac                nrf_cli_print_stream
 .text.nrf_cli_fprintf
                0x00000000000027b0       0x90 Output/Release/Obj/twi_master_with_twis_slave_pca10040/nrf_cli.o
                0x00000000000027b0                nrf_cli_fprintf
 .text.cli_state_set.part.0
                0x0000000000002840       0x18 Output/Release/Obj/twi_master_with_twis_slave_pca10040/nrf_cli.o
 .text.nrf_cli_start
                0x0000000000002858       0x70 Output/Release/Obj/twi_master_with_twis_slave_pca10040/nrf_cli.o
                0x0000000000002858                nrf_cli_start
 .text.completion_insert
                0x00000000000028c8       0x9c Output/Release/Obj/twi_master_with_twis_slave_pca10040/nrf_cli.o
 .text.char_insert
                0x0000000000002964      0x144 Output/Release/Obj/twi_master_with_twis_slave_pca10040/nrf_cli.o
 .text.history_handle
                0x0000000000002aa8      0x134 Output/Release/Obj/twi_master_with_twis_slave_pca10040/nrf_cli.o
 .text.char_delete
                0x0000000000002bdc       0xa8 Output/Release/Obj/twi_master_with_twis_slave_pca10040/nrf_cli.o
 .text.cli_log_entry_process
                0x0000000000002c84      0x13c Output/Release/Obj/twi_master_with_twis_slave_pca10040/nrf_cli.o
 .text.nrf_log_backend_cli_flush
                0x0000000000002dc0       0x1e Output/Release/Obj/twi_master_with_twis_slave_pca10040/nrf_cli.o
 .text.nrf_log_backend_cli_put
                0x0000000000002dde       0x40 Output/Release/Obj/twi_master_with_twis_slave_pca10040/nrf_cli.o
 *fill*         0x0000000000002e1e        0x2 
 .text.nrf_cli_process
                0x0000000000002e20      0xad4 Output/Release/Obj/twi_master_with_twis_slave_pca10040/nrf_cli.o
                0x0000000000002e20                nrf_cli_process
 .text.nrf_cli_help_print
                0x00000000000038f4      0x20c Output/Release/Obj/twi_master_with_twis_slave_pca10040/nrf_cli.o
                0x00000000000038f4                nrf_cli_help_print
 .text.nrf_cli_cmd_clear
                0x0000000000003b00       0x88 Output/Release/Obj/twi_master_with_twis_slave_pca10040/nrf_cli.o
 .text.nrf_cli_cmd_cli
                0x0000000000003b88       0x60 Output/Release/Obj/twi_master_with_twis_slave_pca10040/nrf_cli.o
 .text.nrf_cli_build_in_cmd_common_executed.constprop.0
                0x0000000000003be8       0x34 Output/Release/Obj/twi_master_with_twis_slave_pca10040/nrf_cli.o
 .text.nrf_cli_cmd_colors
                0x0000000000003c1c       0x70 Output/Release/Obj/twi_master_with_twis_slave_pca10040/nrf_cli.o
 .text.nrf_cli_cmd_cli_stats
                0x0000000000003c8c       0x48 Output/Release/Obj/twi_master_with_twis_slave_pca10040/nrf_cli.o
                0x0000000000003c8c                nrf_cli_cmd_cli_stats
 .text.nrf_cli_cmd_resize_default
                0x0000000000003cd4       0x4c Output/Release/Obj/twi_master_with_twis_slave_pca10040/nrf_cli.o
 .text.nrf_cli_cmd_resize
                0x0000000000003d20       0xd4 Output/Release/Obj/twi_master_with_twis_slave_pca10040/nrf_cli.o
 .text.nrf_cli_cmd_history
                0x0000000000003df4       0x9c Output/Release/Obj/twi_master_with_twis_slave_pca10040/nrf_cli.o
 .text.nrf_cli_cmd_colors_off
                0x0000000000003e90       0x20 Output/Release/Obj/twi_master_with_twis_slave_pca10040/nrf_cli.o
 .text.nrf_cli_cmd_colors_on
                0x0000000000003eb0       0x20 Output/Release/Obj/twi_master_with_twis_slave_pca10040/nrf_cli.o
 .text.nrf_cli_cmd_echo_off
                0x0000000000003ed0       0x20 Output/Release/Obj/twi_master_with_twis_slave_pca10040/nrf_cli.o
 .text.nrf_cli_cmd_echo_on
                0x0000000000003ef0       0x20 Output/Release/Obj/twi_master_with_twis_slave_pca10040/nrf_cli.o
 .text.nrf_cli_cmd_echo
                0x0000000000003f10       0x68 Output/Release/Obj/twi_master_with_twis_slave_pca10040/nrf_cli.o
 .text.nrf_cli_cmd_cli_stats_reset
                0x0000000000003f78       0x26 Output/Release/Obj/twi_master_with_twis_slave_pca10040/nrf_cli.o
                0x0000000000003f78                nrf_cli_cmd_cli_stats_reset
 *fill*         0x0000000000003f9e        0x2 
 .text.nrf_cli_cmd_cli_stats_show
                0x0000000000003fa0       0x4c Output/Release/Obj/twi_master_with_twis_slave_pca10040/nrf_cli.o
                0x0000000000003fa0                nrf_cli_cmd_cli_stats_show
 .text.cli_uart_read
                0x0000000000003fec       0x28 Output/Release/Obj/twi_master_with_twis_slave_pca10040/nrf_cli_uart.o
 .text.nrf_drv_uart_tx
                0x0000000000004014       0x24 Output/Release/Obj/twi_master_with_twis_slave_pca10040/nrf_cli_uart.o
 .text.timer_handler
                0x0000000000004038       0x1c Output/Release/Obj/twi_master_with_twis_slave_pca10040/nrf_cli_uart.o
 .text.nrf_drv_uart_uninit
                0x0000000000004054       0x18 Output/Release/Obj/twi_master_with_twis_slave_pca10040/nrf_cli_uart.o
 .text.cli_uart_uninit
                0x000000000000406c       0x16 Output/Release/Obj/twi_master_with_twis_slave_pca10040/nrf_cli_uart.o
 *fill*         0x0000000000004082        0x2 
 .text.rx_try   0x0000000000004084       0x6c Output/Release/Obj/twi_master_with_twis_slave_pca10040/nrf_cli_uart.o
 .text.cli_uart_enable
                0x00000000000040f0       0x74 Output/Release/Obj/twi_master_with_twis_slave_pca10040/nrf_cli_uart.o
 .text.uart_event_handler
                0x0000000000004164       0xd4 Output/Release/Obj/twi_master_with_twis_slave_pca10040/nrf_cli_uart.o
 .text.cli_uart_write
                0x0000000000004238       0x80 Output/Release/Obj/twi_master_with_twis_slave_pca10040/nrf_cli_uart.o
 .text.cli_uart_init
                0x00000000000042b8       0x44 Output/Release/Obj/twi_master_with_twis_slave_pca10040/nrf_cli_uart.o
 .text.nrf_fprintf_buffer_flush
                0x00000000000042fc       0x24 Output/Release/Obj/twi_master_with_twis_slave_pca10040/nrf_fprintf.o
                0x00000000000042fc                nrf_fprintf_buffer_flush
 .text.nrf_fprintf
                0x0000000000004320       0x54 Output/Release/Obj/twi_master_with_twis_slave_pca10040/nrf_fprintf.o
                0x0000000000004320                nrf_fprintf
 .text.buffer_add
                0x0000000000004374       0x2e Output/Release/Obj/twi_master_with_twis_slave_pca10040/nrf_fprintf_format.o
 *fill*         0x00000000000043a2        0x2 
 .text.unsigned_print
                0x00000000000043a4       0xb4 Output/Release/Obj/twi_master_with_twis_slave_pca10040/nrf_fprintf_format.o
 .text.nrf_fprintf_fmt
                0x0000000000004458      0x2d0 Output/Release/Obj/twi_master_with_twis_slave_pca10040/nrf_fprintf_format.o
                0x0000000000004458                nrf_fprintf_fmt
 .text.memobj_op
                0x0000000000004728       0xa8 Output/Release/Obj/twi_master_with_twis_slave_pca10040/nrf_memobj.o
 .text.nrf_memobj_pool_init
                0x00000000000047d0        0x4 Output/Release/Obj/twi_master_with_twis_slave_pca10040/nrf_memobj.o
                0x00000000000047d0                nrf_memobj_pool_init
 .text.nrf_memobj_free
                0x00000000000047d4       0x2c Output/Release/Obj/twi_master_with_twis_slave_pca10040/nrf_memobj.o
                0x00000000000047d4                nrf_memobj_free
 .text.nrf_memobj_alloc
                0x0000000000004800       0x5e Output/Release/Obj/twi_master_with_twis_slave_pca10040/nrf_memobj.o
                0x0000000000004800                nrf_memobj_alloc
 .text.nrf_memobj_get
                0x000000000000485e        0x8 Output/Release/Obj/twi_master_with_twis_slave_pca10040/nrf_memobj.o
                0x000000000000485e                nrf_memobj_get
 .text.nrf_memobj_put
                0x0000000000004866       0x1c Output/Release/Obj/twi_master_with_twis_slave_pca10040/nrf_memobj.o
                0x0000000000004866                nrf_memobj_put
 *fill*         0x0000000000004882        0x2 
 .text.nrf_memobj_write
                0x0000000000004884       0x28 Output/Release/Obj/twi_master_with_twis_slave_pca10040/nrf_memobj.o
                0x0000000000004884                nrf_memobj_write
 .text.nrf_memobj_read
                0x00000000000048ac       0x28 Output/Release/Obj/twi_master_with_twis_slave_pca10040/nrf_memobj.o
                0x00000000000048ac                nrf_memobj_read
 .text.nrf_pwr_mgmt_feed
                0x00000000000048d4        0x2 Output/Release/Obj/twi_master_with_twis_slave_pca10040/nrf_pwr_mgmt.o
                0x00000000000048d4                nrf_pwr_mgmt_feed
 .text.queue_utilization_get
                0x00000000000048d6       0x18 Output/Release/Obj/twi_master_with_twis_slave_pca10040/nrf_queue.o
 *fill*         0x00000000000048ee        0x2 
 .text.nrf_queue_next_idx
                0x00000000000048f0       0x20 Output/Release/Obj/twi_master_with_twis_slave_pca10040/nrf_queue.o
 .text.nrf_queue_is_full
                0x0000000000004910       0x28 Output/Release/Obj/twi_master_with_twis_slave_pca10040/nrf_queue.o
                0x0000000000004910                nrf_queue_is_full
 .text.nrf_queue_push
                0x0000000000004938       0xc0 Output/Release/Obj/twi_master_with_twis_slave_pca10040/nrf_queue.o
                0x0000000000004938                nrf_queue_push
 .text.nrf_queue_utilization_get
                0x00000000000049f8       0x2c Output/Release/Obj/twi_master_with_twis_slave_pca10040/nrf_queue.o
                0x00000000000049f8                nrf_queue_utilization_get
 .text.nrf_queue_is_empty
                0x0000000000004a24       0x24 Output/Release/Obj/twi_master_with_twis_slave_pca10040/nrf_queue.o
                0x0000000000004a24                nrf_queue_is_empty
 .text.nrf_queue_generic_pop
                0x0000000000004a48       0x9c Output/Release/Obj/twi_master_with_twis_slave_pca10040/nrf_queue.o
                0x0000000000004a48                nrf_queue_generic_pop
 .text.nrf_queue_max_utilization_get
                0x0000000000004ae4       0x1c Output/Release/Obj/twi_master_with_twis_slave_pca10040/nrf_queue.o
                0x0000000000004ae4                nrf_queue_max_utilization_get
 .text.nrf_queue_status
                0x0000000000004b00       0xc4 Output/Release/Obj/twi_master_with_twis_slave_pca10040/nrf_queue.o
 .text.nrf_queue_max_utilization_reset
                0x0000000000004bc4       0x1c Output/Release/Obj/twi_master_with_twis_slave_pca10040/nrf_queue.o
                0x0000000000004bc4                nrf_queue_max_utilization_reset
 .text.nrf_ringbuf_init
                0x0000000000004be0       0x12 Output/Release/Obj/twi_master_with_twis_slave_pca10040/nrf_ringbuf.o
                0x0000000000004be0                nrf_ringbuf_init
 *fill*         0x0000000000004bf2        0x2 
 .text.nrf_ringbuf_alloc
                0x0000000000004bf4       0x88 Output/Release/Obj/twi_master_with_twis_slave_pca10040/nrf_ringbuf.o
                0x0000000000004bf4                nrf_ringbuf_alloc
 .text.nrf_ringbuf_put
                0x0000000000004c7c       0x2e Output/Release/Obj/twi_master_with_twis_slave_pca10040/nrf_ringbuf.o
                0x0000000000004c7c                nrf_ringbuf_put
 *fill*         0x0000000000004caa        0x2 
 .text.nrf_ringbuf_cpy_put
                0x0000000000004cac       0x9c Output/Release/Obj/twi_master_with_twis_slave_pca10040/nrf_ringbuf.o
                0x0000000000004cac                nrf_ringbuf_cpy_put
 .text.nrf_ringbuf_get
                0x0000000000004d48       0x8c Output/Release/Obj/twi_master_with_twis_slave_pca10040/nrf_ringbuf.o
                0x0000000000004d48                nrf_ringbuf_get
 .text.nrf_ringbuf_cpy_get
                0x0000000000004dd4       0x9c Output/Release/Obj/twi_master_with_twis_slave_pca10040/nrf_ringbuf.o
                0x0000000000004dd4                nrf_ringbuf_cpy_get
 .text.nrf_ringbuf_free
                0x0000000000004e70       0x22 Output/Release/Obj/twi_master_with_twis_slave_pca10040/nrf_ringbuf.o
                0x0000000000004e70                nrf_ringbuf_free
 *fill*         0x0000000000004e92        0x2 
 .text.clock_clk_started_notify
                0x0000000000004e94       0x24 Output/Release/Obj/twi_master_with_twis_slave_pca10040/nrf_drv_clock.o
 .text.clock_irq_handler
                0x0000000000004eb8       0x1c Output/Release/Obj/twi_master_with_twis_slave_pca10040/nrf_drv_clock.o
 .text.nrf_drv_clock_init
                0x0000000000004ed4       0x30 Output/Release/Obj/twi_master_with_twis_slave_pca10040/nrf_drv_clock.o
                0x0000000000004ed4                nrf_drv_clock_init
 .text.nrf_drv_clock_lfclk_request
                0x0000000000004f04       0x74 Output/Release/Obj/twi_master_with_twis_slave_pca10040/nrf_drv_clock.o
                0x0000000000004f04                nrf_drv_clock_lfclk_request
 .text.twi_evt_handler
                0x0000000000004f78       0x40 Output/Release/Obj/twi_master_with_twis_slave_pca10040/nrf_drv_twi.o
 .text.nrfx_coredep_delay_us.part.0.constprop.0
                0x0000000000004fb8       0x10 Output/Release/Obj/twi_master_with_twis_slave_pca10040/nrf_drv_twi.o
 .text.nrf_gpio_pin_set
                0x0000000000004fc8       0x28 Output/Release/Obj/twi_master_with_twis_slave_pca10040/nrf_drv_twi.o
 .text.nrf_gpio_pin_clear
                0x0000000000004ff0       0x28 Output/Release/Obj/twi_master_with_twis_slave_pca10040/nrf_drv_twi.o
 .text.nrf_drv_twi_init
                0x0000000000005018       0xe8 Output/Release/Obj/twi_master_with_twis_slave_pca10040/nrf_drv_twi.o
                0x0000000000005018                nrf_drv_twi_init
 .text.uarte_evt_handler
                0x0000000000005100       0x34 Output/Release/Obj/twi_master_with_twis_slave_pca10040/nrf_drv_uart.o
 .text.uart_evt_handler
                0x0000000000005134       0x34 Output/Release/Obj/twi_master_with_twis_slave_pca10040/nrf_drv_uart.o
 .text.nrf_drv_uart_init
                0x0000000000005168       0x7c Output/Release/Obj/twi_master_with_twis_slave_pca10040/nrf_drv_uart.o
                0x0000000000005168                nrf_drv_uart_init
 .text.nrfx_clock_init
                0x00000000000051e4       0x28 Output/Release/Obj/twi_master_with_twis_slave_pca10040/nrfx_clock.o
                0x00000000000051e4                nrfx_clock_init
 .text.nrfx_clock_enable
                0x000000000000520c       0x3c Output/Release/Obj/twi_master_with_twis_slave_pca10040/nrfx_clock.o
                0x000000000000520c                nrfx_clock_enable
 .text.nrfx_clock_lfclk_start
                0x0000000000005248       0x70 Output/Release/Obj/twi_master_with_twis_slave_pca10040/nrfx_clock.o
                0x0000000000005248                nrfx_clock_lfclk_start
 .text.POWER_CLOCK_IRQHandler
                0x00000000000052b8       0x64 Output/Release/Obj/twi_master_with_twis_slave_pca10040/nrfx_clock.o
                0x00000000000052b8                POWER_CLOCK_IRQHandler
 .text.nrf_gpiote_event_clear
                0x000000000000531c       0x18 Output/Release/Obj/twi_master_with_twis_slave_pca10040/nrfx_gpiote.o
 .text.nrf_bitmask_bit_set
                0x0000000000005334       0x14 Output/Release/Obj/twi_master_with_twis_slave_pca10040/nrfx_gpiote.o
 .text.nrf_gpio_pin_port_decode.isra.0
                0x0000000000005348       0x1c Output/Release/Obj/twi_master_with_twis_slave_pca10040/nrfx_gpiote.o
 .text.nrf_gpio_cfg_sense_set
                0x0000000000005364       0x28 Output/Release/Obj/twi_master_with_twis_slave_pca10040/nrfx_gpiote.o
 .text.GPIOTE_IRQHandler
                0x000000000000538c      0x17c Output/Release/Obj/twi_master_with_twis_slave_pca10040/nrfx_gpiote.o
                0x000000000000538c                GPIOTE_IRQHandler
 .text.UARTE0_UART0_IRQHandler
                0x0000000000005508       0x20 Output/Release/Obj/twi_master_with_twis_slave_pca10040/nrfx_prs.o
                0x0000000000005508                UARTE0_UART0_IRQHandler
 .text.nrfx_prs_acquire
                0x0000000000005528       0x44 Output/Release/Obj/twi_master_with_twis_slave_pca10040/nrfx_prs.o
                0x0000000000005528                nrfx_prs_acquire
 .text.nrfx_prs_release
                0x000000000000556c       0x28 Output/Release/Obj/twi_master_with_twis_slave_pca10040/nrfx_prs.o
                0x000000000000556c                nrfx_prs_release
 .text.nrf_twi_event_clear
                0x0000000000005594       0x10 Output/Release/Obj/twi_master_with_twis_slave_pca10040/nrfx_twi.o
 .text.twi_transfer
                0x00000000000055a4       0xe8 Output/Release/Obj/twi_master_with_twis_slave_pca10040/nrfx_twi.o
 .text.twi_tx_start_transfer
                0x000000000000568c      0x100 Output/Release/Obj/twi_master_with_twis_slave_pca10040/nrfx_twi.o
 .text.twi_rx_start_transfer
                0x000000000000578c       0xec Output/Release/Obj/twi_master_with_twis_slave_pca10040/nrfx_twi.o
 .text.SPIM0_SPIS0_TWIM0_TWIS0_SPI0_TWI0_IRQHandler
                0x0000000000005878       0xd4 Output/Release/Obj/twi_master_with_twis_slave_pca10040/nrfx_twi.o
                0x0000000000005878                SPIM0_SPIS0_TWIM0_TWIS0_SPI0_TWI0_IRQHandler
 .text.nrfx_twi_init
                0x000000000000594c      0x150 Output/Release/Obj/twi_master_with_twis_slave_pca10040/nrfx_twi.o
                0x000000000000594c                nrfx_twi_init
 .text.nrfx_twi_enable
                0x0000000000005a9c       0x3c Output/Release/Obj/twi_master_with_twis_slave_pca10040/nrfx_twi.o
                0x0000000000005a9c                nrfx_twi_enable
 .text.nrfx_twi_xfer
                0x0000000000005ad8      0x100 Output/Release/Obj/twi_master_with_twis_slave_pca10040/nrfx_twi.o
                0x0000000000005ad8                nrfx_twi_xfer
 .text.nrfx_twi_tx
                0x0000000000005bd8       0x36 Output/Release/Obj/twi_master_with_twis_slave_pca10040/nrfx_twi.o
                0x0000000000005bd8                nrfx_twi_tx
 .text.nrfx_twi_rx
                0x0000000000005c0e       0x32 Output/Release/Obj/twi_master_with_twis_slave_pca10040/nrfx_twi.o
                0x0000000000005c0e                nrfx_twi_rx
 .text.nrf_twis_event_clear
                0x0000000000005c40       0x10 Output/Release/Obj/twi_master_with_twis_slave_pca10040/nrfx_twis.o
 .text.nrfx_twis_event_bit_get
                0x0000000000005c50       0x20 Output/Release/Obj/twi_master_with_twis_slave_pca10040/nrfx_twis.o
 .text.call_event_handler
                0x0000000000005c70        0xa Output/Release/Obj/twi_master_with_twis_slave_pca10040/nrfx_twis.o
 .text.nrfx_twis_process_error
                0x0000000000005c7a       0x22 Output/Release/Obj/twi_master_with_twis_slave_pca10040/nrfx_twis.o
 .text.nrfx_twis_state_machine.part.0
                0x0000000000005c9c      0x168 Output/Release/Obj/twi_master_with_twis_slave_pca10040/nrfx_twis.o
 .text.nrfx_twis_preprocess_status
                0x0000000000005e04       0x30 Output/Release/Obj/twi_master_with_twis_slave_pca10040/nrfx_twis.o
 .text.nrfx_twis_config_pin
                0x0000000000005e34       0x30 Output/Release/Obj/twi_master_with_twis_slave_pca10040/nrfx_twis.o
 .text.SPIM1_SPIS1_TWIM1_TWIS1_SPI1_TWI1_IRQHandler
                0x0000000000005e64       0x14 Output/Release/Obj/twi_master_with_twis_slave_pca10040/nrfx_twis.o
                0x0000000000005e64                SPIM1_SPIS1_TWIM1_TWIS1_SPI1_TWI1_IRQHandler
 .text.nrfx_twis_init
                0x0000000000005e78      0x150 Output/Release/Obj/twi_master_with_twis_slave_pca10040/nrfx_twis.o
                0x0000000000005e78                nrfx_twis_init
 .text.nrfx_twis_enable
                0x0000000000005fc8       0x84 Output/Release/Obj/twi_master_with_twis_slave_pca10040/nrfx_twis.o
                0x0000000000005fc8                nrfx_twis_enable
 .text.nrfx_twis_error_get_and_clear
                0x000000000000604c       0x28 Output/Release/Obj/twi_master_with_twis_slave_pca10040/nrfx_twis.o
                0x000000000000604c                nrfx_twis_error_get_and_clear
 .text.nrfx_twis_tx_prepare
                0x0000000000006074       0x48 Output/Release/Obj/twi_master_with_twis_slave_pca10040/nrfx_twis.o
                0x0000000000006074                nrfx_twis_tx_prepare
 .text.nrfx_twis_rx_prepare
                0x00000000000060bc       0x48 Output/Release/Obj/twi_master_with_twis_slave_pca10040/nrfx_twis.o
                0x00000000000060bc                nrfx_twis_rx_prepare
 .text.nrf_uart_event_clear
                0x0000000000006104       0x10 Output/Release/Obj/twi_master_with_twis_slave_pca10040/nrfx_uart.o
 .text.tx_byte  0x0000000000006114       0x1e Output/Release/Obj/twi_master_with_twis_slave_pca10040/nrfx_uart.o
 .text.rx_enable
                0x0000000000006132       0x20 Output/Release/Obj/twi_master_with_twis_slave_pca10040/nrfx_uart.o
 .text.rx_byte  0x0000000000006152       0x2c Output/Release/Obj/twi_master_with_twis_slave_pca10040/nrfx_uart.o
 *fill*         0x000000000000617e        0x2 
 .text.rx_done_event.constprop.0
                0x0000000000006180       0x20 Output/Release/Obj/twi_master_with_twis_slave_pca10040/nrfx_uart.o
 .text.nrf_gpio_pin_port_decode.isra.0
                0x00000000000061a0       0x1c Output/Release/Obj/twi_master_with_twis_slave_pca10040/nrfx_uart.o
 .text.nrf_gpio_cfg_default
                0x00000000000061bc       0x14 Output/Release/Obj/twi_master_with_twis_slave_pca10040/nrfx_uart.o
 .text.nrfx_uart_0_irq_handler
                0x00000000000061d0      0x140 Output/Release/Obj/twi_master_with_twis_slave_pca10040/nrfx_uart.o
                0x00000000000061d0                nrfx_uart_0_irq_handler
 .text.nrfx_uart_init
                0x0000000000006310      0x1d0 Output/Release/Obj/twi_master_with_twis_slave_pca10040/nrfx_uart.o
                0x0000000000006310                nrfx_uart_init
 .text.nrfx_uart_uninit
                0x00000000000064e0       0xac Output/Release/Obj/twi_master_with_twis_slave_pca10040/nrfx_uart.o
                0x00000000000064e0                nrfx_uart_uninit
 .text.nrfx_uart_tx_in_progress
                0x000000000000658c       0x18 Output/Release/Obj/twi_master_with_twis_slave_pca10040/nrfx_uart.o
                0x000000000000658c                nrfx_uart_tx_in_progress
 .text.nrfx_uart_tx
                0x00000000000065a4       0xdc Output/Release/Obj/twi_master_with_twis_slave_pca10040/nrfx_uart.o
                0x00000000000065a4                nrfx_uart_tx
 .text.nrfx_uart_rx
                0x0000000000006680      0x134 Output/Release/Obj/twi_master_with_twis_slave_pca10040/nrfx_uart.o
                0x0000000000006680                nrfx_uart_rx
 .text.nrfx_uart_rx_abort
                0x00000000000067b4       0x10 Output/Release/Obj/twi_master_with_twis_slave_pca10040/nrfx_uart.o
                0x00000000000067b4                nrfx_uart_rx_abort
 .text.nrf_uarte_event_clear
                0x00000000000067c4       0x10 Output/Release/Obj/twi_master_with_twis_slave_pca10040/nrfx_uarte.o
 .text.rx_done_event.constprop.0
                0x00000000000067d4       0x20 Output/Release/Obj/twi_master_with_twis_slave_pca10040/nrfx_uarte.o
 .text.nrfx_uarte_0_irq_handler
                0x00000000000067f4       0xe4 Output/Release/Obj/twi_master_with_twis_slave_pca10040/nrfx_uarte.o
                0x00000000000067f4                nrfx_uarte_0_irq_handler
 .text.nrf_gpio_pin_port_decode.isra.0
                0x00000000000068d8       0x1c Output/Release/Obj/twi_master_with_twis_slave_pca10040/nrfx_uarte.o
 .text.nrf_gpio_cfg_default
                0x00000000000068f4       0x14 Output/Release/Obj/twi_master_with_twis_slave_pca10040/nrfx_uarte.o
 .text.nrfx_uarte_init
                0x0000000000006908      0x1e0 Output/Release/Obj/twi_master_with_twis_slave_pca10040/nrfx_uarte.o
                0x0000000000006908                nrfx_uarte_init
 .text.nrfx_uarte_uninit
                0x0000000000006ae8       0xac Output/Release/Obj/twi_master_with_twis_slave_pca10040/nrfx_uarte.o
                0x0000000000006ae8                nrfx_uarte_uninit
 .text.nrfx_uarte_tx_in_progress
                0x0000000000006b94       0x18 Output/Release/Obj/twi_master_with_twis_slave_pca10040/nrfx_uarte.o
                0x0000000000006b94                nrfx_uarte_tx_in_progress
 .text.nrfx_uarte_tx
                0x0000000000006bac       0xe4 Output/Release/Obj/twi_master_with_twis_slave_pca10040/nrfx_uarte.o
                0x0000000000006bac                nrfx_uarte_tx
 .text.nrfx_uarte_rx
                0x0000000000006c90      0x12c Output/Release/Obj/twi_master_with_twis_slave_pca10040/nrfx_uarte.o
                0x0000000000006c90                nrfx_uarte_rx
 .text.nrfx_uarte_rx_abort
                0x0000000000006dbc       0x28 Output/Release/Obj/twi_master_with_twis_slave_pca10040/nrfx_uarte.o
                0x0000000000006dbc                nrfx_uarte_rx_abort
 .text.twis_event_handler
                0x0000000000006de4       0xbc Output/Release/Obj/twi_master_with_twis_slave_pca10040/eeprom_simulator.o
 .text.eeprom_simulator_init
                0x0000000000006ea0       0x68 Output/Release/Obj/twi_master_with_twis_slave_pca10040/eeprom_simulator.o
                0x0000000000006ea0                eeprom_simulator_init
 .text.eeprom_simulator_error_check
                0x0000000000006f08        0xc Output/Release/Obj/twi_master_with_twis_slave_pca10040/eeprom_simulator.o
                0x0000000000006f08                eeprom_simulator_error_check
 .text.eeprom_simulator_error_get_and_clear
                0x0000000000006f14       0x18 Output/Release/Obj/twi_master_with_twis_slave_pca10040/eeprom_simulator.o
                0x0000000000006f14                eeprom_simulator_error_get_and_clear
 .text.eeprom_cmd
                0x0000000000006f2c       0x6c Output/Release/Obj/twi_master_with_twis_slave_pca10040/main.o
 .text.eeprom_cmd_error
                0x0000000000006f98       0x44 Output/Release/Obj/twi_master_with_twis_slave_pca10040/main.o
 .text.eeprom_write
                0x0000000000006fdc       0x4c Output/Release/Obj/twi_master_with_twis_slave_pca10040/main.o
 .text.eeprom_cmd_clear
                0x0000000000007028       0x64 Output/Release/Obj/twi_master_with_twis_slave_pca10040/main.o
 .text.eeprom_cmd_write
                0x000000000000708c       0x9c Output/Release/Obj/twi_master_with_twis_slave_pca10040/main.o
 .text.eeprom_cmd_read
                0x0000000000007128       0xdc Output/Release/Obj/twi_master_with_twis_slave_pca10040/main.o
 .text.startup.main
                0x0000000000007204      0x120 Output/Release/Obj/twi_master_with_twis_slave_pca10040/main.o
                0x0000000000007204                main
 .text.errata_12
                0x0000000000007324       0x36 Output/Release/Obj/twi_master_with_twis_slave_pca10040/system_nrf52.o
 .text.errata_16
                0x000000000000735a       0x2a Output/Release/Obj/twi_master_with_twis_slave_pca10040/system_nrf52.o
 .text.SystemInit
                0x0000000000007384      0x25c Output/Release/Obj/twi_master_with_twis_slave_pca10040/system_nrf52.o
                0x0000000000007384                SystemInit
 .text.libc.__RAL_ascii_isctype
                0x00000000000075e0       0x1c D:/Program Files/SEGGER/SEGGER Embedded Studio for ARM 5.60/lib/libc_v7em_fpv4_sp_d16_hard_t_le_eabi.a(libc2.o)
 .text.libc.__RAL_ascii_toupper
                0x00000000000075fc        0xc D:/Program Files/SEGGER/SEGGER Embedded Studio for ARM 5.60/lib/libc_v7em_fpv4_sp_d16_hard_t_le_eabi.a(libc2.o)
 .text.libc.__RAL_ascii_tolower
                0x0000000000007608        0xc D:/Program Files/SEGGER/SEGGER Embedded Studio for ARM 5.60/lib/libc_v7em_fpv4_sp_d16_hard_t_le_eabi.a(libc2.o)
 .text.libc.__RAL_ascii_iswctype
                0x0000000000007614       0x1c D:/Program Files/SEGGER/SEGGER Embedded Studio for ARM 5.60/lib/libc_v7em_fpv4_sp_d16_hard_t_le_eabi.a(libc2.o)
 .text.libc.__RAL_ascii_towupper
                0x0000000000007630        0xc D:/Program Files/SEGGER/SEGGER Embedded Studio for ARM 5.60/lib/libc_v7em_fpv4_sp_d16_hard_t_le_eabi.a(libc2.o)
 .text.libc.__RAL_ascii_towlower
                0x000000000000763c        0xc D:/Program Files/SEGGER/SEGGER Embedded Studio for ARM 5.60/lib/libc_v7em_fpv4_sp_d16_hard_t_le_eabi.a(libc2.o)
 .text.libc.__RAL_ascii_wctomb
                0x0000000000007648        0xe D:/Program Files/SEGGER/SEGGER Embedded Studio for ARM 5.60/lib/libc_v7em_fpv4_sp_d16_hard_t_le_eabi.a(libc2.o)
                0x0000000000007648                __RAL_ascii_wctomb
 .text.libc.__RAL_ascii_mbtowc
                0x0000000000007656       0x24 D:/Program Files/SEGGER/SEGGER Embedded Studio for ARM 5.60/lib/libc_v7em_fpv4_sp_d16_hard_t_le_eabi.a(libc2.o)
                0x0000000000007656                __RAL_ascii_mbtowc
 *fill*         0x000000000000767a        0x2 
 .text.libc.__RAL_isctype
                0x000000000000767c       0x14 D:/Program Files/SEGGER/SEGGER Embedded Studio for ARM 5.60/lib/libc_v7em_fpv4_sp_d16_hard_t_le_eabi.a(libc2.o)
                0x000000000000767c                __RAL_isctype
 .text.libc.isspace
                0x0000000000007690        0xa D:/Program Files/SEGGER/SEGGER Embedded Studio for ARM 5.60/lib/libc_v7em_fpv4_sp_d16_hard_t_le_eabi.a(libc2.o)
                0x0000000000007690                isspace
 .text.libc.isprint
                0x000000000000769a        0xa D:/Program Files/SEGGER/SEGGER Embedded Studio for ARM 5.60/lib/libc_v7em_fpv4_sp_d16_hard_t_le_eabi.a(libc2.o)
                0x000000000000769a                isprint
 .text.libc.memmove
                0x00000000000076a4       0x3a D:/Program Files/SEGGER/SEGGER Embedded Studio for ARM 5.60/lib/libc_v7em_fpv4_sp_d16_hard_t_le_eabi.a(libc2.o)
                0x00000000000076a4                __aeabi_memmove8
                0x00000000000076a4                __aeabi_memmove
                0x00000000000076a4                __aeabi_memmove4
                0x00000000000076a4                memmove
 .text.libc.qsort
                0x00000000000076de      0x222 D:/Program Files/SEGGER/SEGGER Embedded Studio for ARM 5.60/lib/libc_v7em_fpv4_sp_d16_hard_t_le_eabi.a(libc2.o)
                0x00000000000076de                qsort
 .text.libc.strncmp
                0x0000000000007900       0x3c D:/Program Files/SEGGER/SEGGER Embedded Studio for ARM 5.60/lib/libc_v7em_fpv4_sp_d16_hard_t_le_eabi.a(libc2.o)
                0x0000000000007900                strncmp
 .text.libc.memcpy
                0x000000000000793c       0x52 D:/Program Files/SEGGER/SEGGER Embedded Studio for ARM 5.60/lib/libc_v7em_fpv4_sp_d16_hard_t_le_eabi.a(libc2_asm.o)
                0x000000000000793c                __aeabi_memcpy
                0x000000000000793c                memcpy
                0x0000000000007948                __aeabi_memcpy8
                0x0000000000007948                __aeabi_memcpy4
 .text.libc.memset
                0x000000000000798e       0x66 D:/Program Files/SEGGER/SEGGER Embedded Studio for ARM 5.60/lib/libc_v7em_fpv4_sp_d16_hard_t_le_eabi.a(libc2_asm.o)
                0x000000000000798e                memset
 .text.libc.strcpy
                0x00000000000079f4       0x44 D:/Program Files/SEGGER/SEGGER Embedded Studio for ARM 5.60/lib/libc_v7em_fpv4_sp_d16_hard_t_le_eabi.a(libc2_asm.o)
                0x00000000000079f4                strcpy
 .text.libc.strcmp
                0x0000000000007a38       0x4e D:/Program Files/SEGGER/SEGGER Embedded Studio for ARM 5.60/lib/libc_v7em_fpv4_sp_d16_hard_t_le_eabi.a(libc2_asm.o)
                0x0000000000007a38                strcmp
 .text.libc.strlen
                0x0000000000007a86       0x60 D:/Program Files/SEGGER/SEGGER Embedded Studio for ARM 5.60/lib/libc_v7em_fpv4_sp_d16_hard_t_le_eabi.a(libc2_asm.o)
                0x0000000000007a86                strlen
                0x0000000000007ae6                __text_end__ = (__text_start__ + SIZEOF (.text))
                0x0000000000007712                __text_size__ = SIZEOF (.text)
                0x0000000000007ae6                __text_load_end__ = __text_end__

.vfp11_veneer   0x0000000100000000        0x0
 .vfp11_veneer  0x0000000100000000        0x0 linker stubs

.v4_bx          0x0000000100000000        0x0
 .v4_bx         0x0000000100000000        0x0 linker stubs

.iplt           0x0000000100000000        0x0
 .iplt          0x0000000100000000        0x0 Output/Release/Obj/twi_master_with_twis_slave_pca10040/thumb_crt0.o
                0x0000000000000001                . = ASSERT (((__text_start__ == __text_end__) || ((__text_end__ - __FLASH_segment_start__) <= __FLASH_segment_size__)), error: .text is too large to fit in FLASH memory segment)
                0x0000000000007ae8                __cli_command_load_start__ = ALIGN (__text_end__, 0x4)

.cli_command    0x0000000000007ae8       0x40
                0x0000000000007ae8                __cli_command_start__ = .
                0x0000000000007ae8                __start_cli_command = __cli_command_start__
 *(.cli_command*)
 .cli_command   0x0000000000007ae8        0x8 Output/Release/Obj/twi_master_with_twis_slave_pca10040/nrf_log_frontend.o
                0x0000000000007ae8                nrf_cli_log_const
 .cli_command   0x0000000000007af0        0x8 Output/Release/Obj/twi_master_with_twis_slave_pca10040/nrf_balloc.o
                0x0000000000007af0                nrf_cli_balloc_const
 .cli_command   0x0000000000007af8       0x20 Output/Release/Obj/twi_master_with_twis_slave_pca10040/nrf_cli.o
                0x0000000000007af8                nrf_cli_resize_const
                0x0000000000007b00                nrf_cli_history_const
                0x0000000000007b08                nrf_cli_cli_const
                0x0000000000007b10                nrf_cli_clear_const
 .cli_command   0x0000000000007b18        0x8 Output/Release/Obj/twi_master_with_twis_slave_pca10040/nrf_queue.o
                0x0000000000007b18                nrf_cli_queue_const
 .cli_command   0x0000000000007b20        0x8 Output/Release/Obj/twi_master_with_twis_slave_pca10040/main.o
                0x0000000000007b20                nrf_cli_eeprom_const
                0x0000000000007b28                __cli_command_end__ = (__cli_command_start__ + SIZEOF (.cli_command))
                0x0000000000000040                __cli_command_size__ = SIZEOF (.cli_command)
                0x0000000000007b28                __stop_cli_command = __cli_command_end__
                0x0000000000007b28                __cli_command_load_end__ = __cli_command_end__
                0x0000000000000001                . = ASSERT (((__cli_command_start__ == __cli_command_end__) || ((__cli_command_end__ - __FLASH_segment_start__) <= __FLASH_segment_size__)), error: .cli_command is too large to fit in FLASH memory segment)
                0x0000000000007b28                __pwr_mgmt_data_load_start__ = ALIGN (__cli_command_end__, 0x4)

.pwr_mgmt_data  0x0000000000007b28        0x0
                0x0000000000007b28                __pwr_mgmt_data_start__ = .
                0x0000000000007b28                __start_pwr_mgmt_data = __pwr_mgmt_data_start__
 *(SORT_BY_NAME(.pwr_mgmt_data*))
                0x0000000000007b28                __pwr_mgmt_data_end__ = (__pwr_mgmt_data_start__ + SIZEOF (.pwr_mgmt_data))
                0x0000000000000000                __pwr_mgmt_data_size__ = SIZEOF (.pwr_mgmt_data)
                0x0000000000007b28                __stop_pwr_mgmt_data = __pwr_mgmt_data_end__
                0x0000000000007b28                __pwr_mgmt_data_load_end__ = __pwr_mgmt_data_end__
                0x0000000000000001                . = ASSERT (((__pwr_mgmt_data_start__ == __pwr_mgmt_data_end__) || ((__pwr_mgmt_data_end__ - __FLASH_segment_start__) <= __FLASH_segment_size__)), error: .pwr_mgmt_data is too large to fit in FLASH memory segment)
                0x0000000000007b28                __nrf_queue_load_start__ = ALIGN (__pwr_mgmt_data_end__, 0x4)

.nrf_queue      0x0000000000007b28       0x1c
                0x0000000000007b28                __nrf_queue_start__ = .
                0x0000000000007b28                __start_nrf_queue = __nrf_queue_start__
 *(.nrf_queue*)
 .nrf_queue     0x0000000000007b28       0x1c Output/Release/Obj/twi_master_with_twis_slave_pca10040/main.o
                0x0000000000007b28                m_cli_uart_log_backend_queue
                0x0000000000007b44                __nrf_queue_end__ = (__nrf_queue_start__ + SIZEOF (.nrf_queue))
                0x000000000000001c                __nrf_queue_size__ = SIZEOF (.nrf_queue)
                0x0000000000007b44                __stop_nrf_queue = __nrf_queue_end__
                0x0000000000007b44                __nrf_queue_load_end__ = __nrf_queue_end__
                0x0000000000000001                . = ASSERT (((__nrf_queue_start__ == __nrf_queue_end__) || ((__nrf_queue_end__ - __FLASH_segment_start__) <= __FLASH_segment_size__)), error: .nrf_queue is too large to fit in FLASH memory segment)
                0x0000000000007b44                __log_const_data_load_start__ = ALIGN (__nrf_queue_end__, 0x4)

.log_const_data
                0x0000000000007b44       0x70
                0x0000000000007b44                __log_const_data_start__ = .
                0x0000000000007b44                __start_log_const_data = __log_const_data_start__
 *(SORT_BY_NAME(.log_const_data*))
 .log_const_data_CLOCK
                0x0000000000007b44        0x8 Output/Release/Obj/twi_master_with_twis_slave_pca10040/nrfx_clock.o
                0x0000000000007b44                m_nrf_log_CLOCK_logs_data_const
 .log_const_data_GPIOTE
                0x0000000000007b4c        0x8 Output/Release/Obj/twi_master_with_twis_slave_pca10040/nrfx_gpiote.o
                0x0000000000007b4c                m_nrf_log_GPIOTE_logs_data_const
 .log_const_data_PRS
                0x0000000000007b54        0x8 Output/Release/Obj/twi_master_with_twis_slave_pca10040/nrfx_prs.o
                0x0000000000007b54                m_nrf_log_PRS_logs_data_const
 .log_const_data_TWI
                0x0000000000007b5c        0x8 Output/Release/Obj/twi_master_with_twis_slave_pca10040/nrfx_twi.o
                0x0000000000007b5c                m_nrf_log_TWI_logs_data_const
 .log_const_data_TWIS
                0x0000000000007b64        0x8 Output/Release/Obj/twi_master_with_twis_slave_pca10040/nrfx_twis.o
                0x0000000000007b64                m_nrf_log_TWIS_logs_data_const
 .log_const_data_UART
                0x0000000000007b6c        0x8 Output/Release/Obj/twi_master_with_twis_slave_pca10040/nrfx_uart.o
                0x0000000000007b6c                m_nrf_log_UART_logs_data_const
 .log_const_data_UARTE
                0x0000000000007b74        0x8 Output/Release/Obj/twi_master_with_twis_slave_pca10040/nrfx_uarte.o
                0x0000000000007b74                m_nrf_log_UARTE_logs_data_const
 .log_const_data_app
                0x0000000000007b7c        0x8 Output/Release/Obj/twi_master_with_twis_slave_pca10040/nrf_log_frontend.o
                0x0000000000007b7c                m_nrf_log_app_logs_data_const
 .log_const_data_balloc_log_mempool
                0x0000000000007b84        0x8 Output/Release/Obj/twi_master_with_twis_slave_pca10040/nrf_log_frontend.o
                0x0000000000007b84                m_nrf_log_balloc_log_mempool_logs_data_const
 .log_const_data_balloc_m_cli_uart_cmd_hist_memobj
                0x0000000000007b8c        0x8 Output/Release/Obj/twi_master_with_twis_slave_pca10040/main.o
                0x0000000000007b8c                m_nrf_log_balloc_m_cli_uart_cmd_hist_memobj_logs_data_const
 .log_const_data_cli_uart
                0x0000000000007b94        0x8 Output/Release/Obj/twi_master_with_twis_slave_pca10040/nrf_cli_uart.o
                0x0000000000007b94                m_nrf_log_cli_uart_logs_data_const
 .log_const_data_clock
                0x0000000000007b9c        0x8 Output/Release/Obj/twi_master_with_twis_slave_pca10040/nrf_drv_clock.o
                0x0000000000007b9c                m_nrf_log_clock_logs_data_const
 .log_const_data_pwr_mgmt
                0x0000000000007ba4        0x8 Output/Release/Obj/twi_master_with_twis_slave_pca10040/nrf_pwr_mgmt.o
                0x0000000000007ba4                m_nrf_log_pwr_mgmt_logs_data_const
 .log_const_data_queue_m_cli_uart_log_backend_queue
                0x0000000000007bac        0x8 Output/Release/Obj/twi_master_with_twis_slave_pca10040/main.o
                0x0000000000007bac                m_nrf_log_queue_m_cli_uart_log_backend_queue_logs_data_const
                0x0000000000007bb4                __log_const_data_end__ = (__log_const_data_start__ + SIZEOF (.log_const_data))
                0x0000000000000070                __log_const_data_size__ = SIZEOF (.log_const_data)
                0x0000000000007bb4                __stop_log_const_data = __log_const_data_end__
                0x0000000000007bb4                __log_const_data_load_end__ = __log_const_data_end__
                0x0000000000000001                . = ASSERT (((__log_const_data_start__ == __log_const_data_end__) || ((__log_const_data_end__ - __FLASH_segment_start__) <= __FLASH_segment_size__)), error: .log_const_data is too large to fit in FLASH memory segment)
                0x0000000000007bb4                __log_backends_load_start__ = ALIGN (__log_const_data_end__, 0x4)

.log_backends   0x0000000000007bb4       0x20
                0x0000000000007bb4                __log_backends_start__ = .
                0x0000000000007bb4                __start_log_backends = __log_backends_start__
 *(SORT_BY_NAME(.log_backends*))
 .log_backends  0x0000000000007bb4       0x10 Output/Release/Obj/twi_master_with_twis_slave_pca10040/nrf_log_default_backends.o
 .log_backends  0x0000000000007bc4       0x10 Output/Release/Obj/twi_master_with_twis_slave_pca10040/main.o
                0x0000000000007bd4                __log_backends_end__ = (__log_backends_start__ + SIZEOF (.log_backends))
                0x0000000000000020                __log_backends_size__ = SIZEOF (.log_backends)
                0x0000000000007bd4                __stop_log_backends = __log_backends_end__
                0x0000000000007bd4                __log_backends_load_end__ = __log_backends_end__
                0x0000000000000001                . = ASSERT (((__log_backends_start__ == __log_backends_end__) || ((__log_backends_end__ - __FLASH_segment_start__) <= __FLASH_segment_size__)), error: .log_backends is too large to fit in FLASH memory segment)
                0x0000000000007bd4                __nrf_balloc_load_start__ = ALIGN (__log_backends_end__, 0x4)

.nrf_balloc     0x0000000000007bd4       0x38
                0x0000000000007bd4                __nrf_balloc_start__ = .
                0x0000000000007bd4                __start_nrf_balloc = __nrf_balloc_start__
 *(.nrf_balloc*)
 .nrf_balloc    0x0000000000007bd4       0x1c Output/Release/Obj/twi_master_with_twis_slave_pca10040/nrf_log_frontend.o
                0x0000000000007bd4                log_mempool
 .nrf_balloc    0x0000000000007bf0       0x1c Output/Release/Obj/twi_master_with_twis_slave_pca10040/main.o
                0x0000000000007bf0                m_cli_uart_cmd_hist_memobj
                0x0000000000007c0c                __nrf_balloc_end__ = (__nrf_balloc_start__ + SIZEOF (.nrf_balloc))
                0x0000000000000038                __nrf_balloc_size__ = SIZEOF (.nrf_balloc)
                0x0000000000007c0c                __stop_nrf_balloc = __nrf_balloc_end__
                0x0000000000007c0c                __nrf_balloc_load_end__ = __nrf_balloc_end__
                0x0000000000000001                . = ASSERT (((__nrf_balloc_start__ == __nrf_balloc_end__) || ((__nrf_balloc_end__ - __FLASH_segment_start__) <= __FLASH_segment_size__)), error: .nrf_balloc is too large to fit in FLASH memory segment)
                0x0000000000007c0c                __nrf_sections_load_start__ = ALIGN (__nrf_balloc_end__, 0x4)

.nrf_sections   0x0000000000007c0c        0x0
                0x0000000000007c0c                __nrf_sections_start__ = .
                0x0000000000007c0c                __start_nrf_sections = __nrf_sections_start__
 *(.nrf_sections .nrf_sections.*)
                0x0000000000007c0c                __nrf_sections_end__ = (__nrf_sections_start__ + SIZEOF (.nrf_sections))
                0x0000000000000000                __nrf_sections_size__ = SIZEOF (.nrf_sections)
                0x0000000000007c0c                __nrf_sections_load_end__ = __nrf_sections_end__
                0x0000000000000001                . = ASSERT (((__nrf_sections_start__ == __nrf_sections_end__) || ((__nrf_sections_end__ - __FLASH_segment_start__) <= __FLASH_segment_size__)), error: .nrf_sections is too large to fit in FLASH memory segment)
                0x0000000000007c0c                __cli_sorted_cmd_ptrs_load_start__ = ALIGN (__nrf_sections_end__, 0x4)

.cli_sorted_cmd_ptrs
                0x0000000020000000       0x20 load address 0x0000000000007c0c
                0x0000000020000000                __cli_sorted_cmd_ptrs_start__ = .
 *(.cli_sorted_cmd_ptrs*)
 .cli_sorted_cmd_ptrs
                0x0000000020000000        0x4 Output/Release/Obj/twi_master_with_twis_slave_pca10040/nrf_log_frontend.o
                0x0000000020000000                log_str_ptr
 .cli_sorted_cmd_ptrs
                0x0000000020000004        0x4 Output/Release/Obj/twi_master_with_twis_slave_pca10040/nrf_balloc.o
                0x0000000020000004                balloc_str_ptr
 .cli_sorted_cmd_ptrs
                0x0000000020000008       0x10 Output/Release/Obj/twi_master_with_twis_slave_pca10040/nrf_cli.o
                0x0000000020000008                resize_str_ptr
                0x000000002000000c                history_str_ptr
                0x0000000020000010                cli_str_ptr
                0x0000000020000014                clear_str_ptr
 .cli_sorted_cmd_ptrs
                0x0000000020000018        0x4 Output/Release/Obj/twi_master_with_twis_slave_pca10040/nrf_queue.o
                0x0000000020000018                queue_str_ptr
 .cli_sorted_cmd_ptrs
                0x000000002000001c        0x4 Output/Release/Obj/twi_master_with_twis_slave_pca10040/main.o
                0x000000002000001c                eeprom_str_ptr
                0x0000000020000020                __cli_sorted_cmd_ptrs_end__ = (__cli_sorted_cmd_ptrs_start__ + SIZEOF (.cli_sorted_cmd_ptrs))
                0x0000000000000020                __cli_sorted_cmd_ptrs_size__ = SIZEOF (.cli_sorted_cmd_ptrs)
                0x0000000000007c2c                __cli_sorted_cmd_ptrs_load_end__ = (__cli_sorted_cmd_ptrs_load_start__ + SIZEOF (.cli_sorted_cmd_ptrs))
                0x0000000000000001                . = ASSERT (((__cli_sorted_cmd_ptrs_load_start__ == __cli_sorted_cmd_ptrs_load_end__) || ((__cli_sorted_cmd_ptrs_load_end__ - __FLASH_segment_start__) <= __FLASH_segment_size__)), error: .cli_sorted_cmd_ptrs is too large to fit in FLASH memory segment)

.cli_sorted_cmd_ptrs_run
                0x0000000020000000        0x0
                0x0000000020000000                __cli_sorted_cmd_ptrs_run_start__ = .
                0x0000000020000000                __start_cli_sorted_cmd_ptrs = __cli_sorted_cmd_ptrs_run_start__
                0x0000000020000020                __cli_sorted_cmd_ptrs_run_end__ = (__cli_sorted_cmd_ptrs_run_start__ + SIZEOF (.cli_sorted_cmd_ptrs))
                0x0000000000000020                __cli_sorted_cmd_ptrs_run_size__ = (__cli_sorted_cmd_ptrs_run_end__ - __cli_sorted_cmd_ptrs_run_start__)
                0x0000000020000020                __stop_cli_sorted_cmd_ptrs = __cli_sorted_cmd_ptrs_run_end__
                0x0000000020000020                __cli_sorted_cmd_ptrs_run_load_end__ = __cli_sorted_cmd_ptrs_run_end__
                0x0000000000000001                . = ASSERT (((__cli_sorted_cmd_ptrs_run_start__ == __cli_sorted_cmd_ptrs_run_end__) || ((__cli_sorted_cmd_ptrs_run_end__ - __RAM_segment_start__) <= __RAM_segment_size__)), error: .cli_sorted_cmd_ptrs_run is too large to fit in RAM memory segment)
                0x0000000000007c2c                __log_dynamic_data_load_start__ = ALIGN ((__cli_sorted_cmd_ptrs_load_start__ + SIZEOF (.cli_sorted_cmd_ptrs)), 0x4)

.log_dynamic_data
                0x0000000020000020       0x38 load address 0x0000000000007c2c
                0x0000000020000020                __log_dynamic_data_start__ = .
 *(SORT_BY_NAME(.log_dynamic_data*))
 .log_dynamic_data_CLOCK
                0x0000000020000020        0x4 Output/Release/Obj/twi_master_with_twis_slave_pca10040/nrfx_clock.o
                0x0000000020000020                m_nrf_log_CLOCK_logs_data_dynamic
 .log_dynamic_data_GPIOTE
                0x0000000020000024        0x4 Output/Release/Obj/twi_master_with_twis_slave_pca10040/nrfx_gpiote.o
                0x0000000020000024                m_nrf_log_GPIOTE_logs_data_dynamic
 .log_dynamic_data_PRS
                0x0000000020000028        0x4 Output/Release/Obj/twi_master_with_twis_slave_pca10040/nrfx_prs.o
                0x0000000020000028                m_nrf_log_PRS_logs_data_dynamic
 .log_dynamic_data_TWI
                0x000000002000002c        0x4 Output/Release/Obj/twi_master_with_twis_slave_pca10040/nrfx_twi.o
                0x000000002000002c                m_nrf_log_TWI_logs_data_dynamic
 .log_dynamic_data_TWIS
                0x0000000020000030        0x4 Output/Release/Obj/twi_master_with_twis_slave_pca10040/nrfx_twis.o
                0x0000000020000030                m_nrf_log_TWIS_logs_data_dynamic
 .log_dynamic_data_UART
                0x0000000020000034        0x4 Output/Release/Obj/twi_master_with_twis_slave_pca10040/nrfx_uart.o
                0x0000000020000034                m_nrf_log_UART_logs_data_dynamic
 .log_dynamic_data_UARTE
                0x0000000020000038        0x4 Output/Release/Obj/twi_master_with_twis_slave_pca10040/nrfx_uarte.o
                0x0000000020000038                m_nrf_log_UARTE_logs_data_dynamic
 .log_dynamic_data_app
                0x000000002000003c        0x4 Output/Release/Obj/twi_master_with_twis_slave_pca10040/nrf_log_frontend.o
                0x000000002000003c                m_nrf_log_app_logs_data_dynamic
 .log_dynamic_data_balloc_log_mempool
                0x0000000020000040        0x4 Output/Release/Obj/twi_master_with_twis_slave_pca10040/nrf_log_frontend.o
                0x0000000020000040                m_nrf_log_balloc_log_mempool_logs_data_dynamic
 .log_dynamic_data_balloc_m_cli_uart_cmd_hist_memobj
                0x0000000020000044        0x4 Output/Release/Obj/twi_master_with_twis_slave_pca10040/main.o
                0x0000000020000044                m_nrf_log_balloc_m_cli_uart_cmd_hist_memobj_logs_data_dynamic
 .log_dynamic_data_cli_uart
                0x0000000020000048        0x4 Output/Release/Obj/twi_master_with_twis_slave_pca10040/nrf_cli_uart.o
                0x0000000020000048                m_nrf_log_cli_uart_logs_data_dynamic
 .log_dynamic_data_clock
                0x000000002000004c        0x4 Output/Release/Obj/twi_master_with_twis_slave_pca10040/nrf_drv_clock.o
                0x000000002000004c                m_nrf_log_clock_logs_data_dynamic
 .log_dynamic_data_pwr_mgmt
                0x0000000020000050        0x4 Output/Release/Obj/twi_master_with_twis_slave_pca10040/nrf_pwr_mgmt.o
                0x0000000020000050                m_nrf_log_pwr_mgmt_logs_data_dynamic
 .log_dynamic_data_queue_m_cli_uart_log_backend_queue
                0x0000000020000054        0x4 Output/Release/Obj/twi_master_with_twis_slave_pca10040/main.o
                0x0000000020000054                m_nrf_log_queue_m_cli_uart_log_backend_queue_logs_data_dynamic
                0x0000000020000058                __log_dynamic_data_end__ = (__log_dynamic_data_start__ + SIZEOF (.log_dynamic_data))
                0x0000000000000038                __log_dynamic_data_size__ = SIZEOF (.log_dynamic_data)
                0x0000000000007c64                __log_dynamic_data_load_end__ = (__log_dynamic_data_load_start__ + SIZEOF (.log_dynamic_data))
                0x0000000000000001                . = ASSERT (((__log_dynamic_data_load_start__ == __log_dynamic_data_load_end__) || ((__log_dynamic_data_load_end__ - __FLASH_segment_start__) <= __FLASH_segment_size__)), error: .log_dynamic_data is too large to fit in FLASH memory segment)

.log_dynamic_data_run
                0x0000000020000020        0x0
                0x0000000020000020                __log_dynamic_data_run_start__ = .
                0x0000000020000020                __start_log_dynamic_data = __log_dynamic_data_run_start__
                0x0000000020000058                __log_dynamic_data_run_end__ = (__log_dynamic_data_run_start__ + SIZEOF (.log_dynamic_data))
                0x0000000000000038                __log_dynamic_data_run_size__ = (__log_dynamic_data_run_end__ - __log_dynamic_data_run_start__)
                0x0000000020000058                __stop_log_dynamic_data = __log_dynamic_data_run_end__
                0x0000000020000058                __log_dynamic_data_run_load_end__ = __log_dynamic_data_run_end__
                0x0000000000000001                . = ASSERT (((__log_dynamic_data_run_start__ == __log_dynamic_data_run_end__) || ((__log_dynamic_data_run_end__ - __RAM_segment_start__) <= __RAM_segment_size__)), error: .log_dynamic_data_run is too large to fit in RAM memory segment)
                0x0000000000007c64                __log_filter_data_load_start__ = ALIGN ((__log_dynamic_data_load_start__ + SIZEOF (.log_dynamic_data)), 0x4)

.log_filter_data
                0x0000000020000058       0x38 load address 0x0000000000007c64
                0x0000000020000058                __log_filter_data_start__ = .
 *(SORT_BY_NAME(.log_filter_data*))
 .log_filter_data_CLOCK
                0x0000000020000058        0x4 Output/Release/Obj/twi_master_with_twis_slave_pca10040/nrfx_clock.o
                0x0000000020000058                m_nrf_log_CLOCK_logs_data_filter
 .log_filter_data_GPIOTE
                0x000000002000005c        0x4 Output/Release/Obj/twi_master_with_twis_slave_pca10040/nrfx_gpiote.o
                0x000000002000005c                m_nrf_log_GPIOTE_logs_data_filter
 .log_filter_data_PRS
                0x0000000020000060        0x4 Output/Release/Obj/twi_master_with_twis_slave_pca10040/nrfx_prs.o
                0x0000000020000060                m_nrf_log_PRS_logs_data_filter
 .log_filter_data_TWI
                0x0000000020000064        0x4 Output/Release/Obj/twi_master_with_twis_slave_pca10040/nrfx_twi.o
                0x0000000020000064                m_nrf_log_TWI_logs_data_filter
 .log_filter_data_TWIS
                0x0000000020000068        0x4 Output/Release/Obj/twi_master_with_twis_slave_pca10040/nrfx_twis.o
                0x0000000020000068                m_nrf_log_TWIS_logs_data_filter
 .log_filter_data_UART
                0x000000002000006c        0x4 Output/Release/Obj/twi_master_with_twis_slave_pca10040/nrfx_uart.o
                0x000000002000006c                m_nrf_log_UART_logs_data_filter
 .log_filter_data_UARTE
                0x0000000020000070        0x4 Output/Release/Obj/twi_master_with_twis_slave_pca10040/nrfx_uarte.o
                0x0000000020000070                m_nrf_log_UARTE_logs_data_filter
 .log_filter_data_app
                0x0000000020000074        0x4 Output/Release/Obj/twi_master_with_twis_slave_pca10040/nrf_log_frontend.o
                0x0000000020000074                m_nrf_log_app_logs_data_filter
 .log_filter_data_balloc_log_mempool
                0x0000000020000078        0x4 Output/Release/Obj/twi_master_with_twis_slave_pca10040/nrf_log_frontend.o
                0x0000000020000078                m_nrf_log_balloc_log_mempool_logs_data_filter
 .log_filter_data_balloc_m_cli_uart_cmd_hist_memobj
                0x000000002000007c        0x4 Output/Release/Obj/twi_master_with_twis_slave_pca10040/main.o
                0x000000002000007c                m_nrf_log_balloc_m_cli_uart_cmd_hist_memobj_logs_data_filter
 .log_filter_data_cli_uart
                0x0000000020000080        0x4 Output/Release/Obj/twi_master_with_twis_slave_pca10040/nrf_cli_uart.o
                0x0000000020000080                m_nrf_log_cli_uart_logs_data_filter
 .log_filter_data_clock
                0x0000000020000084        0x4 Output/Release/Obj/twi_master_with_twis_slave_pca10040/nrf_drv_clock.o
                0x0000000020000084                m_nrf_log_clock_logs_data_filter
 .log_filter_data_pwr_mgmt
                0x0000000020000088        0x4 Output/Release/Obj/twi_master_with_twis_slave_pca10040/nrf_pwr_mgmt.o
                0x0000000020000088                m_nrf_log_pwr_mgmt_logs_data_filter
 .log_filter_data_queue_m_cli_uart_log_backend_queue
                0x000000002000008c        0x4 Output/Release/Obj/twi_master_with_twis_slave_pca10040/main.o
                0x000000002000008c                m_nrf_log_queue_m_cli_uart_log_backend_queue_logs_data_filter
                0x0000000020000090                __log_filter_data_end__ = (__log_filter_data_start__ + SIZEOF (.log_filter_data))
                0x0000000000000038                __log_filter_data_size__ = SIZEOF (.log_filter_data)
                0x0000000000007c9c                __log_filter_data_load_end__ = (__log_filter_data_load_start__ + SIZEOF (.log_filter_data))
                0x0000000000000001                . = ASSERT (((__log_filter_data_load_start__ == __log_filter_data_load_end__) || ((__log_filter_data_load_end__ - __FLASH_segment_start__) <= __FLASH_segment_size__)), error: .log_filter_data is too large to fit in FLASH memory segment)

.log_filter_data_run
                0x0000000020000058        0x0
                0x0000000020000058                __log_filter_data_run_start__ = .
                0x0000000020000058                __start_log_filter_data = __log_filter_data_run_start__
                0x0000000020000090                __log_filter_data_run_end__ = (__log_filter_data_run_start__ + SIZEOF (.log_filter_data))
                0x0000000000000038                __log_filter_data_run_size__ = (__log_filter_data_run_end__ - __log_filter_data_run_start__)
                0x0000000020000090                __stop_log_filter_data = __log_filter_data_run_end__
                0x0000000020000090                __log_filter_data_run_load_end__ = __log_filter_data_run_end__
                0x0000000000000001                . = ASSERT (((__log_filter_data_run_start__ == __log_filter_data_run_end__) || ((__log_filter_data_run_end__ - __RAM_segment_start__) <= __RAM_segment_size__)), error: .log_filter_data_run is too large to fit in RAM memory segment)
                0x0000000020000090                __nrf_sections_run_end_load_start__ = ALIGN (__log_filter_data_run_end__, 0x4)

.nrf_sections_run_end
                0x0000000020000090        0x0
                0x0000000020000090                __nrf_sections_run_end_start__ = .
                0x0000000020000090                __end_nrf_sections_run = __nrf_sections_run_end_start__
 *(.nrf_sections_run_end .nrf_sections_run_end.*)
                0x0000000020000090                __nrf_sections_run_end_end__ = (__nrf_sections_run_end_start__ + SIZEOF (.nrf_sections_run_end))
                0x0000000000000000                __nrf_sections_run_end_size__ = SIZEOF (.nrf_sections_run_end)
                0x0000000020000090                __nrf_sections_run_end_load_end__ = __nrf_sections_run_end_end__
                0x0000000000000001                . = ASSERT (((__nrf_sections_run_end_start__ == __nrf_sections_run_end_end__) || ((__nrf_sections_run_end_end__ - __RAM_segment_start__) <= __RAM_segment_size__)), error: .nrf_sections_run_end is too large to fit in RAM memory segment)
                0x0000000000007c9c                __dtors_load_start__ = ALIGN ((__log_filter_data_load_start__ + SIZEOF (.log_filter_data)), 0x4)

.dtors          0x0000000000007c9c        0x0
                0x0000000000007c9c                __dtors_start__ = .
 *(SORT_BY_NAME(.dtors.*))
 *(.dtors)
 *(.fini_array)
 *(SORT_BY_NAME(.fini_array.*))
                0x0000000000007c9c                __dtors_end__ = (__dtors_start__ + SIZEOF (.dtors))
                0x0000000000000000                __dtors_size__ = SIZEOF (.dtors)
                0x0000000000007c9c                __dtors_load_end__ = __dtors_end__
                0x0000000000000001                . = ASSERT (((__dtors_start__ == __dtors_end__) || ((__dtors_end__ - __FLASH_segment_start__) <= __FLASH_segment_size__)), error: .dtors is too large to fit in FLASH memory segment)
                0x0000000000007c9c                __ctors_load_start__ = ALIGN (__dtors_end__, 0x4)

.ctors          0x0000000000007c9c        0x0
                0x0000000000007c9c                __ctors_start__ = .
 *(SORT_BY_NAME(.ctors.*))
 *(.ctors)
 *(.init_array)
 *(SORT_BY_NAME(.init_array.*))
                0x0000000000007c9c                __ctors_end__ = (__ctors_start__ + SIZEOF (.ctors))
                0x0000000000000000                __ctors_size__ = SIZEOF (.ctors)
                0x0000000000007c9c                __ctors_load_end__ = __ctors_end__
                0x0000000000000001                . = ASSERT (((__ctors_start__ == __ctors_end__) || ((__ctors_end__ - __FLASH_segment_start__) <= __FLASH_segment_size__)), error: .ctors is too large to fit in FLASH memory segment)
                0x0000000000007c9c                __rodata_load_start__ = ALIGN (__ctors_end__, 0x4)

.rodata         0x0000000000007c9c     0x1b26
                0x0000000000007c9c                __rodata_start__ = .
 *(.rodata .rodata.* .gnu.linkonce.r.*)
 .rodata        0x0000000000007c9c       0x20 Output/Release/Obj/twi_master_with_twis_slave_pca10040/nrf_log_backend_uart.o
 .rodata.nrf_log_backend_uart_api
                0x0000000000007cbc        0xc Output/Release/Obj/twi_master_with_twis_slave_pca10040/nrf_log_backend_uart.o
                0x0000000000007cbc                nrf_log_backend_uart_api
 .rodata.str1.1
                0x0000000000007cc8        0x0 Output/Release/Obj/twi_master_with_twis_slave_pca10040/nrf_log_default_backends.o
                                         0x11 (size before relaxing)
 .rodata.log_cmd_backends_list.str1.1
                0x0000000000007cc8       0x51 Output/Release/Obj/twi_master_with_twis_slave_pca10040/nrf_log_frontend.o
 .rodata.nrf_cli_backend_cmd_execute.str1.1
                0x0000000000007d19       0x16 Output/Release/Obj/twi_master_with_twis_slave_pca10040/nrf_log_frontend.o
 .rodata.buf_prealloc.str1.1
                0x0000000000007d2f       0x4d Output/Release/Obj/twi_master_with_twis_slave_pca10040/nrf_log_frontend.o
 .rodata.log_cmd.str1.1
                0x0000000000007d7c       0x1f Output/Release/Obj/twi_master_with_twis_slave_pca10040/nrf_log_frontend.o
 .rodata.log_config_load_cmd.str1.1
                0x0000000000007d9b       0x11 Output/Release/Obj/twi_master_with_twis_slave_pca10040/nrf_log_frontend.o
 .rodata.log_status.str1.1
                0x0000000000007dac       0x92 Output/Release/Obj/twi_master_with_twis_slave_pca10040/nrf_log_frontend.o
                                         0x93 (size before relaxing)
 .rodata.log_ctrl.str1.1
                0x0000000000007e3e       0x8f Output/Release/Obj/twi_master_with_twis_slave_pca10040/nrf_log_frontend.o
 .rodata.nrf_log_frontend_dequeue.str1.1
                0x0000000000007ecd       0x11 Output/Release/Obj/twi_master_with_twis_slave_pca10040/nrf_log_frontend.o
 .rodata.str1.1
                0x0000000000007ede      0x244 Output/Release/Obj/twi_master_with_twis_slave_pca10040/nrf_log_frontend.o
                                        0x265 (size before relaxing)
 *fill*         0x0000000000008122        0x2 
 .rodata.m_backend_name_dynamic
                0x0000000000008124        0x8 Output/Release/Obj/twi_master_with_twis_slave_pca10040/nrf_log_frontend.o
 .rodata.m_log_push_ringbuf
                0x000000000000812c        0xc Output/Release/Obj/twi_master_with_twis_slave_pca10040/nrf_log_frontend.o
 .rodata.m_module_name
                0x0000000000008138        0x8 Output/Release/Obj/twi_master_with_twis_slave_pca10040/nrf_log_frontend.o
 .rodata.m_severity_lvl
                0x0000000000008140        0x8 Output/Release/Obj/twi_master_with_twis_slave_pca10040/nrf_log_frontend.o
 .rodata.m_severity_lvls
                0x0000000000008148       0x14 Output/Release/Obj/twi_master_with_twis_slave_pca10040/nrf_log_frontend.o
 .rodata.m_severity_lvls_sorted
                0x000000000000815c       0x14 Output/Release/Obj/twi_master_with_twis_slave_pca10040/nrf_log_frontend.o
 .rodata.m_sub_log_backend
                0x0000000000008170        0x8 Output/Release/Obj/twi_master_with_twis_slave_pca10040/nrf_log_frontend.o
 .rodata.m_sub_log_backend_raw
                0x0000000000008178       0x60 Output/Release/Obj/twi_master_with_twis_slave_pca10040/nrf_log_frontend.o
 .rodata.m_sub_log_config
                0x00000000000081d8        0x8 Output/Release/Obj/twi_master_with_twis_slave_pca10040/nrf_log_frontend.o
 .rodata.m_sub_log_config_raw
                0x00000000000081e0       0x30 Output/Release/Obj/twi_master_with_twis_slave_pca10040/nrf_log_frontend.o
 .rodata.m_sub_log_stat