Archive member included to satisfy reference by file (symbol)

D:/Program Files/SEGGER/SEGGER Embedded Studio for ARM 5.60/lib/libc_v7em_fpv4_sp_d16_hard_t_le_eabi.a(libc_asm.o)
                              Output/Release/Obj/ble_app_uart_pca10056_s140/bsp.o (__aeabi_uldivmod)
D:/Program Files/SEGGER/SEGGER Embedded Studio for ARM 5.60/lib/libc_v7em_fpv4_sp_d16_hard_t_le_eabi.a(libc2.o)
                              Output/Release/Obj/ble_app_uart_pca10056_s140/nrf_log_str_formatter.o (isprint)
D:/Program Files/SEGGER/SEGGER Embedded Studio for ARM 5.60/lib/libc_v7em_fpv4_sp_d16_hard_t_le_eabi.a(libc2_asm.o)
                              Output/Release/Obj/ble_app_uart_pca10056_s140/nrf_log_frontend.o (memcpy)
D:/Program Files/SEGGER/SEGGER Embedded Studio for ARM 5.60/lib/libc_v7em_fpv4_sp_d16_hard_t_le_eabi.a(libvfprintf.o)
                              (__vfprintf_long)
D:/Program Files/SEGGER/SEGGER Embedded Studio for ARM 5.60/lib/libc_v7em_fpv4_sp_d16_hard_t_le_eabi.a(libvfscanf.o)
                              (__vfscanf_long)
D:/Program Files/SEGGER/SEGGER Embedded Studio for ARM 5.60/lib/libc_v7em_fpv4_sp_d16_hard_t_le_eabi.a(libc.o)
                              D:/Program Files/SEGGER/SEGGER Embedded Studio for ARM 5.60/lib/libc_v7em_fpv4_sp_d16_hard_t_le_eabi.a(libc2.o) (__heap_lock)
D:/Program Files/SEGGER/SEGGER Embedded Studio for ARM 5.60/lib/libdebugio_v7em_fpv4_sp_d16_hard_t_le_eabi.a(libdebugio.o)
                              Output/Release/Obj/ble_app_uart_pca10056_s140/thumb_crt0.o (debug_fopen)
D:/Program Files/SEGGER/SEGGER Embedded Studio for ARM 5.60/lib/libdebugio_v7em_fpv4_sp_d16_hard_t_le_eabi.a(do_nv_debug_operation.o)
                              D:/Program Files/SEGGER/SEGGER Embedded Studio for ARM 5.60/lib/libdebugio_v7em_fpv4_sp_d16_hard_t_le_eabi.a(libdebugio.o) (__do_nvdebug_operation)
D:/Program Files/SEGGER/SEGGER Embedded Studio for ARM 5.60/lib/libdebugio_v7em_fpv4_sp_d16_hard_t_le_eabi.a(mempoll_debug_operations.o)
                              (__do_debug_operation_mempoll)
D:/Program Files/SEGGER/SEGGER Embedded Studio for ARM 5.60/lib/libm_v7em_fpv4_sp_d16_hard_t_le_eabi.a(libm_asm.o)
                              D:/Program Files/SEGGER/SEGGER Embedded Studio for ARM 5.60/lib/libc_v7em_fpv4_sp_d16_hard_t_le_eabi.a(libc2.o) (__aeabi_dadd)
D:/Program Files/SEGGER/SEGGER Embedded Studio for ARM 5.60/lib/libm_v7em_fpv4_sp_d16_hard_t_le_eabi.a(libm2.o)
                              D:/Program Files/SEGGER/SEGGER Embedded Studio for ARM 5.60/lib/libc_v7em_fpv4_sp_d16_hard_t_le_eabi.a(libvfprintf.o) (frexp)

Discarded input sections

 .text          0x0000000000000000        0x0 Output/Release/Obj/ble_app_uart_pca10056_s140/thumb_crt0.o
 .data          0x0000000000000000        0x0 Output/Release/Obj/ble_app_uart_pca10056_s140/thumb_crt0.o
 .bss           0x0000000000000000        0x0 Output/Release/Obj/ble_app_uart_pca10056_s140/thumb_crt0.o
 .text.__aeabi_read_tp
                0x0000000000000000        0x8 Output/Release/Obj/ble_app_uart_pca10056_s140/thumb_crt0.o
 .text.abort    0x0000000000000000        0x2 Output/Release/Obj/ble_app_uart_pca10056_s140/thumb_crt0.o
 .text.__assert
                0x0000000000000000        0x2 Output/Release/Obj/ble_app_uart_pca10056_s140/thumb_crt0.o
 .text.__assert_func
                0x0000000000000000        0x2 Output/Release/Obj/ble_app_uart_pca10056_s140/thumb_crt0.o
 .text.__aeabi_assert
                0x0000000000000000        0x2 Output/Release/Obj/ble_app_uart_pca10056_s140/thumb_crt0.o
 .text.__sync_synchronize
                0x0000000000000000        0x2 Output/Release/Obj/ble_app_uart_pca10056_s140/thumb_crt0.o
 .text.__getchar
                0x0000000000000000        0x4 Output/Release/Obj/ble_app_uart_pca10056_s140/thumb_crt0.o
 .text.__putchar
                0x0000000000000000        0x4 Output/Release/Obj/ble_app_uart_pca10056_s140/thumb_crt0.o
 .text.__open   0x0000000000000000        0x4 Output/Release/Obj/ble_app_uart_pca10056_s140/thumb_crt0.o
 .text.__close  0x0000000000000000        0x4 Output/Release/Obj/ble_app_uart_pca10056_s140/thumb_crt0.o
 .text.__write  0x0000000000000000        0xa Output/Release/Obj/ble_app_uart_pca10056_s140/thumb_crt0.o
 .text.__read   0x0000000000000000        0xa Output/Release/Obj/ble_app_uart_pca10056_s140/thumb_crt0.o
 .text.__seek   0x0000000000000000       0x1a Output/Release/Obj/ble_app_uart_pca10056_s140/thumb_crt0.o
 .text.remove   0x0000000000000000        0x4 Output/Release/Obj/ble_app_uart_pca10056_s140/thumb_crt0.o
 .text.rename   0x0000000000000000        0x4 Output/Release/Obj/ble_app_uart_pca10056_s140/thumb_crt0.o
 .bss.__user_locale_name_buffer
                0x0000000000000000        0x4 Output/Release/Obj/ble_app_uart_pca10056_s140/thumb_crt0.o
 .stack         0x0000000000000000        0x0 Output/Release/Obj/ble_app_uart_pca10056_s140/thumb_crt0.o
 .stack_process
[...]
Memory Configuration

Name             Origin             Length             Attributes
UNPLACED_SECTIONS 0x0000000100000000 0x0000000000000000 xw
RAM              0x0000000020000000 0x0000000000040000 xw
FLASH            0x0000000000000000 0x0000000000100000 xw
*default*        0x0000000000000000 0xffffffffffffffff

Linker script and memory map

                0x0000000000000000                __do_debug_operation = __do_debug_operation_mempoll
                0x0000000000000000                __vfprintf = __vfprintf_long
                0x0000000000000000                __vfscanf = __vfscanf_long
                0x0000000020000000                __RAM_segment_start__ = 0x20000000
                0x0000000020040000                __RAM_segment_end__ = 0x20040000
                0x0000000000040000                __RAM_segment_size__ = 0x40000
                0x0000000000000000                __FLASH_segment_start__ = 0x0
                0x0000000000100000                __FLASH_segment_end__ = 0x100000
                0x0000000000100000                __FLASH_segment_size__ = 0x100000
                0x0000000000002000                __HEAPSIZE__ = 0x2000
                0x0000000000000000                __STACKSIZE_PROCESS__ = 0x0
                0x0000000000002000                __STACKSIZE__ = 0x2000
                0x0000000020000000                __reserved_ram_load_start__ = 0x20000000

.reserved_ram   0x0000000020000000     0x2a98
                0x0000000020000000                __reserved_ram_start__ = .
 *(.reserved_ram .reserved_ram.*)
                0x0000000020002a98                . = MAX (((__reserved_ram_start__ + 0x20002a98) - 0x20000000), .)
 *fill*         0x0000000020000000     0x2a98 
                0x0000000020002a98                __reserved_ram_end__ = (__reserved_ram_start__ + SIZEOF (.reserved_ram))
                0x0000000000002a98                __reserved_ram_size__ = SIZEOF (.reserved_ram)
                0x0000000020002a98                __reserved_ram_load_end__ = __reserved_ram_end__
                0x0000000000000001                . = ASSERT (((__reserved_ram_start__ == __reserved_ram_end__) || ((__reserved_ram_end__ - __RAM_segment_start__) <= __RAM_segment_size__)), error: .reserved_ram is too large to fit in RAM memory segment)
                0x0000000020002a98                __vectors_ram_load_start__ = 0x20002a98

.vectors_ram    0x0000000020002a98        0x0
                0x0000000020002a98                __vectors_ram_start__ = .
                0x0000000020002a98                __app_ram_start__ = __vectors_ram_start__
 *(.vectors_ram .vectors_ram.*)
                0x0000000020002a98                __vectors_ram_end__ = (__vectors_ram_start__ + SIZEOF (.vectors_ram))
                0x0000000000000000                __vectors_ram_size__ = SIZEOF (.vectors_ram)
                0x0000000020002a98                __vectors_ram_load_end__ = __vectors_ram_end__
                0x0000000000000001                . = ASSERT (((__vectors_ram_start__ == __vectors_ram_end__) || ((__vectors_ram_end__ - __RAM_segment_start__) <= __RAM_segment_size__)), error: .vectors_ram is too large to fit in RAM memory segment)
                0x0000000000000001                . = ASSERT ((__reserved_ram_end__ <= __vectors_ram_start__), error: section .reserved_ram overlaps absolute placed section .vectors_ram)
                0x0000000020002a98                __nrf_sections_run_load_start__ = ALIGN (__vectors_ram_end__, 0x4)

.nrf_sections_run
                0x0000000020002a98        0x0
                0x0000000020002a98                __nrf_sections_run_start__ = .
                0x0000000020002a98                __start_nrf_sections_run = __nrf_sections_run_start__
 *(.nrf_sections_run .nrf_sections_run.*)
                0x0000000020002a98                __nrf_sections_run_end__ = (__nrf_sections_run_start__ + SIZEOF (.nrf_sections_run))
                0x0000000000000000                __nrf_sections_run_size__ = SIZEOF (.nrf_sections_run)
                0x0000000020002a98                __nrf_sections_run_load_end__ = __nrf_sections_run_end__
                0x0000000000000001                . = ASSERT (((__nrf_sections_run_start__ == __nrf_sections_run_end__) || ((__nrf_sections_run_end__ - __RAM_segment_start__) <= __RAM_segment_size__)), error: .nrf_sections_run is too large to fit in RAM memory segment)
                0x0000000000000000                __reserved_flash_load_start__ = 0x0

.reserved_flash
                0x0000000000000000    0x26000
                0x0000000000000000                __reserved_flash_start__ = .
 *(.reserved_flash .reserved_flash.*)
                0x0000000000026000                . = MAX (((__reserved_flash_start__ + 0x26000) - 0x0), .)
 *fill*         0x0000000000000000    0x26000 
                0x0000000000026000                __reserved_flash_end__ = (__reserved_flash_start__ + SIZEOF (.reserved_flash))
                0x0000000000026000                __reserved_flash_size__ = SIZEOF (.reserved_flash)
                0x0000000000026000                __reserved_flash_load_end__ = __reserved_flash_end__
                0x0000000000000001                . = ASSERT (((__reserved_flash_start__ == __reserved_flash_end__) || ((__reserved_flash_end__ - __FLASH_segment_start__) <= __FLASH_segment_size__)), error: .reserved_flash is too large to fit in FLASH memory segment)
                0x0000000000026000                __vectors_load_start__ = 0x26000

.vectors        0x0000000000026000      0x200
                0x0000000000026000                __vectors_start__ = .
 *(.vectors .vectors.*)
 .vectors       0x0000000000026000      0x200 Output/Release/Obj/ble_app_uart_pca10056_s140/ses_startup_nrf52840.o
                0x0000000000026000                _vectors
                0x0000000000026200                __vectors_end__ = (__vectors_start__ + SIZEOF (.vectors))
                0x0000000000000200                __vectors_size__ = SIZEOF (.vectors)
                0x0000000000026200                __vectors_load_end__ = __vectors_end__
                0x0000000000000001                . = ASSERT (((__vectors_start__ == __vectors_end__) || ((__vectors_end__ - __FLASH_segment_start__) <= __FLASH_segment_size__)), error: .vectors is too large to fit in FLASH memory segment)
                0x0000000000000001                . = ASSERT ((__reserved_flash_end__ <= __vectors_start__), error: section .reserved_flash overlaps absolute placed section .vectors)
                0x0000000000026200                __init_load_start__ = ALIGN (__vectors_end__, 0x4)

.init           0x0000000000026200      0x1d4
                0x0000000000026200                __init_start__ = .
 *(.init .init.*)
 .init          0x0000000000026200      0x15c Output/Release/Obj/ble_app_uart_pca10056_s140/thumb_crt0.o
                0x0000000000026200                _start
                0x00000000000262b4                exit
 .init          0x000000000002635c       0x18 Output/Release/Obj/ble_app_uart_pca10056_s140/ses_startup_nrf52840.o
                0x000000000002635c                NMI_Handler
                0x000000000002635e                HardFault_Handler
                0x0000000000026360                MemoryManagement_Handler
                0x0000000000026362                BusFault_Handler
                0x0000000000026364                UsageFault_Handler
                0x0000000000026366                SVC_Handler
                0x0000000000026368                DebugMon_Handler
                0x000000000002636a                PendSV_Handler
                0x000000000002636c                SysTick_Handler
                0x000000000002636e                RADIO_IRQHandler
                0x000000000002636e                PDM_IRQHandler
                0x000000000002636e                TEMP_IRQHandler
                0x000000000002636e                QDEC_IRQHandler
                0x000000000002636e                RTC0_IRQHandler
                0x000000000002636e                PWM3_IRQHandler
                0x000000000002636e                FPU_IRQHandler
                0x000000000002636e                USBD_IRQHandler
                0x000000000002636e                SPIM0_SPIS0_TWIM0_TWIS0_SPI0_TWI0_IRQHandler
                0x000000000002636e                PWM1_IRQHandler
                0x000000000002636e                TIMER4_IRQHandler
                0x000000000002636e                CRYPTOCELL_IRQHandler
                0x000000000002636e                I2S_IRQHandler
                0x000000000002636e                TIMER3_IRQHandler
                0x000000000002636e                TIMER0_IRQHandler
                0x000000000002636e                UARTE1_IRQHandler
                0x000000000002636e                Dummy_Handler
                0x000000000002636e                TIMER1_IRQHandler
                0x000000000002636e                SPIM3_IRQHandler
                0x000000000002636e                PWM2_IRQHandler
                0x000000000002636e                ECB_IRQHandler
                0x000000000002636e                SPIM1_SPIS1_TWIM1_TWIS1_SPI1_TWI1_IRQHandler
                0x000000000002636e                SAADC_IRQHandler
                0x000000000002636e                CCM_AAR_IRQHandler
                0x000000000002636e                WDT_IRQHandler
                0x000000000002636e                QSPI_IRQHandler
                0x000000000002636e                SWI5_EGU5_IRQHandler
                0x000000000002636e                RNG_IRQHandler
                0x000000000002636e                RTC2_IRQHandler
                0x000000000002636e                PWM0_IRQHandler
                0x000000000002636e                SWI3_EGU3_IRQHandler
                0x000000000002636e                SWI1_EGU1_IRQHandler
                0x000000000002636e                SPIM2_SPIS2_SPI2_IRQHandler
                0x000000000002636e                NFCT_IRQHandler
                0x000000000002636e                SWI4_EGU4_IRQHandler
                0x000000000002636e                MWU_IRQHandler
                0x000000000002636e                TIMER2_IRQHandler
                0x000000000002636e                COMP_LPCOMP_IRQHandler
                0x0000000000026370                nRFInitialize
 .init          0x0000000000026374       0x60 Output/Release/Obj/ble_app_uart_pca10056_s140/ses_startup_nrf_common.o
                0x0000000000026374                Reset_Handler
                0x000000000002639c                InitializeUserMemorySections
                0x00000000000263d4                __init_end__ = (__init_start__ + SIZEOF (.init))
                0x00000000000001d4                __init_size__ = SIZEOF (.init)
                0x00000000000263d4                __init_load_end__ = __init_end__
                0x0000000000000001                . = ASSERT (((__init_start__ == __init_end__) || ((__init_end__ - __FLASH_segment_start__) <= __FLASH_segment_size__)), error: .init is too large to fit in FLASH memory segment)
                0x00000000000263d4                __init_rodata_load_start__ = ALIGN (__init_end__, 0x4)

.init_rodata    0x00000000000263d4        0x0
                0x00000000000263d4                __init_rodata_start__ = .
 *(.init_rodata .init_rodata.*)
                0x00000000000263d4                __init_rodata_end__ = (__init_rodata_start__ + SIZEOF (.init_rodata))
                0x0000000000000000                __init_rodata_size__ = SIZEOF (.init_rodata)
                0x00000000000263d4                __init_rodata_load_end__ = __init_rodata_end__
                0x0000000000000001                . = ASSERT (((__init_rodata_start__ == __init_rodata_end__) || ((__init_rodata_end__ - __FLASH_segment_start__) <= __FLASH_segment_size__)), error: .init_rodata is too large to fit in FLASH memory segment)
                0x00000000000263d4                __text_load_start__ = ALIGN (__init_rodata_end__, 0x4)

.text           0x00000000000263d4     0x3bca
                0x00000000000263d4                __text_start__ = .
 *(.text .text.* .glue_7t .glue_7 .gnu.linkonce.t.* .gcc_except_table .ARM.extab* .gnu.linkonce.armextab.*)
 .glue_7        0x00000000000263d4        0x0 linker stubs
 .glue_7t       0x00000000000263d4        0x0 linker stubs
 .text.nrf_log_backend_rtt_flush
                0x00000000000263d4        0x2 Output/Release/Obj/ble_app_uart_pca10056_s140/nrf_log_backend_rtt.o
 *fill*         0x00000000000263d6        0x2 
 .text.nrf_log_backend_rtt_put
                0x00000000000263d8       0x1c Output/Release/Obj/ble_app_uart_pca10056_s140/nrf_log_backend_rtt.o
 .text.serial_tx
                0x00000000000263f4       0x50 Output/Release/Obj/ble_app_uart_pca10056_s140/nrf_log_backend_rtt.o
 .text.nrf_log_backend_rtt_panic_set
                0x0000000000026444        0x2 Output/Release/Obj/ble_app_uart_pca10056_s140/nrf_log_backend_rtt.o
 .text.nrf_log_backend_rtt_init
                0x0000000000026446        0x4 Output/Release/Obj/ble_app_uart_pca10056_s140/nrf_log_backend_rtt.o
                0x0000000000026446                nrf_log_backend_rtt_init
 .text.nrf_log_backend_serial_put
                0x000000000002644a       0xc2 Output/Release/Obj/ble_app_uart_pca10056_s140/nrf_log_backend_serial.o
                0x000000000002644a                nrf_log_backend_serial_put
 .text.nrf_log_default_backends_init
                0x000000000002650c       0x20 Output/Release/Obj/ble_app_uart_pca10056_s140/nrf_log_default_backends.o
                0x000000000002650c                nrf_log_default_backends_init
 .text.invalid_packets_omit
                0x000000000002652c       0x3a Output/Release/Obj/ble_app_uart_pca10056_s140/nrf_log_frontend.o
 *fill*         0x0000000000026566        0x2 
 .text.buf_prealloc
                0x0000000000026568      0x13c Output/Release/Obj/ble_app_uart_pca10056_s140/nrf_log_frontend.o
 .text.nrf_log_init
                0x00000000000266a4       0x3c Output/Release/Obj/ble_app_uart_pca10056_s140/nrf_log_frontend.o
                0x00000000000266a4                nrf_log_init
 .text.nrf_log_module_name_get
                0x00000000000266e0       0x38 Output/Release/Obj/ble_app_uart_pca10056_s140/nrf_log_frontend.o
                0x00000000000266e0                nrf_log_module_name_get
 .text.nrf_log_color_id_get
                0x0000000000026718       0x2c Output/Release/Obj/ble_app_uart_pca10056_s140/nrf_log_frontend.o
                0x0000000000026718                nrf_log_color_id_get
 .text.buffer_is_empty
                0x0000000000026744       0x14 Output/Release/Obj/ble_app_uart_pca10056_s140/nrf_log_frontend.o
                0x0000000000026744                buffer_is_empty
 .text.nrf_log_frontend_dequeue
                0x0000000000026758      0x22c Output/Release/Obj/ble_app_uart_pca10056_s140/nrf_log_frontend.o
                0x0000000000026758                nrf_log_frontend_dequeue
 .text.std_n    0x0000000000026984       0x98 Output/Release/Obj/ble_app_uart_pca10056_s140/nrf_log_frontend.o
 .text.nrf_log_frontend_std_0
                0x0000000000026a1c        0x8 Output/Release/Obj/ble_app_uart_pca10056_s140/nrf_log_frontend.o
                0x0000000000026a1c                nrf_log_frontend_std_0
 .text.nrf_log_frontend_std_1
                0x0000000000026a24       0x12 Output/Release/Obj/ble_app_uart_pca10056_s140/nrf_log_frontend.o
                0x0000000000026a24                nrf_log_frontend_std_1
 .text.nrf_log_frontend_std_2
                0x0000000000026a36       0x14 Output/Release/Obj/ble_app_uart_pca10056_s140/nrf_log_frontend.o
                0x0000000000026a36                nrf_log_frontend_std_2
 .text.nrf_log_frontend_std_4
                0x0000000000026a4a       0x1c Output/Release/Obj/ble_app_uart_pca10056_s140/nrf_log_frontend.o
                0x0000000000026a4a                nrf_log_frontend_std_4
 .text.nrf_log_frontend_std_6
                0x0000000000026a66       0x24 Output/Release/Obj/ble_app_uart_pca10056_s140/nrf_log_frontend.o
                0x0000000000026a66                nrf_log_frontend_std_6
 *fill*         0x0000000000026a8a        0x2 
 .text.nrf_log_backend_add
                0x0000000000026a8c       0x44 Output/Release/Obj/ble_app_uart_pca10056_s140/nrf_log_frontend.o
                0x0000000000026a8c                nrf_log_backend_add
 .text.nrf_log_panic
                0x0000000000026ad0       0x28 Output/Release/Obj/ble_app_uart_pca10056_s140/nrf_log_frontend.o
                0x0000000000026ad0                nrf_log_panic
 .text.prefix_process
                0x0000000000026af8       0x7c Output/Release/Obj/ble_app_uart_pca10056_s140/nrf_log_str_formatter.o
 .text.postfix_process
                0x0000000000026b74       0x44 Output/Release/Obj/ble_app_uart_pca10056_s140/nrf_log_str_formatter.o
 .text.nrf_log_std_entry_process
                0x0000000000026bb8       0xc8 Output/Release/Obj/ble_app_uart_pca10056_s140/nrf_log_str_formatter.o
                0x0000000000026bb8                nrf_log_std_entry_process
 .text.nrf_log_hexdump_entry_process
                0x0000000000026c80       0xc0 Output/Release/Obj/ble_app_uart_pca10056_s140/nrf_log_str_formatter.o
                0x0000000000026c80                nrf_log_hexdump_entry_process
 .text.app_error_handler_bare
                0x0000000000026d40       0x1a Output/Release/Obj/ble_app_uart_pca10056_s140/app_error.o
                0x0000000000026d40                app_error_handler_bare
 *fill*         0x0000000000026d5a        0x2 
 .text.app_error_fault_handler
                0x0000000000026d5c       0x6c Output/Release/Obj/ble_app_uart_pca10056_s140/app_error_weak.o
                0x0000000000026d5c                app_error_fault_handler
 .text.user_op_alloc
                0x0000000000026dc8       0x2c Output/Release/Obj/ble_app_uart_pca10056_s140/app_timer.o
 .text.timer_stop_op_schedule
                0x0000000000026df4       0x50 Output/Release/Obj/ble_app_uart_pca10056_s140/app_timer.o
 .text.nrfx_coredep_delay_us.part.0.constprop.0
                0x0000000000026e44       0x10 Output/Release/Obj/ble_app_uart_pca10056_s140/app_timer.o
 .text.rtc1_stop
                0x0000000000026e54       0x44 Output/Release/Obj/ble_app_uart_pca10056_s140/app_timer.o
 .text.RTC1_IRQHandler
                0x0000000000026e98       0x9c Output/Release/Obj/ble_app_uart_pca10056_s140/app_timer.o
                0x0000000000026e98                RTC1_IRQHandler
 .text.SWI0_EGU0_IRQHandler
                0x0000000000026f34      0x2b8 Output/Release/Obj/ble_app_uart_pca10056_s140/app_timer.o
                0x0000000000026f34                SWI0_EGU0_IRQHandler
 .text.app_timer_init
                0x00000000000271ec       0x60 Output/Release/Obj/ble_app_uart_pca10056_s140/app_timer.o
                0x00000000000271ec                app_timer_init
 .text.app_timer_create
                0x000000000002724c       0x24 Output/Release/Obj/ble_app_uart_pca10056_s140/app_timer.o
                0x000000000002724c                app_timer_create
 .text.app_timer_start
                0x0000000000027270       0x90 Output/Release/Obj/ble_app_uart_pca10056_s140/app_timer.o
                0x0000000000027270                app_timer_start
 .text.app_timer_stop
                0x0000000000027300       0x20 Output/Release/Obj/ble_app_uart_pca10056_s140/app_timer.o
                0x0000000000027300                app_timer_stop
 .text.app_util_critical_region_enter
                0x0000000000027320       0x48 Output/Release/Obj/ble_app_uart_pca10056_s140/app_util_platform.o
                0x0000000000027320                app_util_critical_region_enter
 .text.app_util_critical_region_exit
                0x0000000000027368       0x2c Output/Release/Obj/ble_app_uart_pca10056_s140/app_util_platform.o
                0x0000000000027368                app_util_critical_region_exit
 .text.nrf_atflags_set
                0x0000000000027394       0x12 Output/Release/Obj/ble_app_uart_pca10056_s140/nrf_atflags.o
                0x0000000000027394                nrf_atflags_set
 .text.nrf_atflags_clear
                0x00000000000273a6       0x14 Output/Release/Obj/ble_app_uart_pca10056_s140/nrf_atflags.o
                0x00000000000273a6                nrf_atflags_clear
 .text.nrf_atflags_get
                0x00000000000273ba       0x12 Output/Release/Obj/ble_app_uart_pca10056_s140/nrf_atflags.o
                0x00000000000273ba                nrf_atflags_get
 .text.nrf_atomic_u32_fetch_store
                0x00000000000273cc       0x16 Output/Release/Obj/ble_app_uart_pca10056_s140/nrf_atomic.o
                0x00000000000273cc                nrf_atomic_u32_fetch_store
 .text.nrf_atomic_u32_or
                0x00000000000273e2       0x18 Output/Release/Obj/ble_app_uart_pca10056_s140/nrf_atomic.o
                0x00000000000273e2                nrf_atomic_u32_or
 .text.nrf_atomic_u32_fetch_and
                0x00000000000273fa       0x18 Output/Release/Obj/ble_app_uart_pca10056_s140/nrf_atomic.o
                0x00000000000273fa                nrf_atomic_u32_fetch_and
 .text.nrf_atomic_u32_and
                0x0000000000027412       0x18 Output/Release/Obj/ble_app_uart_pca10056_s140/nrf_atomic.o
                0x0000000000027412                nrf_atomic_u32_and
 .text.nrf_atomic_u32_add
                0x000000000002742a       0x18 Output/Release/Obj/ble_app_uart_pca10056_s140/nrf_atomic.o
                0x000000000002742a                nrf_atomic_u32_add
 .text.nrf_atomic_u32_sub
                0x0000000000027442       0x18 Output/Release/Obj/ble_app_uart_pca10056_s140/nrf_atomic.o
                0x0000000000027442                nrf_atomic_u32_sub
 .text.nrf_atomic_flag_set
                0x000000000002745a        0x6 Output/Release/Obj/ble_app_uart_pca10056_s140/nrf_atomic.o
                0x000000000002745a                nrf_atomic_flag_set
 .text.nrf_atomic_flag_clear_fetch
                0x0000000000027460        0x6 Output/Release/Obj/ble_app_uart_pca10056_s140/nrf_atomic.o
                0x0000000000027460                nrf_atomic_flag_clear_fetch
 .text.nrf_balloc_init
                0x0000000000027466       0x2e Output/Release/Obj/ble_app_uart_pca10056_s140/nrf_balloc.o
                0x0000000000027466                nrf_balloc_init
 .text.nrf_balloc_alloc
                0x0000000000027494       0x48 Output/Release/Obj/ble_app_uart_pca10056_s140/nrf_balloc.o
                0x0000000000027494                nrf_balloc_alloc
 .text.nrf_balloc_free
                0x00000000000274dc       0x34 Output/Release/Obj/ble_app_uart_pca10056_s140/nrf_balloc.o
                0x00000000000274dc                nrf_balloc_free
 .text.nrf_fprintf_buffer_flush
                0x0000000000027510       0x16 Output/Release/Obj/ble_app_uart_pca10056_s140/nrf_fprintf.o
                0x0000000000027510                nrf_fprintf_buffer_flush
 .text.nrf_fprintf
                0x0000000000027526       0x1c Output/Release/Obj/ble_app_uart_pca10056_s140/nrf_fprintf.o
                0x0000000000027526                nrf_fprintf
 .text.buffer_add
                0x0000000000027542       0x2e Output/Release/Obj/ble_app_uart_pca10056_s140/nrf_fprintf_format.o
 .text.unsigned_print
                0x0000000000027570       0xb4 Output/Release/Obj/ble_app_uart_pca10056_s140/nrf_fprintf_format.o
 .text.nrf_fprintf_fmt
                0x0000000000027624      0x294 Output/Release/Obj/ble_app_uart_pca10056_s140/nrf_fprintf_format.o
                0x0000000000027624                nrf_fprintf_fmt
 .text.memobj_op
                0x00000000000278b8       0x86 Output/Release/Obj/ble_app_uart_pca10056_s140/nrf_memobj.o
 .text.nrf_memobj_pool_init
                0x000000000002793e        0x4 Output/Release/Obj/ble_app_uart_pca10056_s140/nrf_memobj.o
                0x000000000002793e                nrf_memobj_pool_init
 .text.nrf_memobj_free
                0x0000000000027942       0x2c Output/Release/Obj/ble_app_uart_pca10056_s140/nrf_memobj.o
                0x0000000000027942                nrf_memobj_free
 .text.nrf_memobj_alloc
                0x000000000002796e       0x5e Output/Release/Obj/ble_app_uart_pca10056_s140/nrf_memobj.o
                0x000000000002796e                nrf_memobj_alloc
 .text.nrf_memobj_get
                0x00000000000279cc        0x8 Output/Release/Obj/ble_app_uart_pca10056_s140/nrf_memobj.o
                0x00000000000279cc                nrf_memobj_get
 .text.nrf_memobj_put
                0x00000000000279d4       0x1c Output/Release/Obj/ble_app_uart_pca10056_s140/nrf_memobj.o
                0x00000000000279d4                nrf_memobj_put
 .text.nrf_memobj_write
                0x00000000000279f0       0x14 Output/Release/Obj/ble_app_uart_pca10056_s140/nrf_memobj.o
                0x00000000000279f0                nrf_memobj_write
 .text.nrf_memobj_read
                0x0000000000027a04       0x14 Output/Release/Obj/ble_app_uart_pca10056_s140/nrf_memobj.o
                0x0000000000027a04                nrf_memobj_read
 .text.sd_app_evt_wait
                0x0000000000027a18        0x4 Output/Release/Obj/ble_app_uart_pca10056_s140/nrf_pwr_mgmt.o
 .text.nrf_pwr_mgmt_init
                0x0000000000027a1c       0x2c Output/Release/Obj/ble_app_uart_pca10056_s140/nrf_pwr_mgmt.o
                0x0000000000027a1c                nrf_pwr_mgmt_init
 .text.nrf_pwr_mgmt_run
                0x0000000000027a48       0x50 Output/Release/Obj/ble_app_uart_pca10056_s140/nrf_pwr_mgmt.o
                0x0000000000027a48                nrf_pwr_mgmt_run
 .text.nrf_ringbuf_init
                0x0000000000027a98       0x12 Output/Release/Obj/ble_app_uart_pca10056_s140/nrf_ringbuf.o
                0x0000000000027a98                nrf_ringbuf_init
 .text.nrf_section_iter_init
                0x0000000000027aaa       0x14 Output/Release/Obj/ble_app_uart_pca10056_s140/nrf_section_iter.o
                0x0000000000027aaa                nrf_section_iter_init
 .text.nrf_section_iter_next
                0x0000000000027abe       0x18 Output/Release/Obj/ble_app_uart_pca10056_s140/nrf_section_iter.o
                0x0000000000027abe                nrf_section_iter_next
 *fill*         0x0000000000027ad6        0x2 
 .text.nrf_strerror_find
                0x0000000000027ad8       0x3c Output/Release/Obj/ble_app_uart_pca10056_s140/nrf_strerror.o
                0x0000000000027ad8                nrf_strerror_find
 .text.nrf_strerror_get
                0x0000000000027b14       0x14 Output/Release/Obj/ble_app_uart_pca10056_s140/nrf_strerror.o
                0x0000000000027b14                nrf_strerror_get
 .text.errata_98
                0x0000000000027b28       0x1a Output/Release/Obj/ble_app_uart_pca10056_s140/system_nrf52840.o
 *fill*         0x0000000000027b42        0x2 
 .text.SystemInit
                0x0000000000027b44      0x1bc Output/Release/Obj/ble_app_uart_pca10056_s140/system_nrf52840.o
                0x0000000000027b44                SystemInit
 .text.clock_clk_started_notify
                0x0000000000027d00       0x24 Output/Release/Obj/ble_app_uart_pca10056_s140/nrf_drv_clock.o
 .text.clock_irq_handler
                0x0000000000027d24       0x1c Output/Release/Obj/ble_app_uart_pca10056_s140/nrf_drv_clock.o
 .text.soc_evt_handler
                0x0000000000027d40       0x14 Output/Release/Obj/ble_app_uart_pca10056_s140/nrf_drv_clock.o
 .text.nrf_drv_clock_init
                0x0000000000027d54       0x38 Output/Release/Obj/ble_app_uart_pca10056_s140/nrf_drv_clock.o
                0x0000000000027d54                nrf_drv_clock_init
 .text.nrf_drv_clock_lfclk_release
                0x0000000000027d8c       0x34 Output/Release/Obj/ble_app_uart_pca10056_s140/nrf_drv_clock.o
                0x0000000000027d8c                nrf_drv_clock_lfclk_release
 .text.sd_state_evt_handler
                0x0000000000027dc0       0x5c Output/Release/Obj/ble_app_uart_pca10056_s140/nrf_drv_clock.o
 .text.nrfx_clock_init
                0x0000000000027e1c       0x18 Output/Release/Obj/ble_app_uart_pca10056_s140/nrfx_clock.o
                0x0000000000027e1c                nrfx_clock_init
 .text.nrfx_clock_enable
                0x0000000000027e34       0x24 Output/Release/Obj/ble_app_uart_pca10056_s140/nrfx_clock.o
                0x0000000000027e34                nrfx_clock_enable
 .text.nrfx_clock_lfclk_stop
                0x0000000000027e58       0x12 Output/Release/Obj/ble_app_uart_pca10056_s140/nrfx_clock.o
                0x0000000000027e58                nrfx_clock_lfclk_stop
 *fill*         0x0000000000027e6a        0x2 
 .text.POWER_CLOCK_IRQHandler
                0x0000000000027e6c       0x64 Output/Release/Obj/ble_app_uart_pca10056_s140/nrfx_clock.o
                0x0000000000027e6c                POWER_CLOCK_IRQHandler
 .text.nrf_gpiote_event_clear
                0x0000000000027ed0       0x18 Output/Release/Obj/ble_app_uart_pca10056_s140/nrfx_gpiote.o
 .text.nrf_gpio_pin_port_decode
                0x0000000000027ee8       0x18 Output/Release/Obj/ble_app_uart_pca10056_s140/nrfx_gpiote.o
 .text.nrf_gpio_cfg_sense_set
                0x0000000000027f00       0x2e Output/Release/Obj/ble_app_uart_pca10056_s140/nrfx_gpiote.o
 .text.nrf_bitmask_bit_set
                0x0000000000027f2e       0x14 Output/Release/Obj/ble_app_uart_pca10056_s140/nrfx_gpiote.o
 *fill*         0x0000000000027f42        0x2 
 .text.GPIOTE_IRQHandler
                0x0000000000027f44      0x1b0 Output/Release/Obj/ble_app_uart_pca10056_s140/nrfx_gpiote.o
                0x0000000000027f44                GPIOTE_IRQHandler
 .text.UARTE0_UART0_IRQHandler
                0x00000000000280f4        0xc Output/Release/Obj/ble_app_uart_pca10056_s140/nrfx_prs.o
                0x00000000000280f4                UARTE0_UART0_IRQHandler
 .text.bsp_event_to_button_action_assign
                0x0000000000028100       0x4c Output/Release/Obj/ble_app_uart_pca10056_s140/bsp.o
                0x0000000000028100                bsp_event_to_button_action_assign
 .text.advertising_buttons_configure
                0x000000000002814c       0x46 Output/Release/Obj/ble_app_uart_pca10056_s140/bsp_btn_ble.o
 *fill*         0x0000000000028192        0x2 
 .text.ble_evt_handler
                0x0000000000028194       0x80 Output/Release/Obj/ble_app_uart_pca10056_s140/bsp_btn_ble.o
 .text.sd_ble_gap_device_name_set
                0x0000000000028214        0x4 Output/Release/Obj/ble_app_uart_pca10056_s140/main.o
 .text.conn_params_error_handler
                0x0000000000028218        0x4 Output/Release/Obj/ble_app_uart_pca10056_s140/main.o
 .text.ble_evt_handler
                0x000000000002821c       0xa8 Output/Release/Obj/ble_app_uart_pca10056_s140/main.o
 .text.on_conn_params_evt
                0x00000000000282c4       0x4c Output/Release/Obj/ble_app_uart_pca10056_s140/main.o
 .text.gatt_evt_handler
                0x0000000000028310       0x40 Output/Release/Obj/ble_app_uart_pca10056_s140/main.o
                0x0000000000028310                gatt_evt_handler
 .text.nrf_gpio_pin_write
                0x0000000000028350       0x18 Output/Release/Obj/ble_app_uart_pca10056_s140/main.o
 .text.led_write_handler
                0x0000000000028368       0x58 Output/Release/Obj/ble_app_uart_pca10056_s140/main.o
 .text.gatt_init
                0x00000000000283c0       0x2c Output/Release/Obj/ble_app_uart_pca10056_s140/main.o
                0x00000000000283c0                gatt_init
 .text.startup.main
                0x00000000000283ec      0x19c Output/Release/Obj/ble_app_uart_pca10056_s140/main.o
                0x00000000000283ec                main
 .text._GetAvailWriteSpace
                0x0000000000028588       0x12 Output/Release/Obj/ble_app_uart_pca10056_s140/SEGGER_RTT.o
 .text._WriteNoCheck
                0x000000000002859a       0x38 Output/Release/Obj/ble_app_uart_pca10056_s140/SEGGER_RTT.o
 .text._WriteBlocking
                0x00000000000285d2       0x52 Output/Release/Obj/ble_app_uart_pca10056_s140/SEGGER_RTT.o
 .text._DoInit  0x0000000000028624       0x60 Output/Release/Obj/ble_app_uart_pca10056_s140/SEGGER_RTT.o
 .text.SEGGER_RTT_WriteNoLock
                0x0000000000028684       0x60 Output/Release/Obj/ble_app_uart_pca10056_s140/SEGGER_RTT.o
                0x0000000000028684                SEGGER_RTT_WriteNoLock
 .text.SEGGER_RTT_Init
                0x00000000000286e4        0x4 Output/Release/Obj/ble_app_uart_pca10056_s140/SEGGER_RTT.o
                0x00000000000286e4                SEGGER_RTT_Init
 .text.sd_ble_gap_addr_get
                0x00000000000286e8        0x4 Output/Release/Obj/ble_app_uart_pca10056_s140/ble_advdata.o
 .text.sd_ble_gap_appearance_get
                0x00000000000286ec        0x4 Output/Release/Obj/ble_app_uart_pca10056_s140/ble_advdata.o
 .text.sd_ble_gap_device_name_get
                0x00000000000286f0        0x4 Output/Release/Obj/ble_app_uart_pca10056_s140/ble_advdata.o
 .text.sd_ble_uuid_encode
                0x00000000000286f4        0x4 Output/Release/Obj/ble_app_uart_pca10056_s140/ble_advdata.o
 .text.uuid_list_sized_encode
                0x00000000000286f8       0xac Output/Release/Obj/ble_app_uart_pca10056_s140/ble_advdata.o
 .text.uuid_list_encode
                0x00000000000287a4       0x38 Output/Release/Obj/ble_app_uart_pca10056_s140/ble_advdata.o
 .text.ble_advdata_encode
                0x00000000000287dc      0x394 Output/Release/Obj/ble_app_uart_pca10056_s140/ble_advdata.o
                0x00000000000287dc                ble_advdata_encode
 .text.ble_advdata_search
                0x0000000000028b70       0x38 Output/Release/Obj/ble_app_uart_pca10056_s140/ble_advdata.o
                0x0000000000028b70                ble_advdata_search
 .text.ble_advdata_parse
                0x0000000000028ba8       0x20 Output/Release/Obj/ble_app_uart_pca10056_s140/ble_advdata.o
                0x0000000000028ba8                ble_advdata_parse
 .text.sd_ble_gap_adv_set_configure
                0x0000000000028bc8        0x4 Output/Release/Obj/ble_app_uart_pca10056_s140/ble_advertising.o
 .text.sd_ble_gap_adv_start
                0x0000000000028bcc        0x4 Output/Release/Obj/ble_app_uart_pca10056_s140/ble_advertising.o
 .text.flags_set
                0x0000000000028bd0       0x2c Output/Release/Obj/ble_app_uart_pca10056_s140/ble_advertising.o
 .text.ble_advertising_conn_cfg_tag_set
                0x0000000000028bfc        0x6 Output/Release/Obj/ble_app_uart_pca10056_s140/ble_advertising.o
                0x0000000000028bfc                ble_advertising_conn_cfg_tag_set
 .text.ble_advertising_init
                0x0000000000028c02       0xea Output/Release/Obj/ble_app_uart_pca10056_s140/ble_advertising.o
                0x0000000000028c02                ble_advertising_init
 .text.ble_advertising_start
                0x0000000000028cec      0x21c Output/Release/Obj/ble_app_uart_pca10056_s140/ble_advertising.o
                0x0000000000028cec                ble_advertising_start
 .text.ble_advertising_on_ble_evt
                0x0000000000028f08       0x6a Output/Release/Obj/ble_app_uart_pca10056_s140/ble_advertising.o
                0x0000000000028f08                ble_advertising_on_ble_evt
 .text.ble_advertising_on_sys_evt
                0x0000000000028f72        0x2 Output/Release/Obj/ble_app_uart_pca10056_s140/ble_advertising.o
                0x0000000000028f72                ble_advertising_on_sys_evt
 .text.sd_ble_gap_conn_param_update
                0x0000000000028f74        0x4 Output/Release/Obj/ble_app_uart_pca10056_s140/ble_conn_params.o
 .text.sd_ble_gap_disconnect
                0x0000000000028f78        0x4 Output/Release/Obj/ble_app_uart_pca10056_s140/ble_conn_params.o
 .text.sd_ble_gap_ppcp_set
                0x0000000000028f7c        0x4 Output/Release/Obj/ble_app_uart_pca10056_s140/ble_conn_params.o
 .text.sd_ble_gap_ppcp_get
                0x0000000000028f80        0x4 Output/Release/Obj/ble_app_uart_pca10056_s140/ble_conn_params.o
 .text.instance_get
                0x0000000000028f84       0x14 Output/Release/Obj/ble_app_uart_pca10056_s140/ble_conn_params.o
 .text.send_error_evt
                0x0000000000028f98       0x10 Output/Release/Obj/ble_app_uart_pca10056_s140/ble_conn_params.o
 .text.update_timeout_handler
                0x0000000000028fa8       0x70 Output/Release/Obj/ble_app_uart_pca10056_s140/ble_conn_params.o
 .text.conn_params_negotiation
                0x0000000000029018       0x48 Output/Release/Obj/ble_app_uart_pca10056_s140/ble_conn_params.o
 .text.is_conn_params_ok.constprop.0
                0x0000000000029060       0x32 Output/Release/Obj/ble_app_uart_pca10056_s140/ble_conn_params.o
 *fill*         0x0000000000029092        0x2 
 .text.ble_evt_handler
                0x0000000000029094       0xe0 Output/Release/Obj/ble_app_uart_pca10056_s140/ble_conn_params.o
 .text.ble_conn_params_init
                0x0000000000029174       0x74 Output/Release/Obj/ble_app_uart_pca10056_s140/ble_conn_params.o
                0x0000000000029174                ble_conn_params_init
 .text.conn_handle_list_get
                0x00000000000291e8       0x2e Output/Release/Obj/ble_app_uart_pca10056_s140/ble_conn_state.o
                0x00000000000291e8                conn_handle_list_get
 *fill*         0x0000000000029216        0x2 
 .text.ble_evt_handler
                0x0000000000029218       0xe0 Output/Release/Obj/ble_app_uart_pca10056_s140/ble_conn_state.o
 .text.sd_ble_gatts_characteristic_add
                0x00000000000292f8        0x4 Output/Release/Obj/ble_app_uart_pca10056_s140/ble_srv_common.o
 .text.set_security_req
                0x00000000000292fc       0x2a Output/Release/Obj/ble_app_uart_pca10056_s140/ble_srv_common.o
 .text.ble_srv_is_notification_enabled
                0x0000000000029326        0x8 Output/Release/Obj/ble_app_uart_pca10056_s140/ble_srv_common.o
                0x0000000000029326                ble_srv_is_notification_enabled
 .text.characteristic_add
                0x000000000002932e      0x148 Output/Release/Obj/ble_app_uart_pca10056_s140/ble_srv_common.o
                0x000000000002932e                characteristic_add
 .text.sd_ble_gap_data_length_update
                0x0000000000029476        0x4 Output/Release/Obj/ble_app_uart_pca10056_s140/nrf_ble_gatt.o
 .text.sd_ble_gattc_exchange_mtu_request
                0x000000000002947a        0x4 Output/Release/Obj/ble_app_uart_pca10056_s140/nrf_ble_gatt.o
 .text.sd_ble_gatts_exchange_mtu_reply
                0x000000000002947e        0x4 Output/Release/Obj/ble_app_uart_pca10056_s140/nrf_ble_gatt.o
 *fill*         0x0000000000029482        0x2 
 .text.data_length_update
                0x0000000000029484       0x84 Output/Release/Obj/ble_app_uart_pca10056_s140/nrf_ble_gatt.o
 .text.nrf_ble_gatt_init
                0x0000000000029508       0x28 Output/Release/Obj/ble_app_uart_pca10056_s140/nrf_ble_gatt.o
                0x0000000000029508                nrf_ble_gatt_init
 .text.nrf_ble_gatt_att_mtu_periph_set
                0x0000000000029530       0x18 Output/Release/Obj/ble_app_uart_pca10056_s140/nrf_ble_gatt.o
                0x0000000000029530                nrf_ble_gatt_att_mtu_periph_set
 .text.nrf_ble_gatt_on_ble_evt
                0x0000000000029548      0x1b0 Output/Release/Obj/ble_app_uart_pca10056_s140/nrf_ble_gatt.o
                0x0000000000029548                nrf_ble_gatt_on_ble_evt
 .text.sd_ble_gatts_rw_authorize_reply
                0x00000000000296f8        0x4 Output/Release/Obj/ble_app_uart_pca10056_s140/nrf_ble_qwr.o
 .text.sd_ble_user_mem_reply
                0x00000000000296fc        0x4 Output/Release/Obj/ble_app_uart_pca10056_s140/nrf_ble_qwr.o
 .text.user_mem_reply.part.0
                0x0000000000029700       0x24 Output/Release/Obj/ble_app_uart_pca10056_s140/nrf_ble_qwr.o
 .text.nrf_ble_qwr_on_ble_evt
                0x0000000000029724       0xa6 Output/Release/Obj/ble_app_uart_pca10056_s140/nrf_ble_qwr.o
                0x0000000000029724                nrf_ble_qwr_on_ble_evt
 .text.sd_softdevice_enable
                0x00000000000297ca        0x4 Output/Release/Obj/ble_app_uart_pca10056_s140/nrf_sdh.o
 *fill*         0x00000000000297ce        0x2 
 .text.sdh_request_observer_notify
                0x00000000000297d0       0x30 Output/Release/Obj/ble_app_uart_pca10056_s140/nrf_sdh.o
 .text.sdh_state_observer_notify
                0x0000000000029800       0x28 Output/Release/Obj/ble_app_uart_pca10056_s140/nrf_sdh.o
 .text.softdevices_evt_irq_enable
                0x0000000000029828       0x38 Output/Release/Obj/ble_app_uart_pca10056_s140/nrf_sdh.o
 .text.nrf_sdh_enable_request
                0x0000000000029860       0x7c Output/Release/Obj/ble_app_uart_pca10056_s140/nrf_sdh.o
                0x0000000000029860                nrf_sdh_enable_request
 .text.nrf_sdh_is_enabled
                0x00000000000298dc        0xc Output/Release/Obj/ble_app_uart_pca10056_s140/nrf_sdh.o
                0x00000000000298dc                nrf_sdh_is_enabled
 .text.nrf_sdh_evts_poll
                0x00000000000298e8       0x28 Output/Release/Obj/ble_app_uart_pca10056_s140/nrf_sdh.o
                0x00000000000298e8                nrf_sdh_evts_poll
 .text.SWI2_EGU2_IRQHandler
                0x0000000000029910        0x4 Output/Release/Obj/ble_app_uart_pca10056_s140/nrf_sdh.o
                0x0000000000029910                SWI2_EGU2_IRQHandler
 .text.sd_ble_enable
                0x0000000000029914        0x4 Output/Release/Obj/ble_app_uart_pca10056_s140/nrf_sdh_ble.o
 .text.sd_ble_cfg_set
                0x0000000000029918        0x4 Output/Release/Obj/ble_app_uart_pca10056_s140/nrf_sdh_ble.o
 .text.sd_ble_evt_get
                0x000000000002991c        0x4 Output/Release/Obj/ble_app_uart_pca10056_s140/nrf_sdh_ble.o
 .text.nrf_sdh_ble_evts_poll.part.0
                0x0000000000029920       0x54 Output/Release/Obj/ble_app_uart_pca10056_s140/nrf_sdh_ble.o
 .text.nrf_sdh_ble_evts_poll
                0x0000000000029974       0x10 Output/Release/Obj/ble_app_uart_pca10056_s140/nrf_sdh_ble.o
 .text.nrf_sdh_ble_default_cfg_set
                0x0000000000029984      0x180 Output/Release/Obj/ble_app_uart_pca10056_s140/nrf_sdh_ble.o
                0x0000000000029984                nrf_sdh_ble_default_cfg_set
 .text.nrf_sdh_ble_enable
                0x0000000000029b04       0x98 Output/Release/Obj/ble_app_uart_pca10056_s140/nrf_sdh_ble.o
                0x0000000000029b04                nrf_sdh_ble_enable
 .text.sd_evt_get
                0x0000000000029b9c        0x4 Output/Release/Obj/ble_app_uart_pca10056_s140/nrf_sdh_soc.o
 .text.nrf_sdh_soc_evts_poll
                0x0000000000029ba0       0x40 Output/Release/Obj/ble_app_uart_pca10056_s140/nrf_sdh_soc.o
 .text.Util_convertBdAddr2Str
                0x0000000000029be0       0x64 Output/Release/Obj/ble_app_uart_pca10056_s140/gy_common.o
                0x0000000000029be0                Util_convertBdAddr2Str
 .text.sd_ble_gatts_service_add
                0x0000000000029c44        0x4 Output/Release/Obj/ble_app_uart_pca10056_s140/gy_profile_led.o
 .text.sd_ble_uuid_vs_add
                0x0000000000029c48        0x4 Output/Release/Obj/ble_app_uart_pca10056_s140/gy_profile_led.o
 .text.ble_led_on_ble_evt
                0x0000000000029c4c       0x54 Output/Release/Obj/ble_app_uart_pca10056_s140/gy_profile_led.o
                0x0000000000029c4c                ble_led_on_ble_evt
 .text.ble_led_init
                0x0000000000029ca0       0x9c Output/Release/Obj/ble_app_uart_pca10056_s140/gy_profile_led.o
                0x0000000000029ca0                ble_led_init
 .text.LED_Init
                0x0000000000029d3c       0x4c Output/Release/Obj/ble_app_uart_pca10056_s140/gy_serial_led.o
                0x0000000000029d3c                LED_Init
 .text.libc.__RAL_ascii_isctype
                0x0000000000029d88       0x1c D:/Program Files/SEGGER/SEGGER Embedded Studio for ARM 5.60/lib/libc_v7em_fpv4_sp_d16_hard_t_le_eabi.a(libc2.o)
 .text.libc.__RAL_ascii_toupper
                0x0000000000029da4        0xc D:/Program Files/SEGGER/SEGGER Embedded Studio for ARM 5.60/lib/libc_v7em_fpv4_sp_d16_hard_t_le_eabi.a(libc2.o)
 .text.libc.__RAL_ascii_tolower
                0x0000000000029db0        0xc D:/Program Files/SEGGER/SEGGER Embedded Studio for ARM 5.60/lib/libc_v7em_fpv4_sp_d16_hard_t_le_eabi.a(libc2.o)
 .text.libc.__RAL_ascii_iswctype
                0x0000000000029dbc       0x1c D:/Program Files/SEGGER/SEGGER Embedded Studio for ARM 5.60/lib/libc_v7em_fpv4_sp_d16_hard_t_le_eabi.a(libc2.o)
 .text.libc.__RAL_ascii_towupper
                0x0000000000029dd8        0xc D:/Program Files/SEGGER/SEGGER Embedded Studio for ARM 5.60/lib/libc_v7em_fpv4_sp_d16_hard_t_le_eabi.a(libc2.o)
 .text.libc.__RAL_ascii_towlower
                0x0000000000029de4        0xc D:/Program Files/SEGGER/SEGGER Embedded Studio for ARM 5.60/lib/libc_v7em_fpv4_sp_d16_hard_t_le_eabi.a(libc2.o)
 .text.libc.__RAL_ascii_wctomb
                0x0000000000029df0        0xe D:/Program Files/SEGGER/SEGGER Embedded Studio for ARM 5.60/lib/libc_v7em_fpv4_sp_d16_hard_t_le_eabi.a(libc2.o)
                0x0000000000029df0                __RAL_ascii_wctomb
 .text.libc.__RAL_ascii_mbtowc
                0x0000000000029dfe       0x24 D:/Program Files/SEGGER/SEGGER Embedded Studio for ARM 5.60/lib/libc_v7em_fpv4_sp_d16_hard_t_le_eabi.a(libc2.o)
                0x0000000000029dfe                __RAL_ascii_mbtowc
 *fill*         0x0000000000029e22        0x2 
 .text.libc.__RAL_isctype
                0x0000000000029e24       0x14 D:/Program Files/SEGGER/SEGGER Embedded Studio for ARM 5.60/lib/libc_v7em_fpv4_sp_d16_hard_t_le_eabi.a(libc2.o)
                0x0000000000029e24                __RAL_isctype
 .text.libc.isprint
                0x0000000000029e38        0xa D:/Program Files/SEGGER/SEGGER Embedded Studio for ARM 5.60/lib/libc_v7em_fpv4_sp_d16_hard_t_le_eabi.a(libc2.o)
                0x0000000000029e38                isprint
 .text.libc.memcpy
                0x0000000000029e42       0x52 D:/Program Files/SEGGER/SEGGER Embedded Studio for ARM 5.60/lib/libc_v7em_fpv4_sp_d16_hard_t_le_eabi.a(libc2_asm.o)
                0x0000000000029e42                __aeabi_memcpy
                0x0000000000029e42                memcpy
                0x0000000000029e4e                __aeabi_memcpy8
                0x0000000000029e4e                __aeabi_memcpy4
 .text.libc.memset
                0x0000000000029e94       0x66 D:/Program Files/SEGGER/SEGGER Embedded Studio for ARM 5.60/lib/libc_v7em_fpv4_sp_d16_hard_t_le_eabi.a(libc2_asm.o)
                0x0000000000029e94                memset
 .text.libc.strcpy
                0x0000000000029efa       0x44 D:/Program Files/SEGGER/SEGGER Embedded Studio for ARM 5.60/lib/libc_v7em_fpv4_sp_d16_hard_t_le_eabi.a(libc2_asm.o)
                0x0000000000029efa                strcpy
 .text.libc.strlen
                0x0000000000029f3e       0x60 D:/Program Files/SEGGER/SEGGER Embedded Studio for ARM 5.60/lib/libc_v7em_fpv4_sp_d16_hard_t_le_eabi.a(libc2_asm.o)
                0x0000000000029f3e                strlen
                0x0000000000029f9e                __text_end__ = (__text_start__ + SIZEOF (.text))
                0x0000000000003bca                __text_size__ = SIZEOF (.text)
                0x0000000000029f9e                __text_load_end__ = __text_end__

.vfp11_veneer   0x0000000100000000        0x0
 .vfp11_veneer  0x0000000100000000        0x0 linker stubs

.v4_bx          0x0000000100000000        0x0
 .v4_bx         0x0000000100000000        0x0 linker stubs

.iplt           0x0000000100000000        0x0
 .iplt          0x0000000100000000        0x0 Output/Release/Obj/ble_app_uart_pca10056_s140/thumb_crt0.o
                0x0000000000000001                . = ASSERT (((__text_start__ == __text_end__) || ((__text_end__ - __FLASH_segment_start__) <= __FLASH_segment_size__)), error: .text is too large to fit in FLASH memory segment)
                0x0000000000029fa0                __sdh_soc_observers_load_start__ = ALIGN (__text_end__, 0x4)

.sdh_soc_observers
                0x0000000000029fa0       0x10
                0x0000000000029fa0                __sdh_soc_observers_start__ = .
                0x0000000000029fa0                __start_sdh_soc_observers = __sdh_soc_observers_start__
 *(SORT_BY_NAME(.sdh_soc_observers*))
 .sdh_soc_observers0
                0x0000000000029fa0        0x8 Output/Release/Obj/ble_app_uart_pca10056_s140/nrf_drv_clock.o
 .sdh_soc_observers1
                0x0000000000029fa8        0x8 Output/Release/Obj/ble_app_uart_pca10056_s140/main.o
                0x0000000000029fb0                __sdh_soc_observers_end__ = (__sdh_soc_observers_start__ + SIZEOF (.sdh_soc_observers))
                0x0000000000000010                __sdh_soc_observers_size__ = SIZEOF (.sdh_soc_observers)
                0x0000000000029fb0                __stop_sdh_soc_observers = __sdh_soc_observers_end__
                0x0000000000029fb0                __sdh_soc_observers_load_end__ = __sdh_soc_observers_end__
                0x0000000000000001                . = ASSERT (((__sdh_soc_observers_start__ == __sdh_soc_observers_end__) || ((__sdh_soc_observers_end__ - __FLASH_segment_start__) <= __FLASH_segment_size__)), error: .sdh_soc_observers is too large to fit in FLASH memory segment)
                0x0000000000029fb0                __sdh_ble_observers_load_start__ = ALIGN (__sdh_soc_observers_end__, 0x4)

.sdh_ble_observers
                0x0000000000029fb0       0x40
                0x0000000000029fb0                __sdh_ble_observers_start__ = .
                0x0000000000029fb0                __start_sdh_ble_observers = __sdh_ble_observers_start__
 *(SORT_BY_NAME(.sdh_ble_observers*))
 .sdh_ble_observers0
                0x0000000000029fb0        0x8 Output/Release/Obj/ble_app_uart_pca10056_s140/ble_conn_state.o
 .sdh_ble_observers1
                0x0000000000029fb8        0x8 Output/Release/Obj/ble_app_uart_pca10056_s140/bsp_btn_ble.o
 .sdh_ble_observers1
                0x0000000000029fc0       0x10 Output/Release/Obj/ble_app_uart_pca10056_s140/main.o
 .sdh_ble_observers1
                0x0000000000029fd0        0x8 Output/Release/Obj/ble_app_uart_pca10056_s140/ble_conn_params.o
 .sdh_ble_observers2
                0x0000000000029fd8       0x10 Output/Release/Obj/ble_app_uart_pca10056_s140/main.o
 .sdh_ble_observers3
                0x0000000000029fe8        0x8 Output/Release/Obj/ble_app_uart_pca10056_s140/main.o
                0x0000000000029ff0                __sdh_ble_observers_end__ = (__sdh_ble_observers_start__ + SIZEOF (.sdh_ble_observers))
                0x0000000000000040                __sdh_ble_observers_size__ = SIZEOF (.sdh_ble_observers)
                0x0000000000029ff0                __stop_sdh_ble_observers = __sdh_ble_observers_end__
                0x0000000000029ff0                __sdh_ble_observers_load_end__ = __sdh_ble_observers_end__
                0x0000000000000001                . = ASSERT (((__sdh_ble_observers_start__ == __sdh_ble_observers_end__) || ((__sdh_ble_observers_end__ - __FLASH_segment_start__) <= __FLASH_segment_size__)), error: .sdh_ble_observers is too large to fit in FLASH memory segment)
                0x0000000000029ff0                __pwr_mgmt_data_load_start__ = ALIGN (__sdh_ble_observers_end__, 0x4)

.pwr_mgmt_data  0x0000000000029ff0        0x0
                0x0000000000029ff0                __pwr_mgmt_data_start__ = .
                0x0000000000029ff0                __start_pwr_mgmt_data = __pwr_mgmt_data_start__
 *(SORT_BY_NAME(.pwr_mgmt_data*))
                0x0000000000029ff0                __pwr_mgmt_data_end__ = (__pwr_mgmt_data_start__ + SIZEOF (.pwr_mgmt_data))
                0x0000000000000000                __pwr_mgmt_data_size__ = SIZEOF (.pwr_mgmt_data)
                0x0000000000029ff0                __stop_pwr_mgmt_data = __pwr_mgmt_data_end__
                0x0000000000029ff0                __pwr_mgmt_data_load_end__ = __pwr_mgmt_data_end__
                0x0000000000000001                . = ASSERT (((__pwr_mgmt_data_start__ == __pwr_mgmt_data_end__) || ((__pwr_mgmt_data_end__ - __FLASH_segment_start__) <= __FLASH_segment_size__)), error: .pwr_mgmt_data is too large to fit in FLASH memory segment)
                0x0000000000029ff0                __sdh_req_observers_load_start__ = ALIGN (__pwr_mgmt_data_end__, 0x4)

.sdh_req_observers
                0x0000000000029ff0        0x0
                0x0000000000029ff0                __sdh_req_observers_start__ = .
                0x0000000000029ff0                __start_sdh_req_observers = __sdh_req_observers_start__
 *(SORT_BY_NAME(.sdh_req_observers*))
                0x0000000000029ff0                __sdh_req_observers_end__ = (__sdh_req_observers_start__ + SIZEOF (.sdh_req_observers))
                0x0000000000000000                __sdh_req_observers_size__ = SIZEOF (.sdh_req_observers)
                0x0000000000029ff0                __stop_sdh_req_observers = __sdh_req_observers_end__
                0x0000000000029ff0                __sdh_req_observers_load_end__ = __sdh_req_observers_end__
                0x0000000000000001                . = ASSERT (((__sdh_req_observers_start__ == __sdh_req_observers_end__) || ((__sdh_req_observers_end__ - __FLASH_segment_start__) <= __FLASH_segment_size__)), error: .sdh_req_observers is too large to fit in FLASH memory segment)
                0x0000000000029ff0                __sdh_state_observers_load_start__ = ALIGN (__sdh_req_observers_end__, 0x4)

.sdh_state_observers
                0x0000000000029ff0        0x8
                0x0000000000029ff0                __sdh_state_observers_start__ = .
                0x0000000000029ff0                __start_sdh_state_observers = __sdh_state_observers_start__
 *(SORT_BY_NAME(.sdh_state_observers*))
 .sdh_state_observers0
                0x0000000000029ff0        0x8 Output/Release/Obj/ble_app_uart_pca10056_s140/nrf_drv_clock.o
                0x0000000000029ff8                __sdh_state_observers_end__ = (__sdh_state_observers_start__ + SIZEOF (.sdh_state_observers))
                0x0000000000000008                __sdh_state_observers_size__ = SIZEOF (.sdh_state_observers)
                0x0000000000029ff8                __stop_sdh_state_observers = __sdh_state_observers_end__
                0x0000000000029ff8                __sdh_state_observers_load_end__ = __sdh_state_observers_end__
                0x0000000000000001                . = ASSERT (((__sdh_state_observers_start__ == __sdh_state_observers_end__) || ((__sdh_state_observers_end__ - __FLASH_segment_start__) <= __FLASH_segment_size__)), error: .sdh_state_observers is too large to fit in FLASH memory segment)
                0x0000000000029ff8                __sdh_stack_observers_load_start__ = ALIGN (__sdh_state_observers_end__, 0x4)

.sdh_stack_observers
                0x0000000000029ff8       0x10
                0x0000000000029ff8                __sdh_stack_observers_start__ = .
                0x0000000000029ff8                __start_sdh_stack_observers = __sdh_stack_observers_start__
 *(SORT_BY_NAME(.sdh_stack_observers*))
 .sdh_stack_observers0
                0x0000000000029ff8        0x8 Output/Release/Obj/ble_app_uart_pca10056_s140/nrf_sdh_ble.o
 .sdh_stack_observers0
                0x000000000002a000        0x8 Output/Release/Obj/ble_app_uart_pca10056_s140/nrf_sdh_soc.o
                0x000000000002a008                __sdh_stack_observers_end__ = (__sdh_stack_observers_start__ + SIZEOF (.sdh_stack_observers))
                0x0000000000000010                __sdh_stack_observers_size__ = SIZEOF (.sdh_stack_observers)
                0x000000000002a008                __stop_sdh_stack_observers = __sdh_stack_observers_end__
                0x000000000002a008                __sdh_stack_observers_load_end__ = __sdh_stack_observers_end__
                0x0000000000000001                . = ASSERT (((__sdh_stack_observers_start__ == __sdh_stack_observers_end__) || ((__sdh_stack_observers_end__ - __FLASH_segment_start__) <= __FLASH_segment_size__)), error: .sdh_stack_observers is too large to fit in FLASH memory segment)
                0x000000000002a008                __nrf_queue_load_start__ = ALIGN (__sdh_stack_observers_end__, 0x4)

.nrf_queue      0x000000000002a008        0x0
                0x000000000002a008                __nrf_queue_start__ = .
                0x000000000002a008                __start_nrf_queue = __nrf_queue_start__
 *(.nrf_queue*)
                0x000000000002a008                __nrf_queue_end__ = (__nrf_queue_start__ + SIZEOF (.nrf_queue))
                0x0000000000000000                __nrf_queue_size__ = SIZEOF (.nrf_queue)
                0x000000000002a008                __stop_nrf_queue = __nrf_queue_end__
                0x000000000002a008                __nrf_queue_load_end__ = __nrf_queue_end__
                0x0000000000000001                . = ASSERT (((__nrf_queue_start__ == __nrf_queue_end__) || ((__nrf_queue_end__ - __FLASH_segment_start__) <= __FLASH_segment_size__)), error: .nrf_queue is too large to fit in FLASH memory segment)
                0x000000000002a008                __nrf_balloc_load_start__ = ALIGN (__nrf_queue_end__, 0x4)

.nrf_balloc     0x000000000002a008       0x14
                0x000000000002a008                __nrf_balloc_start__ = .
                0x000000000002a008                __start_nrf_balloc = __nrf_balloc_start__
 *(.nrf_balloc*)
 .nrf_balloc    0x000000000002a008       0x14 Output/Release/Obj/ble_app_uart_pca10056_s140/nrf_log_frontend.o
                0x000000000002a008                log_mempool
                0x000000000002a01c                __nrf_balloc_end__ = (__nrf_balloc_start__ + SIZEOF (.nrf_balloc))
                0x0000000000000014                __nrf_balloc_size__ = SIZEOF (.nrf_balloc)
                0x000000000002a01c                __stop_nrf_balloc = __nrf_balloc_end__
                0x000000000002a01c                __nrf_balloc_load_end__ = __nrf_balloc_end__
                0x0000000000000001                . = ASSERT (((__nrf_balloc_start__ == __nrf_balloc_end__) || ((__nrf_balloc_end__ - __FLASH_segment_start__) <= __FLASH_segment_size__)), error: .nrf_balloc is too large to fit in FLASH memory segment)
                0x000000000002a01c                __cli_command_load_start__ = ALIGN (__nrf_balloc_end__, 0x4)

.cli_command    0x000000000002a01c        0x0
                0x000000000002a01c                __cli_command_start__ = .
                0x000000000002a01c                __start_cli_command = __cli_command_start__
 *(.cli_command*)
                0x000000000002a01c                __cli_command_end__ = (__cli_command_start__ + SIZEOF (.cli_command))
                0x0000000000000000                __cli_command_size__ = SIZEOF (.cli_command)
                0x000000000002a01c                __stop_cli_command = __cli_command_end__
                0x000000000002a01c                __cli_command_load_end__ = __cli_command_end__
                0x0000000000000001                . = ASSERT (((__cli_command_start__ == __cli_command_end__) || ((__cli_command_end__ - __FLASH_segment_start__) <= __FLASH_segment_size__)), error: .cli_command is too large to fit in FLASH memory segment)
                0x000000000002a01c                __crypto_data_load_start__ = ALIGN (__cli_command_end__, 0x4)

.crypto_data    0x000000000002a01c        0x0
                0x000000000002a01c                __crypto_data_start__ = .
                0x000000000002a01c                __start_crypto_data = __crypto_data_start__
 *(SORT_BY_NAME(.crypto_data*))
                0x000000000002a01c                __crypto_data_end__ = (__crypto_data_start__ + SIZEOF (.crypto_data))
                0x0000000000000000                __crypto_data_size__ = SIZEOF (.crypto_data)
                0x000000000002a01c                __stop_crypto_data = __crypto_data_end__
                0x000000000002a01c                __crypto_data_load_end__ = __crypto_data_end__
                0x0000000000000001                . = ASSERT (((__crypto_data_start__ == __crypto_data_end__) || ((__crypto_data_end__ - __FLASH_segment_start__) <= __FLASH_segment_size__)), error: .crypto_data is too large to fit in FLASH memory segment)
                0x000000000002a01c                __log_const_data_load_start__ = ALIGN (__crypto_data_end__, 0x4)

.log_const_data
                0x000000000002a01c       0x68
                0x000000000002a01c                __log_const_data_start__ = .
                0x000000000002a01c                __start_log_const_data = __log_const_data_start__
 *(SORT_BY_NAME(.log_const_data*))
 .log_const_data_CLOCK
                0x000000000002a01c        0x8 Output/Release/Obj/ble_app_uart_pca10056_s140/nrfx_clock.o
                0x000000000002a01c                m_nrf_log_CLOCK_logs_data_const
 .log_const_data_GPIOTE
                0x000000000002a024        0x8 Output/Release/Obj/ble_app_uart_pca10056_s140/nrfx_gpiote.o
                0x000000000002a024                m_nrf_log_GPIOTE_logs_data_const
 .log_const_data_PRS
                0x000000000002a02c        0x8 Output/Release/Obj/ble_app_uart_pca10056_s140/nrfx_prs.o
                0x000000000002a02c                m_nrf_log_PRS_logs_data_const
 .log_const_data_UART
                0x000000000002a034        0x8 Output/Release/Obj/ble_app_uart_pca10056_s140/nrfx_uart.o
                0x000000000002a034                m_nrf_log_UART_logs_data_const
 .log_const_data_UARTE
                0x000000000002a03c        0x8 Output/Release/Obj/ble_app_uart_pca10056_s140/nrfx_uarte.o
                0x000000000002a03c                m_nrf_log_UARTE_logs_data_const
 .log_const_data_app
                0x000000000002a044        0x8 Output/Release/Obj/ble_app_uart_pca10056_s140/nrf_log_frontend.o
                0x000000000002a044                m_nrf_log_app_logs_data_const
 .log_const_data_ble_nus
                0x000000000002a04c        0x8 Output/Release/Obj/ble_app_uart_pca10056_s140/ble_nus.o
                0x000000000002a04c                m_nrf_log_ble_nus_logs_data_const
 .log_const_data_clock
                0x000000000002a054        0x8 Output/Release/Obj/ble_app_uart_pca10056_s140/nrf_drv_clock.o
                0x000000000002a054                m_nrf_log_clock_logs_data_const
 .log_const_data_nrf_ble_gatt
                0x000000000002a05c        0x8 Output/Release/Obj/ble_app_uart_pca10056_s140/nrf_ble_gatt.o
                0x000000000002a05c                m_nrf_log_nrf_ble_gatt_logs_data_const
 .log_const_data_nrf_sdh
                0x000000000002a064        0x8 Output/Release/Obj/ble_app_uart_pca10056_s140/nrf_sdh.o
                0x000000000002a064                m_nrf_log_nrf_sdh_logs_data_const
 .log_const_data_nrf_sdh_ble
                0x000000000002a06c        0x8 Output/Release/Obj/ble_app_uart_pca10056_s140/nrf_sdh_ble.o
                0x000000000002a06c                m_nrf_log_nrf_sdh_ble_logs_data_const
 .log_const_data_nrf_sdh_soc
                0x000000000002a074        0x8 Output/Release/Obj/ble_app_uart_pca10056_s140/nrf_sdh_soc.o
                0x000000000002a074                m_nrf_log_nrf_sdh_soc_logs_data_const
 .log_const_data_pwr_mgmt
                0x000000000002a07c        0x8 Output/Release/Obj/ble_app_uart_pca10056_s140/nrf_pwr_mgmt.o
                0x000000000002a07c                m_nrf_log_pwr_mgmt_logs_data_const
                0x000000000002a084                __log_const_data_end__ = (__log_const_data_start__ + SIZEOF (.log_const_data))
                0x0000000000000068                __log_const_data_size__ = SIZEOF (.log_const_data)
                0x000000000002a084                __stop_log_const_data = __log_const_data_end__
                0x000000000002a084                __log_const_data_load_end__ = __log_const_data_end__
                0x0000000000000001                . = ASSERT (((__log_const_data_start__ == __log_const_data_end__) || ((__log_const_data_end__ - __FLASH_segment_start__) <= __FLASH_segment_size__)), error: .log_const_data is too large to fit in FLASH memory segment)
                0x000000000002a084                __log_backends_load_start__ = ALIGN (__log_const_data_end__, 0x4)

.log_backends   0x000000000002a084       0x10
                0x000000000002a084                __log_backends_start__ = .
                0x000000000002a084                __start_log_backends = __log_backends_start__
 *(SORT_BY_NAME(.log_backends*))
 .log_backends  0x000000000002a084       0x10 Output/Release/Obj/ble_app_uart_pca10056_s140/nrf_log_default_backends.o
                0x000000000002a094                __log_backends_end__ = (__log_backends_start__ + SIZEOF (.log_backends))
                0x0000000000000010                __log_backends_size__ = SIZEOF (.log_backends)
                0x000000000002a094                __stop_log_backends = __log_backends_end__
                0x000000000002a094                __log_backends_load_end__ = __log_backends_end__
                0x0000000000000001                . = ASSERT (((__log_backends_start__ == __log_backends_end__) || ((__log_backends_end__ - __FLASH_segment_start__) <= __FLASH_segment_size__)), error: .log_backends is too large to fit in FLASH memory segment)
                0x000000000002a094                __nrf_sections_load_start__ = ALIGN (__log_backends_end__, 0x4)

.nrf_sections   0x000000000002a094        0x0
                0x000000000002a094                __nrf_sections_start__ = .
                0x000000000002a094                __start_nrf_sections = __nrf_sections_start__
 *(.nrf_sections .nrf_sections.*)
                0x000000000002a094                __nrf_sections_end__ = (__nrf_sections_start__ + SIZEOF (.nrf_sections))
                0x0000000000000000                __nrf_sections_size__ = SIZEOF (.nrf_sections)
                0x000000000002a094                __nrf_sections_load_end__ = __nrf_sections_end__
                0x0000000000000001                . = ASSERT (((__nrf_sections_start__ == __nrf_sections_end__) || ((__nrf_sections_end__ - __FLASH_segment_start__) <= __FLASH_segment_size__)), error: .nrf_sections is too large to fit in FLASH memory segment)
                0x000000000002a094                __cli_sorted_cmd_ptrs_load_start__ = ALIGN (__nrf_sections_end__, 0x4)

.cli_sorted_cmd_ptrs
                0x0000000020002a98        0x0 load address 0x000000000002a094
                0x0000000020002a98                __cli_sorted_cmd_ptrs_start__ = .
 *(.cli_sorted_cmd_ptrs*)
                0x0000000020002a98                __cli_sorted_cmd_ptrs_end__ = (__cli_sorted_cmd_ptrs_start__ + SIZEOF (.cli_sorted_cmd_ptrs))
                0x0000000000000000                __cli_sorted_cmd_ptrs_size__ = SIZEOF (.cli_sorted_cmd_ptrs)
                0x000000000002a094                __cli_sorted_cmd_ptrs_load_end__ = (__cli_sorted_cmd_ptrs_load_start__ + SIZEOF (.cli_sorted_cmd_ptrs))
                0x0000000000000001                . = ASSERT (((__cli_sorted_cmd_ptrs_load_start__ == __cli_sorted_cmd_ptrs_load_end__) || ((__cli_sorted_cmd_ptrs_load_end__ - __FLASH_segment_start__) <= __FLASH_segment_size__)), error: .cli_sorted_cmd_ptrs is too large to fit in FLASH memory segment)

.cli_sorted_cmd_ptrs_run
                0x0000000020002a98        0x0
                0x0000000020002a98                __cli_sorted_cmd_ptrs_run_start__ = .
                0x0000000020002a98                __start_cli_sorted_cmd_ptrs = __cli_sorted_cmd_ptrs_run_start__
                0x0000000020002a98                __cli_sorted_cmd_ptrs_run_end__ = (__cli_sorted_cmd_ptrs_run_start__ + SIZEOF (.cli_sorted_cmd_ptrs))
                0x0000000000000000                __cli_sorted_cmd_ptrs_run_size__ = (__cli_sorted_cmd_ptrs_run_end__ - __cli_sorted_cmd_ptrs_run_start__)
                0x0000000020002a98                __stop_cli_sorted_cmd_ptrs = __cli_sorted_cmd_ptrs_run_end__
                0x0000000020002a98                __cli_sorted_cmd_ptrs_run_load_end__ = __cli_sorted_cmd_ptrs_run_end__
                0x0000000000000001                . = ASSERT (((__cli_sorted_cmd_ptrs_run_start__ == __cli_sorted_cmd_ptrs_run_end__) || ((__cli_sorted_cmd_ptrs_run_end__ - __RAM_segment_start__) <= __RAM_segment_size__)), error: .cli_sorted_cmd_ptrs_run is too large to fit in RAM memory segment)
                0x000000000002a094                __fs_data_load_start__ = ALIGN ((__cli_sorted_cmd_ptrs_load_start__ + SIZEOF (.cli_sorted_cmd_ptrs)), 0x4)

.fs_data        0x0000000020002a98        0x0 load address 0x000000000002a094
                0x0000000020002a98                __fs_data_start__ = .
 *(.fs_data*)
                0x0000000020002a98                __fs_data_end__ = (__fs_data_start__ + SIZEOF (.fs_data))
                0x0000000000000000                __fs_data_size__ = SIZEOF (.fs_data)
                0x000000000002a094                __fs_data_load_end__ = (__fs_data_load_start__ + SIZEOF (.fs_data))
                0x0000000000000001                . = ASSERT (((__fs_data_load_start__ == __fs_data_load_end__) || ((__fs_data_load_end__ - __FLASH_segment_start__) <= __FLASH_segment_size__)), error: .fs_data is too large to fit in FLASH memory segment)

.fs_data_run    0x0000000020002a98        0x0
                0x0000000020002a98                __fs_data_run_start__ = .
                0x0000000020002a98                __start_fs_data = __fs_data_run_start__
                0x0000000020002a98                __fs_data_run_end__ = (__fs_data_run_start__ + SIZEOF (.fs_data))
                0x0000000000000000                __fs_data_run_size__ = (__fs_data_run_end__ - __fs_data_run_start__)
                0x0000000020002a98                __stop_fs_data = __fs_data_run_end__
                0x0000000020002a98                __fs_data_run_load_end__ = __fs_data_run_end__
                0x0000000000000001                . = ASSERT (((__fs_data_run_start__ == __fs_data_run_end__) || ((__fs_data_run_end__ - __RAM_segment_start__) <= __RAM_segment_size__)), error: .fs_data_run is too large to fit in RAM memory segment)
                0x000000000002a094                __log_dynamic_data_load_start__ = ALIGN ((__fs_data_load_start__ + SIZEOF (.fs_data)), 0x4)

.log_dynamic_data
                0x0000000020002a98        0x0 load address 0x000000000002a094
                0x0000000020002a98                __log_dynamic_data_start__ = .
 *(SORT_BY_NAME(.log_dynamic_data*))
                0x0000000020002a98                __log_dynamic_data_end__ = (__log_dynamic_data_start__ + SIZEOF (.log_dynamic_data))
                0x0000000000000000                __log_dynamic_data_size__ = SIZEOF (.log_dynamic_data)
                0x000000000002a094                __log_dynamic_data_load_end__ = (__log_dynamic_data_load_start__ + SIZEOF (.log_dynamic_data))
                0x0000000000000001                . = ASSERT (((__log_dynamic_data_load_start__ == __log_dynamic_data_load_end__) || ((__log_dynamic_data_load_end__ - __FLASH_segment_start__) <= __FLASH_segment_size__)), error: .log_dynamic_data is too large to fit in FLASH memory segment)

.log_dynamic_data_run
                0x0000000020002a98        0x0
                0x0000000020002a98                __log_dynamic_data_run_start__ = .
                0x0000000020002a98                __start_log_dynamic_data = __log_dynamic_data_run_start__
                0x0000000020002a98                __log_dynamic_data_run_end__ = (__log_dynamic_data_run_start__ + SIZEOF (.log_dynamic_data))
                0x0000000000000000                __log_dynamic_data_run_size__ = (__log_dynamic_data_run_end__ - __log_dynamic_data_run_start__)
                0x0000000020002a98                __stop_log_dynamic_data = __log_dynamic_data_run_end__
                0x0000000020002a98                __log_dynamic_data_run_load_end__ = __log_dynamic_data_run_end__
                0x0000000000000001                . = ASSERT (((__log_dynamic_data_run_start__ == __log_dynamic_data_run_end__) || ((__log_dynamic_data_run_end__ - __RAM_segment_start__) <= __RAM_segment_size__)), error: .log_dynamic_data_run is too large to fit in RAM memory segment)
                0x000000000002a094                __log_filter_data_load_start__ = ALIGN ((__log_dynamic_data_load_start__ + SIZEOF (.log_dynamic_data)), 0x4)

.log_filter_data
                0x0000000020002a98        0x0 load address 0x000000000002a094
                0x0000000020002a98                __log_filter_data_start__ = .
 *(SORT_BY_NAME(.log_filter_data*))
                0x0000000020002a98                __log_filter_data_end__ = (__log_filter_data_start__ + SIZEOF (.log_filter_data))
                0x0000000000000000                __log_filter_data_size__ = SIZEOF (.log_filter_data)
                0x000000000002a094                __log_filter_data_load_end__ = (__log_filter_data_load_start__ + SIZEOF (.log_filter_data))
                0x0000000000000001                . = ASSERT (((__log_filter_data_load_start__ == __log_filter_data_load_end__) || ((__log_filter_data_load_end__ - __FLASH_segment_start__) <= __FLASH_segment_size__)), error: .log_filter_data is too large to fit in FLASH memory segment)

.log_filter_data_run
                0x0000000020002a98        0x0
                0x0000000020002a98                __log_filter_data_run_start__ = .
                0x0000000020002a98                __start_log_filter_data = __log_filter_data_run_start__
                0x0000000020002a98                __log_filter_data_run_end__ = (__log_filter_data_run_start__ + SIZEOF (.log_filter_data))
                0x0000000000000000                __log_filter_data_run_size__ = (__log_filter_data_run_end__ - __log_filter_data_run_start__)
                0x0000000020002a98                __stop_log_filter_data = __log_filter_data_run_end__
                0x0000000020002a98                __log_filter_data_run_load_end__ = __log_filter_data_run_end__
                0x0000000000000001                . = ASSERT (((__log_filter_data_run_start__ == __log_filter_data_run_end__) || ((__log_filter_data_run_end__ - __RAM_segment_start__) <= __RAM_segment_size__)), error: .log_filter_data_run is too large to fit in RAM memory segment)
                0x0000000020002a98                __nrf_sections_run_end_load_start__ = ALIGN (__log_filter_data_run_end__, 0x4)

.nrf_sections_run_end
                0x0000000020002a98        0x0
                0x0000000020002a98                __nrf_sections_run_end_start__ = .
                0x0000000020002a98                __end_nrf_sections_run = __nrf_sections_run_end_start__
 *(.nrf_sections_run_end .nrf_sections_run_end.*)
                0x0000000020002a98                __nrf_sections_run_end_end__ = (__nrf_sections_run_end_start__ + SIZEOF (.nrf_sections_run_end))
                0x0000000000000000                __nrf_sections_run_end_size__ = SIZEOF (.nrf_sections_run_end)
                0x0000000020002a98                __nrf_sections_run_end_load_end__ = __nrf_sections_run_end_end__
                0x0000000000000001                . = ASSERT (((__nrf_sections_run_end_start__ == __nrf_sections_run_end_end__) || ((__nrf_sections_run_end_end__ - __RAM_segment_start__) <= __RAM_segment_size__)), error: .nrf_sections_run_end is too large to fit in RAM memory segment)
                0x000000000002a094                __dtors_load_start__ = ALIGN ((__log_filter_data_load_start__ + SIZEOF (.log_filter_data)), 0x4)

.dtors          0x000000000002a094        0x0
                0x000000000002a094                __dtors_start__ = .
 *(SORT_BY_NAME(.dtors.*))
 *(.dtors)
 *(.fini_array)
 *(SORT_BY_NAME(.fini_array.*))
                0x000000000002a094                __dtors_end__ = (__dtors_start__ + SIZEOF (.dtors))
                0x0000000000000000                __dtors_size__ = SIZEOF (.dtors)
                0x000000000002a094                __dtors_load_end__ = __dtors_end__
                0x0000000000000001                . = ASSERT (((__dtors_start__ == __dtors_end__) || ((__dtors_end__ - __FLASH_segment_start__) <= __FLASH_segment_size__)), error: .dtors is too large to fit in FLASH memory segment)
                0x000000000002a094                __ctors_load_start__ = ALIGN (__dtors_end__, 0x4)

.ctors          0x000000000002a094        0x0
                0x000000000002a094                __ctors_start__ = .
 *(SORT_BY_NAME(.ctors.*))
 *(.ctors)
 *(.init_array)
 *(SORT_BY_NAME(.init_array.*))
                0x000000000002a094                __ctors_end__ = (__ctors_start__ + SIZEOF (.ctors))
                0x0000000000000000                __ctors_size__ = SIZEOF (.ctors)
                0x000000000002a094                __ctors_load_end__ = __ctors_end__
                0x0000000000000001                . = ASSERT (((__ctors_start__ == __ctors_end__) || ((__ctors_end__ - __FLASH_segment_start__) <= __FLASH_segment_size__)), error: .ctors is too large to fit in FLASH memory segment)
                0x000000000002a094                __rodata_load_start__ = ALIGN (__ctors_end__, 0x4)

.rodata         0x000000000002a094      0xef6
                0x000000000002a094                __rodata_start__ = .
 *(.rodata .rodata.* .gnu.linkonce.r.*)
 *fill*         0x000000000002a094        0xc 
 .rodata.delay_machine_code.0
                0x000000000002a0a0        0x6 Output/Release/Obj/ble_app_uart_pca10056_s140/nrf_log_backend_rtt.o
 *fill*         0x000000000002a0a6        0x2 
 .rodata.nrf_log_backend_rtt_api
                0x000000000002a0a8        0xc Output/Release/Obj/ble_app_uart_pca10056_s140/nrf_log_backend_rtt.o
                0x000000000002a0a8                nrf_log_backend_rtt_api
 .rodata.str1.1
                0x000000000002a0b4       0x10 Output/Release/Obj/ble_app_uart_pca10056_s140/nrf_log_default_backends.o
 .rodata.nrf_log_frontend_dequeue.str1.1
                0x000000000002a0c4       0x11 Output/Release/Obj/ble_app_uart_pca10056_s140/nrf_log_frontend.o
 .rodata.str1.1
                0x000000000002a0d5        0x4 Output/Release/Obj/ble_app_uart_pca10056_s140/nrf_log_frontend.o
 *fill*         0x000000000002a0d9        0x3 
 .rodata.m_log_push_ringbuf
                0x000000000002a0dc        0xc Output/Release/Obj/ble_app_uart_pca10056_s140/nrf_log_frontend.o
 .rodata.prefix_process.str1.1
                0x000000000002a0e8       0x2f Output/Release/Obj/ble_app_uart_pca10056_s140/nrf_log_str_formatter.o
                                         0x32 (size before relaxing)
 .rodata.postfix_process.str1.1
                0x000000000002a117       0x2f Output/Release/Obj/ble_app_uart_pca10056_s140/nrf_log_str_formatter.o
                                          0x3 (size before relaxing)
 .rodata.nrf_log_hexdump_entry_process.str1.1
                0x000000000002a117        0xf Output/Release/Obj/ble_app_uart_pca10056_s140/nrf_log_str_formatter.o
                                         0x11 (size before relaxing)
 .rodata.str1.1
                0x000000000002a126       0x4b Output/Release/Obj/ble_app_uart_pca10056_s140/nrf_log_str_formatter.o
                                         0x51 (size before relaxing)
 *fill*         0x000000000002a171        0x3 
 .rodata.m_colors
                0x000000000002a174       0x24 Output/Release/Obj/ble_app_uart_pca10056_s140/nrf_log_str_formatter.o
 .rodata.severity_names
                0x000000000002a198       0x14 Output/Release/Obj/ble_app_uart_pca10056_s140/nrf_log_str_formatter.o
 .rodata.app_error_fault_handler.str1.1
                0x000000000002a1ac       0x19 Output/Release/Obj/ble_app_uart_pca10056_s140/app_error_weak.o
 *fill*         0x000000000002a1c5        0xb 
 .rodata.delay_machine_code.0
                0x000000000002a1d0        0x6 Output/Release/Obj/ble_app_uart_pca10056_s140/app_timer.o
 .rodata._aV2C.0
                0x000000000002a1d6       0x10 Output/Release/Obj/ble_app_uart_pca10056_s140/nrf_fprintf_format.o
 .rodata.str1.1
                0x000000000002a1e6        0x9 Output/Release/Obj/ble_app_uart_pca10056_s140/nrf_pwr_mgmt.o
 *fill*         0x000000000002a1ef        0x1 
 .rodata.pwr_mgmt_data
                0x000000000002a1f0        0xc Output/Release/Obj/ble_app_uart_pca10056_s140/nrf_pwr_mgmt.o
 .rodata.str1.1
                0x000000000002a1fc      0x3ba Output/Release/Obj/ble_app_uart_pca10056_s140/nrf_strerror.o
 .rodata.m_unknown_str
                0x000000000002a5b6       0x13 Output/Release/Obj/ble_app_uart_pca10056_s140/nrf_strerror.o
 *fill*         0x000000000002a5c9        0x3 
 .rodata.nrf_strerror_array
                0x000000000002a5cc      0x128 Output/Release/Obj/ble_app_uart_pca10056_s140/nrf_strerror.o
 .rodata.str1.1
                0x000000000002a6f4        0x6 Output/Release/Obj/ble_app_uart_pca10056_s140/nrf_drv_clock.o
 .rodata.str1.1
                0x000000000002a6fa        0x6 Output/Release/Obj/ble_app_uart_pca10056_s140/nrfx_clock.o
 .rodata.str1.1
                0x000000000002a700        0x7 Output/Release/Obj/ble_app_uart_pca10056_s140/nrfx_gpiote.o
 .rodata.str1.1
                0x000000000002a707        0x4 Output/Release/Obj/ble_app_uart_pca10056_s140/nrfx_prs.o
 .rodata.str1.1
                0x000000000002a70b        0x5 Output/Release/Obj/ble_app_uart_pca10056_s140/nrfx_uart.o
 .rodata.str1.1
                0x000000000002a710        0x6 Output/Release/Obj/ble_app_uart_pca10056_s140/nrfx_uarte.o
 .rodata.ble_evt_handler.str1.1
                0x000000000002a716       0xad Output/Release/Obj/ble_app_uart_pca10056_s140/main.o
 .rodata.on_conn_params_evt.str1.1
                0x000000000002a7c3       0x31 Output/Release/Obj/ble_app_uart_pca10056_s140/main.o
 .rodata.gatt_evt_handler.str1.1
                0x000000000002a7f4       0x1c Output/Release/Obj/ble_app_uart_pca10056_s140/main.o
 .rodata.led_write_handler.str1.1
                0x000000000002a810       0x21 Output/Release/Obj/ble_app_uart_pca10056_s140/main.o
 .rodata.main.str1.1
                0x000000000002a831       0x9d Output/Release/Obj/ble_app_uart_pca10056_s140/main.o
 .rodata._DoInit.str1.1
                0x000000000002a8ce       0x14 Output/Release/Obj/ble_app_uart_pca10056_s140/SEGGER_RTT.o
 .rodata.data_length_update.str1.1
                0x000000000002a8e2       0xdf Output/Release/Obj/ble_app_uart_pca10056_s140/nrf_ble_gatt.o
 .rodata.nrf_ble_gatt_on_ble_evt.str1.1
                0x000000000002a9c1       0x60 Output/Release/Obj/ble_app_uart_pca10056_s140/nrf_ble_gatt.o
 .rodata.str1.1
                0x000000000002aa21        0xd Output/Release/Obj/ble_app_uart_pca10056_s140/nrf_ble_gatt.o
 .rodata.str1.1
                0x000000000002aa2e        0x8 Output/Release/Obj/ble_app_uart_pca10056_s140/ble_nus.o
 .rodata.str1.1
                0x000000000002aa36        0x8 Output/Release/Obj/ble_app_uart_pca10056_s140/nrf_sdh.o
 .rodata        0x000000000002aa3e        0x4 Output/Release/Obj/ble_app_uart_pca10056_s140/nrf_sdh.o
 *fill*         0x000000000002aa42        0x2 
 .rodata.sdh_req_observers
                0x000000000002aa44        0xc Output/Release/Obj/ble_app_uart_pca10056_s140/nrf_sdh.o
 .rodata.sdh_stack_observers
                0x000000000002aa50        0xc Output/Release/Obj/ble_app_uart_pca10056_s140/nrf_sdh.o
 .rodata.sdh_state_observers
                0x000000000002aa5c        0xc Output/Release/Obj/ble_app_uart_pca10056_s140/nrf_sdh.o
 .rodata.nrf_sdh_ble_default_cfg_set.str1.1
                0x000000000002aa68      0x1c9 Output/Release/Obj/ble_app_uart_pca10056_s140/nrf_sdh_ble.o
 .rodata.nrf_sdh_ble_enable.str1.1
                0x000000000002ac31       0xa7 Output/Release/Obj/ble_app_uart_pca10056_s140/nrf_sdh_ble.o
 .rodata.str1.1
                0x000000000002acd8        0xc Output/Release/Obj/ble_app_uart_pca10056_s140/nrf_sdh_ble.o
 .rodata.sdh_ble_observers
                0x000000000002ace4        0xc Output/Release/Obj/ble_app_uart_pca10056_s140/nrf_sdh_ble.o
 .rodata.str1.1
                0x000000000002acf0        0xc Output/Release/Obj/ble_app_uart_pca10056_s140/nrf_sdh_soc.o
 .rodata.sdh_soc_observers
                0x000000000002acfc        0xc Output/Release/Obj/ble_app_uart_pca10056_s140/nrf_sdh_soc.o
 .rodata.Util_convertBdAddr2Str.str1.1
                0x000000000002ad08       0x11 Output/Release/Obj/ble_app_uart_pca10056_s140/gy_common.o
 .rodata.ble_led_on_ble_evt.str1.1
                0x000000000002ad19       0x1d Output/Release/Obj/ble_app_uart_pca10056_s140/gy_profile_led.o
 .rodata        0x000000000002ad36       0x10 Output/Release/Obj/ble_app_uart_pca10056_s140/gy_profile_led.o
 .rodata.Leds   0x000000000002ad46        0x4 Output/Release/Obj/ble_app_uart_pca10056_s140/gy_serial_led.o
 *fill*         0x000000000002ad4a        0x2 
 .rodata.libc.__RAL_find_locale.str1.4
                0x000000000002ad4c        0xa D:/Program Files/SEGGER/SEGGER Embedded Studio for ARM 5.60/lib/libc_v7em_fpv4_sp_d16_hard_t_le_eabi.a(libc2.o)
 *fill*         0x000000000002ad56        0x2 
 .rodata.libc.__RAL_ascii_ctype_map
                0x000000000002ad58       0x80 D:/Program Files/SEGGER/SEGGER Embedded Studio for ARM 5.60/lib/libc_v7em_fpv4_sp_d16_hard_t_le_eabi.a(libc2.o)
                0x000000000002ad58                __RAL_ascii_ctype_map
 .rodata.libc.__RAL_ascii_ctype_mask
                0x000000000002add8        0xd D:/Program Files/SEGGER/SEGGER Embedded Studio for ARM 5.60/lib/libc_v7em_fpv4_sp_d16_hard_t_le_eabi.a(libc2.o)
 *fill*         0x000000000002ade5        0x3 
 .rodata.libc.__RAL_c_locale
                0x000000000002ade8        0xc D:/Program Files/SEGGER/SEGGER Embedded Studio for ARM 5.60/lib/libc_v7em_fpv4_sp_d16_hard_t_le_eabi.a(libc2.o)
                0x000000000002ade8                __RAL_c_locale
 .rodata.libc.__RAL_c_locale_abbrev_day_names
                0x000000000002adf4       0x1d D:/Program Files/SEGGER/SEGGER Embedded Studio for ARM 5.60/lib/libc_v7em_fpv4_sp_d16_hard_t_le_eabi.a(libc2.o)
                0x000000000002adf4                __RAL_c_locale_abbrev_day_names
 *fill*         0x000000000002ae11        0x3 
 .rodata.libc.__RAL_c_locale_abbrev_month_names
                0x000000000002ae14       0x31 D:/Program Files/SEGGER/SEGGER Embedded Studio for ARM 5.60/lib/libc_v7em_fpv4_sp_d16_hard_t_le_eabi.a(libc2.o)
                0x000000000002ae14                __RAL_c_locale_abbrev_month_names
 *fill*         0x000000000002ae45        0x3 
 .rodata.libc.__RAL_c_locale_am_pm_indicator
                0x000000000002ae48        0x7 D:/Program Files/SEGGER/SEGGER Embedded Studio for ARM 5.60/lib/libc_v7em_fpv4_sp_d16_hard_t_le_eabi.a(libc2.o)
                0x000000000002ae48                __RAL_c_locale_am_pm_indicator
 *fill*         0x000000000002ae4f        0x1 
 .rodata.libc.__RAL_c_locale_data
                0x000000000002ae50       0x58 D:/Program Files/SEGGER/SEGGER Embedded Studio for ARM 5.60/lib/libc_v7em_fpv4_sp_d16_hard_t_le_eabi.a(libc2.o)
                0x000000000002ae50                __RAL_c_locale_data
 .rodata.libc.__RAL_c_locale_date_format
                0x000000000002aea8        0x9 D:/Program Files/SEGGER/SEGGER Embedded Studio for ARM 5.60/lib/libc_v7em_fpv4_sp_d16_hard_t_le_eabi.a(libc2.o)
                0x000000000002aea8                __RAL_c_locale_date_format
 *fill*         0x000000000002aeb1        0x3 
 .rodata.libc.__RAL_c_locale_date_time_format
                0x000000000002aeb4        0xf D:/Program Files/SEGGER/SEGGER Embedded Studio for ARM 5.60/lib/libc_v7em_fpv4_sp_d16_hard_t_le_eabi.a(libc2.o)
                0x000000000002aeb4                __RAL_c_locale_date_time_format
 *fill*         0x000000000002aec3        0x1 
 .rodata.libc.__RAL_c_locale_day_names
                0x000000000002aec4       0x3a D:/Program Files/SEGGER/SEGGER Embedded Studio for ARM 5.60/lib/libc_v7em_fpv4_sp_d16_hard_t_le_eabi.a(libc2.o)
                0x000000000002aec4                __RAL_c_locale_day_names
 *fill*         0x000000000002aefe        0x2 
 .rodata.libc.__RAL_c_locale_month_names
                0x000000000002af00       0x57 D:/Program Files/SEGGER/SEGGER Embedded Studio for ARM 5.60/lib/libc_v7em_fpv4_sp_d16_hard_t_le_eabi.a(libc2.o)
                0x000000000002af00                __RAL_c_locale_month_names
 *fill*         0x000000000002af57        0x1 
 .rodata.libc.__RAL_c_locale_time_format
                0x000000000002af58        0x9 D:/Program Files/SEGGER/SEGGER Embedded Studio for ARM 5.60/lib/libc_v7em_fpv4_sp_d16_hard_t_le_eabi.a(libc2.o)
                0x000000000002af58                __RAL_c_locale_time_format
 *fill*         0x000000000002af61        0x3 
 .rodata.libc.__RAL_codeset_ascii
                0x000000000002af64       0x20 D:/Program Files/SEGGER/SEGGER Embedded Studio for ARM 5.60/lib/libc_v7em_fpv4_sp_d16_hard_t_le_eabi.a(libc2.o)
                0x000000000002af64                __RAL_codeset_ascii
 .rodata.libc.__RAL_data_empty_string
                0x000000000002af84        0x1 D:/Program Files/SEGGER/SEGGER Embedded Studio for ARM 5.60/lib/libc_v7em_fpv4_sp_d16_hard_t_le_eabi.a(libc2.o)
                0x000000000002af84                __RAL_data_empty_string
 *fill*         0x000000000002af85        0x3 
 .rodata.libc.__RAL_data_utf8_period
                0x000000000002af88        0x2 D:/Program Files/SEGGER/SEGGER Embedded Studio for ARM 5.60/lib/libc_v7em_fpv4_sp_d16_hard_t_le_eabi.a(libc2.o)
                0x000000000002af88                __RAL_data_utf8_period
                0x000000000002af8a                __rodata_end__ = (__rodata_start__ + SIZEOF (.rodata))
                0x0000000000000ef6                __rodata_size__ = SIZEOF (.rodata)
                0x000000000002af8a                __rodata_load_end__ = __rodata_end__

.rel.dyn        0x000000000002af8c        0x0
 .rel.iplt      0x000000000002af8c        0x0 Output/Release/Obj/ble_app_uart_pca10056_s140/thumb_crt0.o
                0x0000000000000001                . = ASSERT (((__rodata_start__ == __rodata_end__) || ((__rodata_end__ - __FLASH_segment_start__) <= __FLASH_segment_size__)), error: .rodata is too large to fit in FLASH memory segment)
                0x000000000002af8c                __ARM.exidx_load_start__ = ALIGN (__rodata_end__, 0x4)

.ARM.exidx      0x000000000002af8c        0x0
                0x000000000002af8c                __ARM.exidx_start__ = .
                0x000000000002af8c                __exidx_start = __ARM.exidx_start__
 *(.ARM.exidx .ARM.exidx.*)
                0x000000000002af8c                __ARM.exidx_end__ = (__ARM.exidx_start__ + SIZEOF (.ARM.exidx))
                0x0000000000000000                __ARM.exidx_size__ = SIZEOF (.ARM.exidx)
                0x000000000002af8c                __exidx_end = __ARM.exidx_end__
                0x000000000002af8c                __ARM.exidx_load_end__ = __ARM.exidx_end__
                0x0000000000000001                . = ASSERT (((__ARM.exidx_start__ == __ARM.exidx_end__) || ((__ARM.exidx_end__ - __FLASH_segment_start__) <= __FLASH_segment_size__)), error: .ARM.exidx is too large to fit in FLASH memory segment)
                0x000000000002af8c                __fast_load_start__ = ALIGN (__ARM.exidx_end__, 0x4)

.fast           0x0000000020002a98        0x0 load address 0x000000000002af8c
                0x0000000020002a98                __fast_start__ = .
 *(.fast .fast.*)
                0x0000000020002a98                __fast_end__ = (__fast_start__ + SIZEOF (.fast))
                0x0000000000000000                __fast_size__ = SIZEOF (.fast)
                0x000000000002af8c                __fast_load_end__ = (__fast_load_start__ + SIZEOF (.fast))
                0x0000000000000001                . = ASSERT (((__fast_load_start__ == __fast_load_end__) || ((__fast_load_end__ - __FLASH_segment_start__) <= __FLASH_segment_size__)), error: .fast is too large to fit in FLASH memory segment)

.fast_run       0x0000000020002a98        0x0
                0x0000000020002a98                __fast_run_start__ = .
                0x0000000020002a98                __fast_run_end__ = (__fast_run_start__ + SIZEOF (.fast))
                0x0000000000000000                __fast_run_size__ = (__fast_run_end__ - __fast_run_start__)
                0x0000000020002a98                __fast_run_load_end__ = __fast_run_end__
                0x0000000000000001                . = ASSERT (((__fast_run_start__ == __fast_run_end__) || ((__fast_run_end__ - __RAM_segment_start__) <= __RAM_segment_size__)), error: .fast_run is too large to fit in RAM memory segment)
                0x000000000002af8c                __data_load_start__ = ALIGN ((__fast_load_start__ + SIZEOF (.fast)), 0x4)

.data           0x0000000020002a98       0x30 load address 0x000000000002af8c
                0x0000000020002a98                __data_start__ = .
 *(.data .data.* .gnu.linkonce.d.*)
 .data.log_backend_cb_rtt_log_backend
                0x0000000020002a98        0x8 Output/Release/Obj/ble_app_uart_pca10056_s140/nrf_log_default_backends.o
 .data.SystemCoreClock
                0x0000000020002aa0        0x4 Output/Release/Obj/ble_app_uart_pca10056_s140/system_nrf52840.o
                0x0000000020002aa0                SystemCoreClock
 .data.m_adv_uuids
                0x0000000020002aa4        0x4 Output/Release/Obj/ble_app_uart_pca10056_s140/main.o
 .data.m_conn_handle
                0x0000000020002aa8        0x2 Output/Release/Obj/ble_app_uart_pca10056_s140/main.o
 .data.m_conn_params
                0x0000000020002aaa        0x8 Output/Release/Obj/ble_app_uart_pca10056_s140/main.o
 *fill*         0x0000000020002ab2        0x2 
 .data.libc.__RAL_global_locale
                0x0000000020002ab4       0x14 D:/Program Files/SEGGER/SEGGER Embedded Studio for ARM 5.60/lib/libc_v7em_fpv4_sp_d16_hard_t_le_eabi.a(libc2.o)
                0x0000000020002ab4                __RAL_global_locale
                0x0000000020002ac8                __data_end__ = (__data_start__ + SIZEOF (.data))
                0x0000000000000030                __data_size__ = SIZEOF (.data)
                0x000000000002afbc                __data_load_end__ = (__data_load_start__ + SIZEOF (.data))

.igot.plt       0x0000000100000000        0x0
 .igot.plt      0x0000000100000000        0x0 Output/Release/Obj/ble_app_uart_pca10056_s140/thumb_crt0.o