Archive member included to satisfy reference by file (symbol)

../../../../../../../../components/proprietary_rf/gzll/gcc/gzll_nrf52840_sd_resources_gcc.a(nrf_gzll.c.o)
                              Output/Release/Obj/gzll_ack_payload_device_pca10056/main.o (nrf_gzll_init)
../../../../../../../../components/proprietary_rf/gzll/gcc/gzll_nrf52840_sd_resources_gcc.a(nrf_impala.c.o)
                              ../../../../../../../../components/proprietary_rf/gzll/gcc/gzll_nrf52840_sd_resources_gcc.a(nrf_gzll.c.o) (nrf_impl_pa_lna_cfg_set)
../../../../../../../../components/proprietary_rf/gzll/gcc/gzll_nrf52840_sd_resources_gcc.a(nrf_link_core.c.o)
                              ../../../../../../../../components/proprietary_rf/gzll/gcc/gzll_nrf52840_sd_resources_gcc.a(nrf_impala.c.o) (nrf_lcore_device_pa_control_setup)
../../../../../../../../components/proprietary_rf/gzll/gcc/gzll_nrf52840_sd_resources_gcc.a(nrf_notification_manager.c.o)
                              ../../../../../../../../components/proprietary_rf/gzll/gcc/gzll_nrf52840_sd_resources_gcc.a(nrf_impala.c.o) (nrf_nm_init)
../../../../../../../../components/proprietary_rf/gzll/gcc/gzll_nrf52840_sd_resources_gcc.a(nrf_packet_manager.c.o)
                              ../../../../../../../../components/proprietary_rf/gzll/gcc/gzll_nrf52840_sd_resources_gcc.a(nrf_impala.c.o) (nrf_pm_init)
../../../../../../../../components/proprietary_rf/gzll/gcc/gzll_nrf52840_sd_resources_gcc.a(nrf_state_machine.c.o)
                              ../../../../../../../../components/proprietary_rf/gzll/gcc/gzll_nrf52840_sd_resources_gcc.a(nrf_impala.c.o) (nrf_sm_init)
../../../../../../../../components/proprietary_rf/gzll/gcc/gzll_nrf52840_sd_resources_gcc.a(nrf_assert_internal.c.o)
                              ../../../../../../../../components/proprietary_rf/gzll/gcc/gzll_nrf52840_sd_resources_gcc.a(nrf_gzll.c.o) (nrf_assert_internal_parse_and_forward)
../../../../../../../../components/proprietary_rf/gzll/gcc/gzll_nrf52840_sd_resources_gcc.a(nrf_channel_manager.c.o)
                              ../../../../../../../../components/proprietary_rf/gzll/gcc/gzll_nrf52840_sd_resources_gcc.a(nrf_impala.c.o) (nrf_chm_init)
../../../../../../../../components/proprietary_rf/gzll/gcc/gzll_nrf52840_sd_resources_gcc.a(nrf_fifo.c.o)
                              ../../../../../../../../components/proprietary_rf/gzll/gcc/gzll_nrf52840_sd_resources_gcc.a(nrf_packet_manager.c.o) (nrf_fifo_init)
../../../../../../../../components/proprietary_rf/gzll/gcc/gzll_nrf52840_sd_resources_gcc.a(nrf_flywheel.c.o)
                              ../../../../../../../../components/proprietary_rf/gzll/gcc/gzll_nrf52840_sd_resources_gcc.a(nrf_impala.c.o) (nrf_flw_init)
D:/Program Files/SEGGER/SEGGER Embedded Studio for ARM 5.60/lib/libc_v7em_fpv4_sp_d16_hard_t_le_eabi.a(libc_asm.o)
                              Output/Release/Obj/gzll_ack_payload_device_pca10056/bsp.o (__aeabi_uldivmod)
D:/Program Files/SEGGER/SEGGER Embedded Studio for ARM 5.60/lib/libc_v7em_fpv4_sp_d16_hard_t_le_eabi.a(libc2.o)
                              Output/Release/Obj/gzll_ack_payload_device_pca10056/nrf_log_str_formatter.o (isprint)
D:/Program Files/SEGGER/SEGGER Embedded Studio for ARM 5.60/lib/libc_v7em_fpv4_sp_d16_hard_t_le_eabi.a(libc2_asm.o)
                              Output/Release/Obj/gzll_ack_payload_device_pca10056/nrf_log_frontend.o (memcpy)
D:/Program Files/SEGGER/SEGGER Embedded Studio for ARM 5.60/lib/libc_v7em_fpv4_sp_d16_hard_t_le_eabi.a(libvfprintf.o)
                              (__vfprintf_long)
D:/Program Files/SEGGER/SEGGER Embedded Studio for ARM 5.60/lib/libc_v7em_fpv4_sp_d16_hard_t_le_eabi.a(libvfscanf.o)
                              (__vfscanf_long)
D:/Program Files/SEGGER/SEGGER Embedded Studio for ARM 5.60/lib/libc_v7em_fpv4_sp_d16_hard_t_le_eabi.a(libc.o)
                              D:/Program Files/SEGGER/SEGGER Embedded Studio for ARM 5.60/lib/libc_v7em_fpv4_sp_d16_hard_t_le_eabi.a(libc2.o) (__heap_lock)
D:/Program Files/SEGGER/SEGGER Embedded Studio for ARM 5.60/lib/libdebugio_v7em_fpv4_sp_d16_hard_t_le_eabi.a(libdebugio.o)
                              Output/Release/Obj/gzll_ack_payload_device_pca10056/thumb_crt0.o (debug_fopen)
D:/Program Files/SEGGER/SEGGER Embedded Studio for ARM 5.60/lib/libdebugio_v7em_fpv4_sp_d16_hard_t_le_eabi.a(do_nv_debug_operation.o)
                              D:/Program Files/SEGGER/SEGGER Embedded Studio for ARM 5.60/lib/libdebugio_v7em_fpv4_sp_d16_hard_t_le_eabi.a(libdebugio.o) (__do_nvdebug_operation)
D:/Program Files/SEGGER/SEGGER Embedded Studio for ARM 5.60/lib/libdebugio_v7em_fpv4_sp_d16_hard_t_le_eabi.a(mempoll_debug_operations.o)
                              (__do_debug_operation_mempoll)
D:/Program Files/SEGGER/SEGGER Embedded Studio for ARM 5.60/lib/libm_v7em_fpv4_sp_d16_hard_t_le_eabi.a(libm_asm.o)
[...]
Memory Configuration

Name             Origin             Length             Attributes
UNPLACED_SECTIONS 0x0000000100000000 0x0000000000000000 xw
RAM              0x0000000020000000 0x0000000000040000 xw
FLASH            0x0000000000000000 0x0000000000100000 xw
*default*        0x0000000000000000 0xffffffffffffffff

Linker script and memory map

                0x0000000000000000                __do_debug_operation = __do_debug_operation_mempoll
                0x0000000000000000                __vfprintf = __vfprintf_long
                0x0000000000000000                __vfscanf = __vfscanf_long
                0x0000000020000000                __RAM_segment_start__ = 0x20000000
                0x0000000020040000                __RAM_segment_end__ = 0x20040000
                0x0000000000040000                __RAM_segment_size__ = 0x40000
                0x0000000000000000                __FLASH_segment_start__ = 0x0
                0x0000000000100000                __FLASH_segment_end__ = 0x100000
                0x0000000000100000                __FLASH_segment_size__ = 0x100000
                0x0000000000002000                __HEAPSIZE__ = 0x2000
                0x0000000000000000                __STACKSIZE_PROCESS__ = 0x0
                0x0000000000002000                __STACKSIZE__ = 0x2000
                0x0000000020000000                __vectors_ram_load_start__ = 0x20000000

.vectors_ram    0x0000000020000000        0x0
                0x0000000020000000                __vectors_ram_start__ = .
                0x0000000020000000                __app_ram_start__ = __vectors_ram_start__
 *(.vectors_ram .vectors_ram.*)
                0x0000000020000000                __vectors_ram_end__ = (__vectors_ram_start__ + SIZEOF (.vectors_ram))
                0x0000000000000000                __vectors_ram_size__ = SIZEOF (.vectors_ram)
                0x0000000020000000                __vectors_ram_load_end__ = __vectors_ram_end__
                0x0000000000000001                . = ASSERT (((__vectors_ram_start__ == __vectors_ram_end__) || ((__vectors_ram_end__ - __RAM_segment_start__) <= __RAM_segment_size__)), error: .vectors_ram is too large to fit in RAM memory segment)
                0x0000000020000000                __nrf_sections_run_load_start__ = ALIGN (__vectors_ram_end__, 0x4)

.nrf_sections_run
                0x0000000020000000        0x0
                0x0000000020000000                __nrf_sections_run_start__ = .
                0x0000000020000000                __start_nrf_sections_run = __nrf_sections_run_start__
 *(.nrf_sections_run .nrf_sections_run.*)
                0x0000000020000000                __nrf_sections_run_end__ = (__nrf_sections_run_start__ + SIZEOF (.nrf_sections_run))
                0x0000000000000000                __nrf_sections_run_size__ = SIZEOF (.nrf_sections_run)
                0x0000000020000000                __nrf_sections_run_load_end__ = __nrf_sections_run_end__
                0x0000000000000001                . = ASSERT (((__nrf_sections_run_start__ == __nrf_sections_run_end__) || ((__nrf_sections_run_end__ - __RAM_segment_start__) <= __RAM_segment_size__)), error: .nrf_sections_run is too large to fit in RAM memory segment)
                0x0000000000000000                __vectors_load_start__ = 0x0

.vectors        0x0000000000000000      0x200
                0x0000000000000000                __vectors_start__ = .
 *(.vectors .vectors.*)
 .vectors       0x0000000000000000      0x200 Output/Release/Obj/gzll_ack_payload_device_pca10056/ses_startup_nrf52840.o
                0x0000000000000000                _vectors
                0x0000000000000200                __vectors_end__ = (__vectors_start__ + SIZEOF (.vectors))
                0x0000000000000200                __vectors_size__ = SIZEOF (.vectors)
                0x0000000000000200                __vectors_load_end__ = __vectors_end__
                0x0000000000000001                . = ASSERT (((__vectors_start__ == __vectors_end__) || ((__vectors_end__ - __FLASH_segment_start__) <= __FLASH_segment_size__)), error: .vectors is too large to fit in FLASH memory segment)
                0x0000000000000200                __init_load_start__ = ALIGN (__vectors_end__, 0x4)

.init           0x0000000000000200      0x1d4
                0x0000000000000200                __init_start__ = .
 *(.init .init.*)
 .init          0x0000000000000200      0x15c Output/Release/Obj/gzll_ack_payload_device_pca10056/thumb_crt0.o
                0x0000000000000200                _start
                0x00000000000002b4                exit
 .init          0x000000000000035c       0x18 Output/Release/Obj/gzll_ack_payload_device_pca10056/ses_startup_nrf52840.o
                0x000000000000035c                NMI_Handler
                0x000000000000035e                HardFault_Handler
                0x0000000000000360                MemoryManagement_Handler
                0x0000000000000362                BusFault_Handler
                0x0000000000000364                UsageFault_Handler
                0x0000000000000366                SVC_Handler
                0x0000000000000368                DebugMon_Handler
                0x000000000000036a                PendSV_Handler
                0x000000000000036c                SysTick_Handler
                0x000000000000036e                RTC0_IRQHandler
                0x000000000000036e                POWER_CLOCK_IRQHandler
                0x000000000000036e                PDM_IRQHandler
                0x000000000000036e                TEMP_IRQHandler
                0x000000000000036e                QDEC_IRQHandler
                0x000000000000036e                PWM1_IRQHandler
                0x000000000000036e                PWM3_IRQHandler
                0x000000000000036e                FPU_IRQHandler
                0x000000000000036e                USBD_IRQHandler
                0x000000000000036e                SPIM0_SPIS0_TWIM0_TWIS0_SPI0_TWI0_IRQHandler
                0x000000000000036e                SWI2_EGU2_IRQHandler
                0x000000000000036e                TIMER4_IRQHandler
                0x000000000000036e                TIMER3_IRQHandler
                0x000000000000036e                I2S_IRQHandler
                0x000000000000036e                SWI4_EGU4_IRQHandler
                0x000000000000036e                UARTE1_IRQHandler
                0x000000000000036e                Dummy_Handler
                0x000000000000036e                TIMER1_IRQHandler
                0x000000000000036e                SPIM3_IRQHandler
                0x000000000000036e                PWM2_IRQHandler
                0x000000000000036e                ECB_IRQHandler
                0x000000000000036e                SPIM1_SPIS1_TWIM1_TWIS1_SPI1_TWI1_IRQHandler
                0x000000000000036e                SAADC_IRQHandler
                0x000000000000036e                CCM_AAR_IRQHandler
                0x000000000000036e                WDT_IRQHandler
                0x000000000000036e                QSPI_IRQHandler
                0x000000000000036e                SWI5_EGU5_IRQHandler
                0x000000000000036e                RNG_IRQHandler
                0x000000000000036e                RTC2_IRQHandler
                0x000000000000036e                PWM0_IRQHandler
                0x000000000000036e                SWI3_EGU3_IRQHandler
                0x000000000000036e                SPIM2_SPIS2_SPI2_IRQHandler
                0x000000000000036e                NFCT_IRQHandler
                0x000000000000036e                CRYPTOCELL_IRQHandler
                0x000000000000036e                MWU_IRQHandler
                0x000000000000036e                TIMER2_IRQHandler
                0x000000000000036e                COMP_LPCOMP_IRQHandler
                0x0000000000000370                nRFInitialize
 .init          0x0000000000000374       0x60 Output/Release/Obj/gzll_ack_payload_device_pca10056/ses_startup_nrf_common.o
                0x0000000000000374                Reset_Handler
                0x000000000000039c                InitializeUserMemorySections
                0x00000000000003d4                __init_end__ = (__init_start__ + SIZEOF (.init))
                0x00000000000001d4                __init_size__ = SIZEOF (.init)
                0x00000000000003d4                __init_load_end__ = __init_end__
                0x0000000000000001                . = ASSERT (((__init_start__ == __init_end__) || ((__init_end__ - __FLASH_segment_start__) <= __FLASH_segment_size__)), error: .init is too large to fit in FLASH memory segment)
                0x00000000000003d4                __init_rodata_load_start__ = ALIGN (__init_end__, 0x4)

.init_rodata    0x00000000000003d4        0x0
                0x00000000000003d4                __init_rodata_start__ = .
 *(.init_rodata .init_rodata.*)
                0x00000000000003d4                __init_rodata_end__ = (__init_rodata_start__ + SIZEOF (.init_rodata))
                0x0000000000000000                __init_rodata_size__ = SIZEOF (.init_rodata)
                0x00000000000003d4                __init_rodata_load_end__ = __init_rodata_end__
                0x0000000000000001                . = ASSERT (((__init_rodata_start__ == __init_rodata_end__) || ((__init_rodata_end__ - __FLASH_segment_start__) <= __FLASH_segment_size__)), error: .init_rodata is too large to fit in FLASH memory segment)
                0x00000000000003d4                __text_load_start__ = ALIGN (__init_rodata_end__, 0x4)

.text           0x00000000000003d4     0x6646
                0x00000000000003d4                __text_start__ = .
 *(.text .text.* .glue_7t .glue_7 .gnu.linkonce.t.* .gcc_except_table .ARM.extab* .gnu.linkonce.armextab.*)
 .glue_7        0x00000000000003d4        0x0 linker stubs
 .glue_7t       0x00000000000003d4        0x0 linker stubs
 .text.nrf_log_backend_serial_put
                0x00000000000003d4       0xc2 Output/Release/Obj/gzll_ack_payload_device_pca10056/nrf_log_backend_serial.o
                0x00000000000003d4                nrf_log_backend_serial_put
 *fill*         0x0000000000000496        0x2 
 .text.uart_evt_handler
                0x0000000000000498        0xc Output/Release/Obj/gzll_ack_payload_device_pca10056/nrf_log_backend_uart.o
 .text.nrf_log_backend_uart_flush
                0x00000000000004a4        0x2 Output/Release/Obj/gzll_ack_payload_device_pca10056/nrf_log_backend_uart.o
 *fill*         0x00000000000004a6        0x2 
 .text.uart_init
                0x00000000000004a8       0x4c Output/Release/Obj/gzll_ack_payload_device_pca10056/nrf_log_backend_uart.o
 .text.nrf_log_backend_uart_put
                0x00000000000004f4       0x1c Output/Release/Obj/gzll_ack_payload_device_pca10056/nrf_log_backend_uart.o
 .text.serial_tx
                0x0000000000000510       0x48 Output/Release/Obj/gzll_ack_payload_device_pca10056/nrf_log_backend_uart.o
 .text.nrf_log_backend_uart_panic_set
                0x0000000000000558       0x2c Output/Release/Obj/gzll_ack_payload_device_pca10056/nrf_log_backend_uart.o
 .text.invalid_packets_omit
                0x0000000000000584       0x3a Output/Release/Obj/gzll_ack_payload_device_pca10056/nrf_log_frontend.o
 *fill*         0x00000000000005be        0x2 
 .text.buf_prealloc
                0x00000000000005c0      0x130 Output/Release/Obj/gzll_ack_payload_device_pca10056/nrf_log_frontend.o
 .text.nrf_log_module_name_get
                0x00000000000006f0       0x38 Output/Release/Obj/gzll_ack_payload_device_pca10056/nrf_log_frontend.o
                0x00000000000006f0                nrf_log_module_name_get
 .text.nrf_log_color_id_get
                0x0000000000000728       0x2c Output/Release/Obj/gzll_ack_payload_device_pca10056/nrf_log_frontend.o
                0x0000000000000728                nrf_log_color_id_get
 .text.buffer_is_empty
                0x0000000000000754       0x14 Output/Release/Obj/gzll_ack_payload_device_pca10056/nrf_log_frontend.o
                0x0000000000000754                buffer_is_empty
 .text.nrf_log_frontend_dequeue
                0x0000000000000768      0x224 Output/Release/Obj/gzll_ack_payload_device_pca10056/nrf_log_frontend.o
                0x0000000000000768                nrf_log_frontend_dequeue
 .text.std_n    0x000000000000098c       0x98 Output/Release/Obj/gzll_ack_payload_device_pca10056/nrf_log_frontend.o
 .text.nrf_log_frontend_std_0
                0x0000000000000a24        0x8 Output/Release/Obj/gzll_ack_payload_device_pca10056/nrf_log_frontend.o
                0x0000000000000a24                nrf_log_frontend_std_0
 .text.nrf_log_panic
                0x0000000000000a2c       0x28 Output/Release/Obj/gzll_ack_payload_device_pca10056/nrf_log_frontend.o
                0x0000000000000a2c                nrf_log_panic
 .text.prefix_process
                0x0000000000000a54       0x7c Output/Release/Obj/gzll_ack_payload_device_pca10056/nrf_log_str_formatter.o
 .text.postfix_process
                0x0000000000000ad0       0x44 Output/Release/Obj/gzll_ack_payload_device_pca10056/nrf_log_str_formatter.o
 .text.nrf_log_std_entry_process
                0x0000000000000b14       0xc8 Output/Release/Obj/gzll_ack_payload_device_pca10056/nrf_log_str_formatter.o
                0x0000000000000b14                nrf_log_std_entry_process
 .text.nrf_log_hexdump_entry_process
                0x0000000000000bdc       0xc0 Output/Release/Obj/gzll_ack_payload_device_pca10056/nrf_log_str_formatter.o
                0x0000000000000bdc                nrf_log_hexdump_entry_process
 .text.bsp_board_led_on
                0x0000000000000c9c       0x28 Output/Release/Obj/gzll_ack_payload_device_pca10056/boards.o
                0x0000000000000c9c                bsp_board_led_on
 .text.bsp_board_led_off
                0x0000000000000cc4       0x28 Output/Release/Obj/gzll_ack_payload_device_pca10056/boards.o
                0x0000000000000cc4                bsp_board_led_off
 .text.bsp_board_button_state_get
                0x0000000000000cec       0x28 Output/Release/Obj/gzll_ack_payload_device_pca10056/boards.o
                0x0000000000000cec                bsp_board_button_state_get
 .text.app_error_handler_bare
                0x0000000000000d14       0x1a Output/Release/Obj/gzll_ack_payload_device_pca10056/app_error.o
                0x0000000000000d14                app_error_handler_bare
 *fill*         0x0000000000000d2e        0x2 
 .text.app_error_fault_handler
                0x0000000000000d30       0x6c Output/Release/Obj/gzll_ack_payload_device_pca10056/app_error_weak.o
                0x0000000000000d30                app_error_fault_handler
 .text.nrfx_coredep_delay_us.part.0.constprop.0
                0x0000000000000d9c       0x10 Output/Release/Obj/gzll_ack_payload_device_pca10056/app_timer.o
 .text.rtc1_stop
                0x0000000000000dac       0x44 Output/Release/Obj/gzll_ack_payload_device_pca10056/app_timer.o
 .text.RTC1_IRQHandler
                0x0000000000000df0       0x9c Output/Release/Obj/gzll_ack_payload_device_pca10056/app_timer.o
                0x0000000000000df0                RTC1_IRQHandler
 .text.SWI0_EGU0_IRQHandler
                0x0000000000000e8c      0x2b8 Output/Release/Obj/gzll_ack_payload_device_pca10056/app_timer.o
                0x0000000000000e8c                SWI0_EGU0_IRQHandler
 .text.app_util_disable_irq
                0x0000000000001144       0x10 Output/Release/Obj/gzll_ack_payload_device_pca10056/app_util_platform.o
                0x0000000000001144                app_util_disable_irq
 .text.app_util_enable_irq
                0x0000000000001154       0x14 Output/Release/Obj/gzll_ack_payload_device_pca10056/app_util_platform.o
                0x0000000000001154                app_util_enable_irq
 .text.app_util_critical_region_enter
                0x0000000000001168        0x4 Output/Release/Obj/gzll_ack_payload_device_pca10056/app_util_platform.o
                0x0000000000001168                app_util_critical_region_enter
 .text.app_util_critical_region_exit
                0x000000000000116c        0x4 Output/Release/Obj/gzll_ack_payload_device_pca10056/app_util_platform.o
                0x000000000000116c                app_util_critical_region_exit
 .text.nrf_atomic_u32_fetch_store
                0x0000000000001170       0x16 Output/Release/Obj/gzll_ack_payload_device_pca10056/nrf_atomic.o
                0x0000000000001170                nrf_atomic_u32_fetch_store
 .text.nrf_atomic_u32_or
                0x0000000000001186       0x18 Output/Release/Obj/gzll_ack_payload_device_pca10056/nrf_atomic.o
                0x0000000000001186                nrf_atomic_u32_or
 .text.nrf_atomic_u32_fetch_and
                0x000000000000119e       0x18 Output/Release/Obj/gzll_ack_payload_device_pca10056/nrf_atomic.o
                0x000000000000119e                nrf_atomic_u32_fetch_and
 .text.nrf_atomic_u32_add
                0x00000000000011b6       0x18 Output/Release/Obj/gzll_ack_payload_device_pca10056/nrf_atomic.o
                0x00000000000011b6                nrf_atomic_u32_add
 .text.nrf_atomic_u32_sub
                0x00000000000011ce       0x18 Output/Release/Obj/gzll_ack_payload_device_pca10056/nrf_atomic.o
                0x00000000000011ce                nrf_atomic_u32_sub
 .text.nrf_atomic_flag_set
                0x00000000000011e6        0x6 Output/Release/Obj/gzll_ack_payload_device_pca10056/nrf_atomic.o
                0x00000000000011e6                nrf_atomic_flag_set
 .text.nrf_atomic_flag_clear_fetch
                0x00000000000011ec        0x6 Output/Release/Obj/gzll_ack_payload_device_pca10056/nrf_atomic.o
                0x00000000000011ec                nrf_atomic_flag_clear_fetch
 .text.nrf_balloc_alloc
                0x00000000000011f2       0x40 Output/Release/Obj/gzll_ack_payload_device_pca10056/nrf_balloc.o
                0x00000000000011f2                nrf_balloc_alloc
 .text.nrf_balloc_free
                0x0000000000001232       0x2a Output/Release/Obj/gzll_ack_payload_device_pca10056/nrf_balloc.o
                0x0000000000001232                nrf_balloc_free
 .text.nrf_fprintf_buffer_flush
                0x000000000000125c       0x16 Output/Release/Obj/gzll_ack_payload_device_pca10056/nrf_fprintf.o
                0x000000000000125c                nrf_fprintf_buffer_flush
 .text.nrf_fprintf
                0x0000000000001272       0x1c Output/Release/Obj/gzll_ack_payload_device_pca10056/nrf_fprintf.o
                0x0000000000001272                nrf_fprintf
 .text.buffer_add
                0x000000000000128e       0x2e Output/Release/Obj/gzll_ack_payload_device_pca10056/nrf_fprintf_format.o
 .text.unsigned_print
                0x00000000000012bc       0xb4 Output/Release/Obj/gzll_ack_payload_device_pca10056/nrf_fprintf_format.o
 .text.nrf_fprintf_fmt
                0x0000000000001370      0x294 Output/Release/Obj/gzll_ack_payload_device_pca10056/nrf_fprintf_format.o
                0x0000000000001370                nrf_fprintf_fmt
 .text.memobj_op
                0x0000000000001604       0x86 Output/Release/Obj/gzll_ack_payload_device_pca10056/nrf_memobj.o
 .text.nrf_memobj_free
                0x000000000000168a       0x2c Output/Release/Obj/gzll_ack_payload_device_pca10056/nrf_memobj.o
                0x000000000000168a                nrf_memobj_free
 .text.nrf_memobj_alloc
                0x00000000000016b6       0x5e Output/Release/Obj/gzll_ack_payload_device_pca10056/nrf_memobj.o
                0x00000000000016b6                nrf_memobj_alloc
 .text.nrf_memobj_get
                0x0000000000001714        0x8 Output/Release/Obj/gzll_ack_payload_device_pca10056/nrf_memobj.o
                0x0000000000001714                nrf_memobj_get
 .text.nrf_memobj_put
                0x000000000000171c       0x1c Output/Release/Obj/gzll_ack_payload_device_pca10056/nrf_memobj.o
                0x000000000000171c                nrf_memobj_put
 .text.nrf_memobj_write
                0x0000000000001738       0x14 Output/Release/Obj/gzll_ack_payload_device_pca10056/nrf_memobj.o
                0x0000000000001738                nrf_memobj_write
 .text.nrf_memobj_read
                0x000000000000174c       0x14 Output/Release/Obj/gzll_ack_payload_device_pca10056/nrf_memobj.o
                0x000000000000174c                nrf_memobj_read
 .text.uarte_evt_handler
                0x0000000000001760       0x34 Output/Release/Obj/gzll_ack_payload_device_pca10056/nrf_drv_uart.o
 .text.uart_evt_handler
                0x0000000000001794       0x34 Output/Release/Obj/gzll_ack_payload_device_pca10056/nrf_drv_uart.o
 .text.nrf_drv_uart_init
                0x00000000000017c8       0x7c Output/Release/Obj/gzll_ack_payload_device_pca10056/nrf_drv_uart.o
                0x00000000000017c8                nrf_drv_uart_init
 .text.nrf_gpiote_event_clear
                0x0000000000001844       0x18 Output/Release/Obj/gzll_ack_payload_device_pca10056/nrfx_gpiote.o
 .text.nrf_gpio_pin_port_decode
                0x000000000000185c       0x18 Output/Release/Obj/gzll_ack_payload_device_pca10056/nrfx_gpiote.o
 .text.nrf_gpio_cfg_sense_set
                0x0000000000001874       0x2e Output/Release/Obj/gzll_ack_payload_device_pca10056/nrfx_gpiote.o
 .text.nrf_bitmask_bit_set
                0x00000000000018a2       0x14 Output/Release/Obj/gzll_ack_payload_device_pca10056/nrfx_gpiote.o
 *fill*         0x00000000000018b6        0x2 
 .text.GPIOTE_IRQHandler
                0x00000000000018b8      0x1b0 Output/Release/Obj/gzll_ack_payload_device_pca10056/nrfx_gpiote.o
                0x00000000000018b8                GPIOTE_IRQHandler
 .text.UARTE0_UART0_IRQHandler
                0x0000000000001a68        0xc Output/Release/Obj/gzll_ack_payload_device_pca10056/nrfx_prs.o
                0x0000000000001a68                UARTE0_UART0_IRQHandler
 .text.nrfx_prs_acquire
                0x0000000000001a74       0x38 Output/Release/Obj/gzll_ack_payload_device_pca10056/nrfx_prs.o
                0x0000000000001a74                nrfx_prs_acquire
 .text.nrfx_prs_release
                0x0000000000001aac       0x18 Output/Release/Obj/gzll_ack_payload_device_pca10056/nrfx_prs.o
                0x0000000000001aac                nrfx_prs_release
 .text.nrf_uart_event_clear
                0x0000000000001ac4       0x10 Output/Release/Obj/gzll_ack_payload_device_pca10056/nrfx_uart.o
 .text.tx_byte  0x0000000000001ad4       0x1e Output/Release/Obj/gzll_ack_payload_device_pca10056/nrfx_uart.o
 .text.rx_byte  0x0000000000001af2       0x2c Output/Release/Obj/gzll_ack_payload_device_pca10056/nrfx_uart.o
 *fill*         0x0000000000001b1e        0x2 
 .text.rx_done_event.constprop.0
                0x0000000000001b20       0x20 Output/Release/Obj/gzll_ack_payload_device_pca10056/nrfx_uart.o
 .text.nrfx_uart_0_irq_handler
                0x0000000000001b40      0x140 Output/Release/Obj/gzll_ack_payload_device_pca10056/nrfx_uart.o
                0x0000000000001b40                nrfx_uart_0_irq_handler
 .text.nrf_gpio_cfg_default
                0x0000000000001c80       0x20 Output/Release/Obj/gzll_ack_payload_device_pca10056/nrfx_uart.o
 .text.nrfx_uart_init
                0x0000000000001ca0      0x1a8 Output/Release/Obj/gzll_ack_payload_device_pca10056/nrfx_uart.o
                0x0000000000001ca0                nrfx_uart_init
 .text.nrfx_uart_uninit
                0x0000000000001e48       0xa8 Output/Release/Obj/gzll_ack_payload_device_pca10056/nrfx_uart.o
                0x0000000000001e48                nrfx_uart_uninit
 .text.nrfx_uart_tx_in_progress
                0x0000000000001ef0       0x18 Output/Release/Obj/gzll_ack_payload_device_pca10056/nrfx_uart.o
                0x0000000000001ef0                nrfx_uart_tx_in_progress
 .text.nrfx_uart_tx
                0x0000000000001f08       0x9c Output/Release/Obj/gzll_ack_payload_device_pca10056/nrfx_uart.o
                0x0000000000001f08                nrfx_uart_tx
 .text.nrf_uarte_event_clear
                0x0000000000001fa4       0x10 Output/Release/Obj/gzll_ack_payload_device_pca10056/nrfx_uarte.o
 .text.rx_done_event.constprop.0
                0x0000000000001fb4       0x20 Output/Release/Obj/gzll_ack_payload_device_pca10056/nrfx_uarte.o
 .text.nrfx_uarte_0_irq_handler
                0x0000000000001fd4       0xe4 Output/Release/Obj/gzll_ack_payload_device_pca10056/nrfx_uarte.o
                0x0000000000001fd4                nrfx_uarte_0_irq_handler
 .text.nrf_gpio_cfg_default
                0x00000000000020b8       0x20 Output/Release/Obj/gzll_ack_payload_device_pca10056/nrfx_uarte.o
 .text.nrfx_uarte_init
                0x00000000000020d8      0x1b8 Output/Release/Obj/gzll_ack_payload_device_pca10056/nrfx_uarte.o
                0x00000000000020d8                nrfx_uarte_init
 .text.nrfx_uarte_uninit
                0x0000000000002290       0xa8 Output/Release/Obj/gzll_ack_payload_device_pca10056/nrfx_uarte.o
                0x0000000000002290                nrfx_uarte_uninit
 .text.nrfx_uarte_tx_in_progress
                0x0000000000002338       0x18 Output/Release/Obj/gzll_ack_payload_device_pca10056/nrfx_uarte.o
                0x0000000000002338                nrfx_uarte_tx_in_progress
 .text.nrfx_uarte_tx
                0x0000000000002350       0x90 Output/Release/Obj/gzll_ack_payload_device_pca10056/nrfx_uarte.o
                0x0000000000002350                nrfx_uarte_tx
 .text.bsp_button_is_pressed
                0x00000000000023e0        0xc Output/Release/Obj/gzll_ack_payload_device_pca10056/bsp.o
                0x00000000000023e0                bsp_button_is_pressed
 .text.input_get
                0x00000000000023ec       0x24 Output/Release/Obj/gzll_ack_payload_device_pca10056/main.o
 .text.nrf_gzll_device_tx_success
                0x0000000000002410       0x98 Output/Release/Obj/gzll_ack_payload_device_pca10056/main.o
                0x0000000000002410                nrf_gzll_device_tx_success
 .text.nrf_gzll_device_tx_failed
                0x00000000000024a8       0x58 Output/Release/Obj/gzll_ack_payload_device_pca10056/main.o
                0x00000000000024a8                nrf_gzll_device_tx_failed
 .text.nrf_gzll_host_rx_data_ready
                0x0000000000002500        0x6 Output/Release/Obj/gzll_ack_payload_device_pca10056/main.o
                0x0000000000002500                nrf_gzll_host_rx_data_ready
 .text.nrf_gzll_disabled
                0x0000000000002506        0x2 Output/Release/Obj/gzll_ack_payload_device_pca10056/main.o
                0x0000000000002506                nrf_gzll_disabled
 .text.startup.main
                0x0000000000002508       0xec Output/Release/Obj/gzll_ack_payload_device_pca10056/main.o
                0x0000000000002508                main
 .text._GetAvailWriteSpace
                0x00000000000025f4       0x12 Output/Release/Obj/gzll_ack_payload_device_pca10056/SEGGER_RTT.o
 .text._WriteNoCheck
                0x0000000000002606       0x38 Output/Release/Obj/gzll_ack_payload_device_pca10056/SEGGER_RTT.o
 .text._WriteBlocking
                0x000000000000263e       0x52 Output/Release/Obj/gzll_ack_payload_device_pca10056/SEGGER_RTT.o
 .text._DoInit  0x0000000000002690       0x60 Output/Release/Obj/gzll_ack_payload_device_pca10056/SEGGER_RTT.o
 .text.SEGGER_RTT_WriteNoLock
                0x00000000000026f0       0x60 Output/Release/Obj/gzll_ack_payload_device_pca10056/SEGGER_RTT.o
                0x00000000000026f0                SEGGER_RTT_WriteNoLock
 .text.SEGGER_RTT_Write
                0x0000000000002750       0x34 Output/Release/Obj/gzll_ack_payload_device_pca10056/SEGGER_RTT.o
                0x0000000000002750                SEGGER_RTT_Write
 .text._StoreChar
                0x0000000000002784       0x3c Output/Release/Obj/gzll_ack_payload_device_pca10056/SEGGER_RTT_printf.o
 .text._PrintUnsigned
                0x00000000000027c0       0xd0 Output/Release/Obj/gzll_ack_payload_device_pca10056/SEGGER_RTT_printf.o
 .text.SEGGER_RTT_vprintf
                0x0000000000002890      0x25c Output/Release/Obj/gzll_ack_payload_device_pca10056/SEGGER_RTT_printf.o
                0x0000000000002890                SEGGER_RTT_vprintf
 .text.SEGGER_RTT_printf
                0x0000000000002aec       0x1c Output/Release/Obj/gzll_ack_payload_device_pca10056/SEGGER_RTT_printf.o
                0x0000000000002aec                SEGGER_RTT_printf
 .text.errata_98
                0x0000000000002b08       0x1a Output/Release/Obj/gzll_ack_payload_device_pca10056/system_nrf52840.o
 *fill*         0x0000000000002b22        0x2 
 .text.SystemInit
                0x0000000000002b24      0x1bc Output/Release/Obj/gzll_ack_payload_device_pca10056/system_nrf52840.o
                0x0000000000002b24                SystemInit
 .text.nrf_gzll_init
                0x0000000000002ce0      0x124 ../../../../../../../../components/proprietary_rf/gzll/gcc/gzll_nrf52840_sd_resources_gcc.a(nrf_gzll.c.o)
                0x0000000000002ce0                nrf_gzll_init
 .text.nrf_gzll_add_packet_to_tx_fifo
                0x0000000000002e04       0xb4 ../../../../../../../../components/proprietary_rf/gzll/gcc/gzll_nrf52840_sd_resources_gcc.a(nrf_gzll.c.o)
                0x0000000000002e04                nrf_gzll_add_packet_to_tx_fifo
 .text.nrf_gzll_fetch_packet_from_rx_fifo
                0x0000000000002eb8       0x74 ../../../../../../../../components/proprietary_rf/gzll/gcc/gzll_nrf52840_sd_resources_gcc.a(nrf_gzll.c.o)
                0x0000000000002eb8                nrf_gzll_fetch_packet_from_rx_fifo
 .text.nrf_gzll_get_channel_table_size
                0x0000000000002f2c        0xc ../../../../../../../../components/proprietary_rf/gzll/gcc/gzll_nrf52840_sd_resources_gcc.a(nrf_gzll.c.o)
                0x0000000000002f2c                nrf_gzll_get_channel_table_size
 .text.nrf_gzll_reset_tx_statistics
                0x0000000000002f38       0x64 ../../../../../../../../components/proprietary_rf/gzll/gcc/gzll_nrf52840_sd_resources_gcc.a(nrf_gzll.c.o)
                0x0000000000002f38                nrf_gzll_reset_tx_statistics
 .text.nrf_gzll_tx_statistics_enable
                0x0000000000002f9c       0x74 ../../../../../../../../components/proprietary_rf/gzll/gcc/gzll_nrf52840_sd_resources_gcc.a(nrf_gzll.c.o)
                0x0000000000002f9c                nrf_gzll_tx_statistics_enable
 .text.nrf_gzll_set_max_tx_attempts
                0x0000000000003010        0x4 ../../../../../../../../components/proprietary_rf/gzll/gcc/gzll_nrf52840_sd_resources_gcc.a(nrf_gzll.c.o)
                0x0000000000003010                nrf_gzll_set_max_tx_attempts
 .text.nrf_gzll_get_error_code
                0x0000000000003014        0xc ../../../../../../../../components/proprietary_rf/gzll/gcc/gzll_nrf52840_sd_resources_gcc.a(nrf_gzll.c.o)
                0x0000000000003014                nrf_gzll_get_error_code
 .text.nrf_gzll_mode_changed
                0x0000000000003020        0x4 ../../../../../../../../components/proprietary_rf/gzll/gcc/gzll_nrf52840_sd_resources_gcc.a(nrf_gzll.c.o)
                0x0000000000003020                nrf_gzll_mode_changed
 .text.notification_cb
                0x0000000000003024      0x1dc ../../../../../../../../components/proprietary_rf/gzll/gcc/gzll_nrf52840_sd_resources_gcc.a(nrf_gzll.c.o)
 .text.nrf_assert_internal_callback
                0x0000000000003200       0x14 ../../../../../../../../components/proprietary_rf/gzll/gcc/gzll_nrf52840_sd_resources_gcc.a(nrf_gzll.c.o)
                0x0000000000003200                nrf_assert_internal_callback
 .text.nrf_impl_device_ack_received
                0x0000000000003214      0x19c ../../../../../../../../components/proprietary_rf/gzll/gcc/gzll_nrf52840_sd_resources_gcc.a(nrf_impala.c.o)
 .text.nrf_impl_async_state_rx_enabling
                0x00000000000033b0       0xb0 ../../../../../../../../components/proprietary_rf/gzll/gcc/gzll_nrf52840_sd_resources_gcc.a(nrf_impala.c.o)
 .text.nrf_impl_async_state_packet_received
                0x0000000000003460      0x1c4 ../../../../../../../../components/proprietary_rf/gzll/gcc/gzll_nrf52840_sd_resources_gcc.a(nrf_impala.c.o)
 .text.nrf_impl_goto_disable.part.4
                0x0000000000003624       0x9c ../../../../../../../../components/proprietary_rf/gzll/gcc/gzll_nrf52840_sd_resources_gcc.a(nrf_impala.c.o)
 .text.nrf_impl_restore_all_hw_params
                0x00000000000036c0      0x4e0 ../../../../../../../../components/proprietary_rf/gzll/gcc/gzll_nrf52840_sd_resources_gcc.a(nrf_impala.c.o)
 .text.nrf_impl_ptx_session_start.part.2
                0x0000000000003ba0       0xe0 ../../../../../../../../components/proprietary_rf/gzll/gcc/gzll_nrf52840_sd_resources_gcc.a(nrf_impala.c.o)
 .text.nrf_impl_async_state_tx_ack_complete
                0x0000000000003c80       0xb4 ../../../../../../../../components/proprietary_rf/gzll/gcc/gzll_nrf52840_sd_resources_gcc.a(nrf_impala.c.o)
 .text.nrf_impl_pa_lna_cfg_set
                0x0000000000003d34        0xc ../../../../../../../../components/proprietary_rf/gzll/gcc/gzll_nrf52840_sd_resources_gcc.a(nrf_impala.c.o)
                0x0000000000003d34                nrf_impl_pa_lna_cfg_set
 .text.nrf_impl_disable
                0x0000000000003d40       0x7c ../../../../../../../../components/proprietary_rf/gzll/gcc/gzll_nrf52840_sd_resources_gcc.a(nrf_impala.c.o)
                0x0000000000003d40                nrf_impl_disable
 .text.nrf_impl_is_disabled
                0x0000000000003dbc       0x10 ../../../../../../../../components/proprietary_rf/gzll/gcc/gzll_nrf52840_sd_resources_gcc.a(nrf_impala.c.o)
                0x0000000000003dbc                nrf_impl_is_disabled
 .text.nrf_impl_mode_set
                0x0000000000003dcc      0x178 ../../../../../../../../components/proprietary_rf/gzll/gcc/gzll_nrf52840_sd_resources_gcc.a(nrf_impala.c.o)
                0x0000000000003dcc                nrf_impl_mode_set
 .text.nrf_impl_init
                0x0000000000003f44      0x148 ../../../../../../../../components/proprietary_rf/gzll/gcc/gzll_nrf52840_sd_resources_gcc.a(nrf_impala.c.o)
                0x0000000000003f44                nrf_impl_init
 .text.nrf_impl_packet_reserve
                0x000000000000408c       0x14 ../../../../../../../../components/proprietary_rf/gzll/gcc/gzll_nrf52840_sd_resources_gcc.a(nrf_impala.c.o)
                0x000000000000408c                nrf_impl_packet_reserve
 .text.nrf_impl_packet_free
                0x00000000000040a0       0x14 ../../../../../../../../components/proprietary_rf/gzll/gcc/gzll_nrf52840_sd_resources_gcc.a(nrf_impala.c.o)
                0x00000000000040a0                nrf_impl_packet_free
 .text.nrf_impl_tx_fifo_put
                0x00000000000040b4       0x8c ../../../../../../../../components/proprietary_rf/gzll/gcc/gzll_nrf52840_sd_resources_gcc.a(nrf_impala.c.o)
                0x00000000000040b4                nrf_impl_tx_fifo_put
 .text.nrf_impl_rx_fifo_pop
                0x0000000000004140       0x14 ../../../../../../../../components/proprietary_rf/gzll/gcc/gzll_nrf52840_sd_resources_gcc.a(nrf_impala.c.o)
                0x0000000000004140                nrf_impl_rx_fifo_pop
 .text.nrf_impl_rx_fifo_read
                0x0000000000004154        0x4 ../../../../../../../../components/proprietary_rf/gzll/gcc/gzll_nrf52840_sd_resources_gcc.a(nrf_impala.c.o)
                0x0000000000004154                nrf_impl_rx_fifo_read
 .text.nrf_impl_tx_fifo_packet_num_get
                0x0000000000004158        0x4 ../../../../../../../../components/proprietary_rf/gzll/gcc/gzll_nrf52840_sd_resources_gcc.a(nrf_impala.c.o)
                0x0000000000004158                nrf_impl_tx_fifo_packet_num_get
 .text.nrf_impl_rx_fifo_packet_num_get
                0x000000000000415c        0x4 ../../../../../../../../components/proprietary_rf/gzll/gcc/gzll_nrf52840_sd_resources_gcc.a(nrf_impala.c.o)
                0x000000000000415c                nrf_impl_rx_fifo_packet_num_get
 .text.nrf_impl_fifo_free_packet_num_get
                0x0000000000004160        0x4 ../../../../../../../../components/proprietary_rf/gzll/gcc/gzll_nrf52840_sd_resources_gcc.a(nrf_impala.c.o)
                0x0000000000004160                nrf_impl_fifo_free_packet_num_get
 .text.nrf_impl_channel_table_set
                0x0000000000004164       0x38 ../../../../../../../../components/proprietary_rf/gzll/gcc/gzll_nrf52840_sd_resources_gcc.a(nrf_impala.c.o)
                0x0000000000004164                nrf_impl_channel_table_set
 .text.nrf_impl_base_address_length_set
                0x000000000000419c       0x20 ../../../../../../../../components/proprietary_rf/gzll/gcc/gzll_nrf52840_sd_resources_gcc.a(nrf_impala.c.o)
                0x000000000000419c                nrf_impl_base_address_length_set
 .text.nrf_impl_max_tx_attempts_set
                0x00000000000041bc        0xc ../../../../../../../../components/proprietary_rf/gzll/gcc/gzll_nrf52840_sd_resources_gcc.a(nrf_impala.c.o)
                0x00000000000041bc                nrf_impl_max_tx_attempts_set
 .text.nrf_impl_tx_power_set
                0x00000000000041c8       0x18 ../../../../../../../../components/proprietary_rf/gzll/gcc/gzll_nrf52840_sd_resources_gcc.a(nrf_impala.c.o)
                0x00000000000041c8                nrf_impl_tx_power_set
 .text.nrf_impl_datarate_set
                0x00000000000041e0       0x20 ../../../../../../../../components/proprietary_rf/gzll/gcc/gzll_nrf52840_sd_resources_gcc.a(nrf_impala.c.o)
                0x00000000000041e0                nrf_impl_datarate_set
 .text.nrf_impl_rssi_state_set
                0x0000000000004200       0x28 ../../../../../../../../components/proprietary_rf/gzll/gcc/gzll_nrf52840_sd_resources_gcc.a(nrf_impala.c.o)
                0x0000000000004200                nrf_impl_rssi_state_set
 .text.nrf_impl_chan_select_policy_set
                0x0000000000004228        0xc ../../../../../../../../components/proprietary_rf/gzll/gcc/gzll_nrf52840_sd_resources_gcc.a(nrf_impala.c.o)
                0x0000000000004228                nrf_impl_chan_select_policy_set
 .text.nrf_impl_xosc_ctl_set
                0x0000000000004234        0xc ../../../../../../../../components/proprietary_rf/gzll/gcc/gzll_nrf52840_sd_resources_gcc.a(nrf_impala.c.o)
                0x0000000000004234                nrf_impl_xosc_ctl_set
 .text.nrf_impl_state_fun_timeslot_start
                0x0000000000004240      0x568 ../../../../../../../../components/proprietary_rf/gzll/gcc/gzll_nrf52840_sd_resources_gcc.a(nrf_impala.c.o)
                0x0000000000004240                nrf_impl_state_fun_timeslot_start
 .text.nrf_impl_state_fun_device_send_packet
                0x00000000000047a8       0x64 ../../../../../../../../components/proprietary_rf/gzll/gcc/gzll_nrf52840_sd_resources_gcc.a(nrf_impala.c.o)
                0x00000000000047a8                nrf_impl_state_fun_device_send_packet
 .text.nrf_lcore_device_pa_control_setup
                0x000000000000480c       0xc4 ../../../../../../../../components/proprietary_rf/gzll/gcc/gzll_nrf52840_sd_resources_gcc.a(nrf_link_core.c.o)
                0x000000000000480c                nrf_lcore_device_pa_control_setup
 .text.nrf_lcore_device_lna_timer_setup
                0x00000000000048d0       0x3c ../../../../../../../../components/proprietary_rf/gzll/gcc/gzll_nrf52840_sd_resources_gcc.a(nrf_link_core.c.o)
                0x00000000000048d0                nrf_lcore_device_lna_timer_setup
 .text.nrf_lcore_device_lna_output_clear
                0x000000000000490c       0x24 ../../../../../../../../components/proprietary_rf/gzll/gcc/gzll_nrf52840_sd_resources_gcc.a(nrf_link_core.c.o)
                0x000000000000490c                nrf_lcore_device_lna_output_clear
 .text.nrf_lcore_get_last_transaction_rf_channel
                0x0000000000004930        0xc ../../../../../../../../components/proprietary_rf/gzll/gcc/gzll_nrf52840_sd_resources_gcc.a(nrf_link_core.c.o)
                0x0000000000004930                nrf_lcore_get_last_transaction_rf_channel
 .text.nrf_lcore_init
                0x000000000000493c      0x324 ../../../../../../../../components/proprietary_rf/gzll/gcc/gzll_nrf52840_sd_resources_gcc.a(nrf_link_core.c.o)
                0x000000000000493c                nrf_lcore_init
 .text.nrf_lcore_operation_prepare
                0x0000000000004c60       0xd4 ../../../../../../../../components/proprietary_rf/gzll/gcc/gzll_nrf52840_sd_resources_gcc.a(nrf_link_core.c.o)
                0x0000000000004c60                nrf_lcore_operation_prepare
 .text.nrf_lcore_operation_start
                0x0000000000004d34      0x17c ../../../../../../../../components/proprietary_rf/gzll/gcc/gzll_nrf52840_sd_resources_gcc.a(nrf_link_core.c.o)
                0x0000000000004d34                nrf_lcore_operation_start
 .text.nrf_lcore_rx_address_match
                0x0000000000004eb0       0x18 ../../../../../../../../components/proprietary_rf/gzll/gcc/gzll_nrf52840_sd_resources_gcc.a(nrf_link_core.c.o)
                0x0000000000004eb0                nrf_lcore_rx_address_match
 .text.nrf_lcore_disable
                0x0000000000004ec8      0x1f0 ../../../../../../../../components/proprietary_rf/gzll/gcc/gzll_nrf52840_sd_resources_gcc.a(nrf_link_core.c.o)
                0x0000000000004ec8                nrf_lcore_disable
 .text.RADIO_IRQHandler
                0x00000000000050b8      0x8ec ../../../../../../../../components/proprietary_rf/gzll/gcc/gzll_nrf52840_sd_resources_gcc.a(nrf_link_core.c.o)
                0x00000000000050b8                RADIO_IRQHandler
 .text.nrf_nm_init
                0x00000000000059a4       0x38 ../../../../../../../../components/proprietary_rf/gzll/gcc/gzll_nrf52840_sd_resources_gcc.a(nrf_notification_manager.c.o)
                0x00000000000059a4                nrf_nm_init
 .text.nrf_nm_add
                0x00000000000059dc       0x78 ../../../../../../../../components/proprietary_rf/gzll/gcc/gzll_nrf52840_sd_resources_gcc.a(nrf_notification_manager.c.o)
                0x00000000000059dc                nrf_nm_add
 .text.nrf_nm_notify_queue_space_get
                0x0000000000005a54       0x28 ../../../../../../../../components/proprietary_rf/gzll/gcc/gzll_nrf52840_sd_resources_gcc.a(nrf_notification_manager.c.o)
                0x0000000000005a54                nrf_nm_notify_queue_space_get
 .text.SWI1_EGU1_IRQHandler
                0x0000000000005a7c       0x78 ../../../../../../../../components/proprietary_rf/gzll/gcc/gzll_nrf52840_sd_resources_gcc.a(nrf_notification_manager.c.o)
                0x0000000000005a7c                SWI1_EGU1_IRQHandler
 .text.nrf_pm_init
                0x0000000000005af4       0x58 ../../../../../../../../components/proprietary_rf/gzll/gcc/gzll_nrf52840_sd_resources_gcc.a(nrf_packet_manager.c.o)
                0x0000000000005af4                nrf_pm_init
 .text.nrf_pm_ptx_fifo_not_empty
                0x0000000000005b4c        0xc ../../../../../../../../components/proprietary_rf/gzll/gcc/gzll_nrf52840_sd_resources_gcc.a(nrf_packet_manager.c.o)
                0x0000000000005b4c                nrf_pm_ptx_fifo_not_empty
 .text.nrf_pm_ptx_start
                0x0000000000005b58       0xbc ../../../../../../../../components/proprietary_rf/gzll/gcc/gzll_nrf52840_sd_resources_gcc.a(nrf_packet_manager.c.o)
                0x0000000000005b58                nrf_pm_ptx_start
 .text.nrf_pm_ptx_end
                0x0000000000005c14      0x108 ../../../../../../../../components/proprietary_rf/gzll/gcc/gzll_nrf52840_sd_resources_gcc.a(nrf_packet_manager.c.o)
                0x0000000000005c14                nrf_pm_ptx_end
 .text.nrf_pm_current_ptx_pipe_get
                0x0000000000005d1c        0xc ../../../../../../../../components/proprietary_rf/gzll/gcc/gzll_nrf52840_sd_resources_gcc.a(nrf_packet_manager.c.o)
                0x0000000000005d1c                nrf_pm_current_ptx_pipe_get
 .text.nrf_pm_current_ptx_packet_get
                0x0000000000005d28        0xc ../../../../../../../../components/proprietary_rf/gzll/gcc/gzll_nrf52840_sd_resources_gcc.a(nrf_packet_manager.c.o)
                0x0000000000005d28                nrf_pm_current_ptx_packet_get
 .text.nrf_pm_current_ptx_ack_ptr_get
                0x0000000000005d34        0xc ../../../../../../../../components/proprietary_rf/gzll/gcc/gzll_nrf52840_sd_resources_gcc.a(nrf_packet_manager.c.o)
                0x0000000000005d34                nrf_pm_current_ptx_ack_ptr_get
 .text.nrf_pm_prx_start
                0x0000000000005d40       0xdc ../../../../../../../../components/proprietary_rf/gzll/gcc/gzll_nrf52840_sd_resources_gcc.a(nrf_packet_manager.c.o)
                0x0000000000005d40                nrf_pm_prx_start
 .text.nrf_pm_prx_end
                0x0000000000005e1c      0x1b4 ../../../../../../../../components/proprietary_rf/gzll/gcc/gzll_nrf52840_sd_resources_gcc.a(nrf_packet_manager.c.o)
                0x0000000000005e1c                nrf_pm_prx_end
 .text.nrf_pm_state_get
                0x0000000000005fd0        0xc ../../../../../../../../components/proprietary_rf/gzll/gcc/gzll_nrf52840_sd_resources_gcc.a(nrf_packet_manager.c.o)
                0x0000000000005fd0                nrf_pm_state_get
 .text.nrf_pm_tx_fifo_put
                0x0000000000005fdc       0x70 ../../../../../../../../components/proprietary_rf/gzll/gcc/gzll_nrf52840_sd_resources_gcc.a(nrf_packet_manager.c.o)
                0x0000000000005fdc                nrf_pm_tx_fifo_put
 .text.nrf_pm_tx_fifo_packet_num_get
                0x000000000000604c        0x4 ../../../../../../../../components/proprietary_rf/gzll/gcc/gzll_nrf52840_sd_resources_gcc.a(nrf_packet_manager.c.o)
                0x000000000000604c                nrf_pm_tx_fifo_packet_num_get
 .text.nrf_pm_rx_fifo_read
                0x0000000000006050        0x8 ../../../../../../../../components/proprietary_rf/gzll/gcc/gzll_nrf52840_sd_resources_gcc.a(nrf_packet_manager.c.o)
                0x0000000000006050                nrf_pm_rx_fifo_read
 .text.nrf_pm_rx_fifo_pop
                0x0000000000006058        0x8 ../../../../../../../../components/proprietary_rf/gzll/gcc/gzll_nrf52840_sd_resources_gcc.a(nrf_packet_manager.c.o)
                0x0000000000006058                nrf_pm_rx_fifo_pop
 .text.nrf_pm_rx_fifo_packet_num_get
                0x0000000000006060        0x8 ../../../../../../../../components/proprietary_rf/gzll/gcc/gzll_nrf52840_sd_resources_gcc.a(nrf_packet_manager.c.o)
                0x0000000000006060                nrf_pm_rx_fifo_packet_num_get
 .text.nrf_pm_packet_reserve
                0x0000000000006068        0x4 ../../../../../../../../components/proprietary_rf/gzll/gcc/gzll_nrf52840_sd_resources_gcc.a(nrf_packet_manager.c.o)
                0x0000000000006068                nrf_pm_packet_reserve
 .text.nrf_pm_packet_free
                0x000000000000606c        0x4 ../../../../../../../../components/proprietary_rf/gzll/gcc/gzll_nrf52840_sd_resources_gcc.a(nrf_packet_manager.c.o)
                0x000000000000606c                nrf_pm_packet_free
 .text.nrf_pm_fifo_free_packet_num_get
                0x0000000000006070        0x4 ../../../../../../../../components/proprietary_rf/gzll/gcc/gzll_nrf52840_sd_resources_gcc.a(nrf_packet_manager.c.o)
                0x0000000000006070                nrf_pm_fifo_free_packet_num_get
 .text.nrf_pm_dyn_ack_status_set
                0x0000000000006074        0xc ../../../../../../../../components/proprietary_rf/gzll/gcc/gzll_nrf52840_sd_resources_gcc.a(nrf_packet_manager.c.o)
                0x0000000000006074                nrf_pm_dyn_ack_status_set
 .text.nrf_sm_init
                0x0000000000006080       0x10 ../../../../../../../../components/proprietary_rf/gzll/gcc/gzll_nrf52840_sd_resources_gcc.a(nrf_state_machine.c.o)
                0x0000000000006080                nrf_sm_init
 .text.nrf_sm_next_state_set
                0x0000000000006090       0x1c ../../../../../../../../components/proprietary_rf/gzll/gcc/gzll_nrf52840_sd_resources_gcc.a(nrf_state_machine.c.o)
                0x0000000000006090                nrf_sm_next_state_set
 .text.nrf_sm_next_state_get
                0x00000000000060ac        0xc ../../../../../../../../components/proprietary_rf/gzll/gcc/gzll_nrf52840_sd_resources_gcc.a(nrf_state_machine.c.o)
                0x00000000000060ac                nrf_sm_next_state_get
 .text.nrf_sm_execute
                0x00000000000060b8       0x1c ../../../../../../../../components/proprietary_rf/gzll/gcc/gzll_nrf52840_sd_resources_gcc.a(nrf_state_machine.c.o)
                0x00000000000060b8                nrf_sm_execute
 .text.nrf_assert_internal_parse_and_forward
                0x00000000000060d4        0x4 ../../../../../../../../components/proprietary_rf/gzll/gcc/gzll_nrf52840_sd_resources_gcc.a(nrf_assert_internal.c.o)
                0x00000000000060d4                nrf_assert_internal_parse_and_forward
 .text.nrf_chm_init
                0x00000000000060d8       0x28 ../../../../../../../../components/proprietary_rf/gzll/gcc/gzll_nrf52840_sd_resources_gcc.a(nrf_channel_manager.c.o)
                0x00000000000060d8                nrf_chm_init
 .text.nrf_chm_single_tick_execute
                0x0000000000006100       0x30 ../../../../../../../../components/proprietary_rf/gzll/gcc/gzll_nrf52840_sd_resources_gcc.a(nrf_channel_manager.c.o)
                0x0000000000006100                nrf_chm_single_tick_execute
 .text.nrf_chm_current_chan_get
                0x0000000000006130       0x2c ../../../../../../../../components/proprietary_rf/gzll/gcc/gzll_nrf52840_sd_resources_gcc.a(nrf_channel_manager.c.o)
                0x0000000000006130                nrf_chm_current_chan_get
 .text.nrf_chm_current_chan_index_set
                0x000000000000615c       0x28 ../../../../../../../../components/proprietary_rf/gzll/gcc/gzll_nrf52840_sd_resources_gcc.a(nrf_channel_manager.c.o)
                0x000000000000615c                nrf_chm_current_chan_index_set
 .text.nrf_chm_current_chan_index_get
                0x0000000000006184        0xc ../../../../../../../../components/proprietary_rf/gzll/gcc/gzll_nrf52840_sd_resources_gcc.a(nrf_channel_manager.c.o)
                0x0000000000006184                nrf_chm_current_chan_index_get
 .text.nrf_chm_current_timeslot_set
                0x0000000000006190       0x28 ../../../../../../../../components/proprietary_rf/gzll/gcc/gzll_nrf52840_sd_resources_gcc.a(nrf_channel_manager.c.o)
                0x0000000000006190                nrf_chm_current_timeslot_set
 .text.nrf_chm_current_timeslot_get
                0x00000000000061b8        0xc ../../../../../../../../components/proprietary_rf/gzll/gcc/gzll_nrf52840_sd_resources_gcc.a(nrf_channel_manager.c.o)
                0x00000000000061b8                nrf_chm_current_timeslot_get
 .text.nrf_fifo_init
                0x00000000000061c4       0xcc ../../../../../../../../components/proprietary_rf/gzll/gcc/gzll_nrf52840_sd_resources_gcc.a(nrf_fifo.c.o)
                0x00000000000061c4                nrf_fifo_init
 .text.nrf_fifo_packet_reserve
                0x0000000000006290       0x8c ../../../../../../../../components/proprietary_rf/gzll/gcc/gzll_nrf52840_sd_resources_gcc.a(nrf_fifo.c.o)
                0x0000000000006290                nrf_fifo_packet_reserve
 .text.nrf_fifo_packet_free
                0x000000000000631c       0xac ../../../../../../../../components/proprietary_rf/gzll/gcc/gzll_nrf52840_sd_resources_gcc.a(nrf_fifo.c.o)
                0x000000000000631c                nrf_fifo_packet_free
 .text.nrf_fifo_packet_put
                0x00000000000063c8       0xd4 ../../../../../../../../components/proprietary_rf/gzll/gcc/gzll_nrf52840_sd_resources_gcc.a(nrf_fifo.c.o)
                0x00000000000063c8                nrf_fifo_packet_put
 .text.nrf_fifo_packet_pop
                0x000000000000649c       0x58 ../../../../../../../../components/proprietary_rf/gzll/gcc/gzll_nrf52840_sd_resources_gcc.a(nrf_fifo.c.o)
                0x000000000000649c                nrf_fifo_packet_pop
 .text.nrf_fifo_packet_read
                0x00000000000064f4       0x3c ../../../../../../../../components/proprietary_rf/gzll/gcc/gzll_nrf52840_sd_resources_gcc.a(nrf_fifo.c.o)
                0x00000000000064f4                nrf_fifo_packet_read
 .text.nrf_fifo_packet_num_get
                0x0000000000006530       0x24 ../../../../../../../../components/proprietary_rf/gzll/gcc/gzll_nrf52840_sd_resources_gcc.a(nrf_fifo.c.o)
                0x0000000000006530                nrf_fifo_packet_num_get
 .text.nrf_fifo_free_packet_num_get
                0x0000000000006554        0xc ../../../../../../../../components/proprietary_rf/gzll/gcc/gzll_nrf52840_sd_resources_gcc.a(nrf_fifo.c.o)
                0x0000000000006554                nrf_fifo_free_packet_num_get
 .text.nrf_flw_init
                0x0000000000006560       0x70 ../../../../../../../../components/proprietary_rf/gzll/gcc/gzll_nrf52840_sd_resources_gcc.a(nrf_flywheel.c.o)
                0x0000000000006560                nrf_flw_init
 .text.nrf_flw_start
                0x00000000000065d0       0x18 ../../../../../../../../components/proprietary_rf/gzll/gcc/gzll_nrf52840_sd_resources_gcc.a(nrf_flywheel.c.o)
                0x00000000000065d0                nrf_flw_start
 .text.nrf_flw_stop
                0x00000000000065e8       0x44 ../../../../../../../../components/proprietary_rf/gzll/gcc/gzll_nrf52840_sd_resources_gcc.a(nrf_flywheel.c.o)
                0x00000000000065e8                nrf_flw_stop
 .text.nrf_flw_runstate_get
                0x000000000000662c        0xc ../../../../../../../../components/proprietary_rf/gzll/gcc/gzll_nrf52840_sd_resources_gcc.a(nrf_flywheel.c.o)
                0x000000000000662c                nrf_flw_runstate_get
 .text.nrf_flw_task_is_delayed
                0x0000000000006638        0xc ../../../../../../../../components/proprietary_rf/gzll/gcc/gzll_nrf52840_sd_resources_gcc.a(nrf_flywheel.c.o)
                0x0000000000006638                nrf_flw_task_is_delayed
 .text.nrf_flw_call_prepare
                0x0000000000006644      0x140 ../../../../../../../../components/proprietary_rf/gzll/gcc/gzll_nrf52840_sd_resources_gcc.a(nrf_flywheel.c.o)
                0x0000000000006644                nrf_flw_call_prepare
 .text.nrf_flw_capture_task_get
                0x0000000000006784        0x8 ../../../../../../../../components/proprietary_rf/gzll/gcc/gzll_nrf52840_sd_resources_gcc.a(nrf_flywheel.c.o)
                0x0000000000006784                nrf_flw_capture_task_get
 .text.nrf_flw_call_event_get
                0x000000000000678c        0x8 ../../../../../../../../components/proprietary_rf/gzll/gcc/gzll_nrf52840_sd_resources_gcc.a(nrf_flywheel.c.o)
                0x000000000000678c                nrf_flw_call_event_get
 .text.TIMER0_IRQHandler
                0x0000000000006794       0x70 ../../../../../../../../components/proprietary_rf/gzll/gcc/gzll_nrf52840_sd_resources_gcc.a(nrf_flywheel.c.o)
                0x0000000000006794                TIMER0_IRQHandler
 .text.libc.__RAL_ascii_isctype
                0x0000000000006804       0x1c D:/Program Files/SEGGER/SEGGER Embedded Studio for ARM 5.60/lib/libc_v7em_fpv4_sp_d16_hard_t_le_eabi.a(libc2.o)
 .text.libc.__RAL_ascii_toupper
                0x0000000000006820        0xc D:/Program Files/SEGGER/SEGGER Embedded Studio for ARM 5.60/lib/libc_v7em_fpv4_sp_d16_hard_t_le_eabi.a(libc2.o)
 .text.libc.__RAL_ascii_tolower
                0x000000000000682c        0xc D:/Program Files/SEGGER/SEGGER Embedded Studio for ARM 5.60/lib/libc_v7em_fpv4_sp_d16_hard_t_le_eabi.a(libc2.o)
 .text.libc.__RAL_ascii_iswctype
                0x0000000000006838       0x1c D:/Program Files/SEGGER/SEGGER Embedded Studio for ARM 5.60/lib/libc_v7em_fpv4_sp_d16_hard_t_le_eabi.a(libc2.o)
 .text.libc.__RAL_ascii_towupper
                0x0000000000006854        0xc D:/Program Files/SEGGER/SEGGER Embedded Studio for ARM 5.60/lib/libc_v7em_fpv4_sp_d16_hard_t_le_eabi.a(libc2.o)
 .text.libc.__RAL_ascii_towlower
                0x0000000000006860        0xc D:/Program Files/SEGGER/SEGGER Embedded Studio for ARM 5.60/lib/libc_v7em_fpv4_sp_d16_hard_t_le_eabi.a(libc2.o)
 .text.libc.__RAL_ascii_wctomb
                0x000000000000686c        0xe D:/Program Files/SEGGER/SEGGER Embedded Studio for ARM 5.60/lib/libc_v7em_fpv4_sp_d16_hard_t_le_eabi.a(libc2.o)
                0x000000000000686c                __RAL_ascii_wctomb
 .text.libc.__RAL_ascii_mbtowc
                0x000000000000687a       0x24 D:/Program Files/SEGGER/SEGGER Embedded Studio for ARM 5.60/lib/libc_v7em_fpv4_sp_d16_hard_t_le_eabi.a(libc2.o)
                0x000000000000687a                __RAL_ascii_mbtowc
 *fill*         0x000000000000689e        0x2 
 .text.libc.__RAL_isctype
                0x00000000000068a0       0x14 D:/Program Files/SEGGER/SEGGER Embedded Studio for ARM 5.60/lib/libc_v7em_fpv4_sp_d16_hard_t_le_eabi.a(libc2.o)
                0x00000000000068a0                __RAL_isctype
 .text.libc.isprint
                0x00000000000068b4        0xa D:/Program Files/SEGGER/SEGGER Embedded Studio for ARM 5.60/lib/libc_v7em_fpv4_sp_d16_hard_t_le_eabi.a(libc2.o)
                0x00000000000068b4                isprint
 .text.libc.memcpy
                0x00000000000068be       0x52 D:/Program Files/SEGGER/SEGGER Embedded Studio for ARM 5.60/lib/libc_v7em_fpv4_sp_d16_hard_t_le_eabi.a(libc2_asm.o)
                0x00000000000068be                __aeabi_memcpy
                0x00000000000068be                memcpy
                0x00000000000068ca                __aeabi_memcpy8
                0x00000000000068ca                __aeabi_memcpy4
 .text.libc.memset
                0x0000000000006910       0x66 D:/Program Files/SEGGER/SEGGER Embedded Studio for ARM 5.60/lib/libc_v7em_fpv4_sp_d16_hard_t_le_eabi.a(libc2_asm.o)
                0x0000000000006910                memset
 .text.libc.strcpy
                0x0000000000006976       0x44 D:/Program Files/SEGGER/SEGGER Embedded Studio for ARM 5.60/lib/libc_v7em_fpv4_sp_d16_hard_t_le_eabi.a(libc2_asm.o)
                0x0000000000006976                strcpy
 .text.libc.strlen
                0x00000000000069ba       0x60 D:/Program Files/SEGGER/SEGGER Embedded Studio for ARM 5.60/lib/libc_v7em_fpv4_sp_d16_hard_t_le_eabi.a(libc2_asm.o)
                0x00000000000069ba                strlen
                0x0000000000006a1a                __text_end__ = (__text_start__ + SIZEOF (.text))
                0x0000000000006646                __text_size__ = SIZEOF (.text)
                0x0000000000006a1a                __text_load_end__ = __text_end__

.vfp11_veneer   0x0000000100000000        0x0
 .vfp11_veneer  0x0000000100000000        0x0 linker stubs

.v4_bx          0x0000000100000000        0x0
 .v4_bx         0x0000000100000000        0x0 linker stubs

.iplt           0x0000000100000000        0x0
 .iplt          0x0000000100000000        0x0 Output/Release/Obj/gzll_ack_payload_device_pca10056/thumb_crt0.o
                0x0000000000000001                . = ASSERT (((__text_start__ == __text_end__) || ((__text_end__ - __FLASH_segment_start__) <= __FLASH_segment_size__)), error: .text is too large to fit in FLASH memory segment)
                0x0000000000006a1c                __log_const_data_load_start__ = ALIGN (__text_end__, 0x4)

.log_const_data
                0x0000000000006a1c       0x28
                0x0000000000006a1c                __log_const_data_start__ = .
                0x0000000000006a1c                __start_log_const_data = __log_const_data_start__
 *(SORT_BY_NAME(.log_const_data*))
 .log_const_data_GPIOTE
                0x0000000000006a1c        0x8 Output/Release/Obj/gzll_ack_payload_device_pca10056/nrfx_gpiote.o
                0x0000000000006a1c                m_nrf_log_GPIOTE_logs_data_const
 .log_const_data_PRS
                0x0000000000006a24        0x8 Output/Release/Obj/gzll_ack_payload_device_pca10056/nrfx_prs.o
                0x0000000000006a24                m_nrf_log_PRS_logs_data_const
 .log_const_data_UART
                0x0000000000006a2c        0x8 Output/Release/Obj/gzll_ack_payload_device_pca10056/nrfx_uart.o
                0x0000000000006a2c                m_nrf_log_UART_logs_data_const
 .log_const_data_UARTE
                0x0000000000006a34        0x8 Output/Release/Obj/gzll_ack_payload_device_pca10056/nrfx_uarte.o
                0x0000000000006a34                m_nrf_log_UARTE_logs_data_const
 .log_const_data_app
                0x0000000000006a3c        0x8 Output/Release/Obj/gzll_ack_payload_device_pca10056/nrf_log_frontend.o
                0x0000000000006a3c                m_nrf_log_app_logs_data_const
                0x0000000000006a44                __log_const_data_end__ = (__log_const_data_start__ + SIZEOF (.log_const_data))
                0x0000000000000028                __log_const_data_size__ = SIZEOF (.log_const_data)
                0x0000000000006a44                __stop_log_const_data = __log_const_data_end__
                0x0000000000006a44                __log_const_data_load_end__ = __log_const_data_end__
                0x0000000000000001                . = ASSERT (((__log_const_data_start__ == __log_const_data_end__) || ((__log_const_data_end__ - __FLASH_segment_start__) <= __FLASH_segment_size__)), error: .log_const_data is too large to fit in FLASH memory segment)
                0x0000000000006a44                __log_backends_load_start__ = ALIGN (__log_const_data_end__, 0x4)

.log_backends   0x0000000000006a44       0x10
                0x0000000000006a44                __log_backends_start__ = .
                0x0000000000006a44                __start_log_backends = __log_backends_start__
 *(SORT_BY_NAME(.log_backends*))
 .log_backends  0x0000000000006a44       0x10 Output/Release/Obj/gzll_ack_payload_device_pca10056/nrf_log_default_backends.o
                0x0000000000006a54                __log_backends_end__ = (__log_backends_start__ + SIZEOF (.log_backends))
                0x0000000000000010                __log_backends_size__ = SIZEOF (.log_backends)
                0x0000000000006a54                __stop_log_backends = __log_backends_end__
                0x0000000000006a54                __log_backends_load_end__ = __log_backends_end__
                0x0000000000000001                . = ASSERT (((__log_backends_start__ == __log_backends_end__) || ((__log_backends_end__ - __FLASH_segment_start__) <= __FLASH_segment_size__)), error: .log_backends is too large to fit in FLASH memory segment)
                0x0000000000006a54                __nrf_balloc_load_start__ = ALIGN (__log_backends_end__, 0x4)

.nrf_balloc     0x0000000000006a54       0x14
                0x0000000000006a54                __nrf_balloc_start__ = .
                0x0000000000006a54                __start_nrf_balloc = __nrf_balloc_start__
 *(.nrf_balloc*)
 .nrf_balloc    0x0000000000006a54       0x14 Output/Release/Obj/gzll_ack_payload_device_pca10056/nrf_log_frontend.o
                0x0000000000006a54                log_mempool
                0x0000000000006a68                __nrf_balloc_end__ = (__nrf_balloc_start__ + SIZEOF (.nrf_balloc))
                0x0000000000000014                __nrf_balloc_size__ = SIZEOF (.nrf_balloc)
                0x0000000000006a68                __stop_nrf_balloc = __nrf_balloc_end__
                0x0000000000006a68                __nrf_balloc_load_end__ = __nrf_balloc_end__
                0x0000000000000001                . = ASSERT (((__nrf_balloc_start__ == __nrf_balloc_end__) || ((__nrf_balloc_end__ - __FLASH_segment_start__) <= __FLASH_segment_size__)), error: .nrf_balloc is too large to fit in FLASH memory segment)
                0x0000000000006a68                __nrf_sections_load_start__ = ALIGN (__nrf_balloc_end__, 0x4)

.nrf_sections   0x0000000000006a68        0x0
                0x0000000000006a68                __nrf_sections_start__ = .
                0x0000000000006a68                __start_nrf_sections = __nrf_sections_start__
 *(.nrf_sections .nrf_sections.*)
                0x0000000000006a68                __nrf_sections_end__ = (__nrf_sections_start__ + SIZEOF (.nrf_sections))
                0x0000000000000000                __nrf_sections_size__ = SIZEOF (.nrf_sections)
                0x0000000000006a68                __nrf_sections_load_end__ = __nrf_sections_end__
                0x0000000000000001                . = ASSERT (((__nrf_sections_start__ == __nrf_sections_end__) || ((__nrf_sections_end__ - __FLASH_segment_start__) <= __FLASH_segment_size__)), error: .nrf_sections is too large to fit in FLASH memory segment)
                0x0000000000006a68                __log_dynamic_data_load_start__ = ALIGN (__nrf_sections_end__, 0x4)

.log_dynamic_data
                0x0000000020000000        0x0 load address 0x0000000000006a68
                0x0000000020000000                __log_dynamic_data_start__ = .
 *(SORT_BY_NAME(.log_dynamic_data*))
                0x0000000020000000                __log_dynamic_data_end__ = (__log_dynamic_data_start__ + SIZEOF (.log_dynamic_data))
                0x0000000000000000                __log_dynamic_data_size__ = SIZEOF (.log_dynamic_data)
                0x0000000000006a68                __log_dynamic_data_load_end__ = (__log_dynamic_data_load_start__ + SIZEOF (.log_dynamic_data))
                0x0000000000000001                . = ASSERT (((__log_dynamic_data_load_start__ == __log_dynamic_data_load_end__) || ((__log_dynamic_data_load_end__ - __FLASH_segment_start__) <= __FLASH_segment_size__)), error: .log_dynamic_data is too large to fit in FLASH memory segment)

.log_dynamic_data_run
                0x0000000020000000        0x0
                0x0000000020000000                __log_dynamic_data_run_start__ = .
                0x0000000020000000                __start_log_dynamic_data = __log_dynamic_data_run_start__
                0x0000000020000000                __log_dynamic_data_run_end__ = (__log_dynamic_data_run_start__ + SIZEOF (.log_dynamic_data))
                0x0000000000000000                __log_dynamic_data_run_size__ = (__log_dynamic_data_run_end__ - __log_dynamic_data_run_start__)
                0x0000000020000000                __stop_log_dynamic_data = __log_dynamic_data_run_end__
                0x0000000020000000                __log_dynamic_data_run_load_end__ = __log_dynamic_data_run_end__
                0x0000000000000001                . = ASSERT (((__log_dynamic_data_run_start__ == __log_dynamic_data_run_end__) || ((__log_dynamic_data_run_end__ - __RAM_segment_start__) <= __RAM_segment_size__)), error: .log_dynamic_data_run is too large to fit in RAM memory segment)
                0x0000000000006a68                __log_filter_data_load_start__ = ALIGN ((__log_dynamic_data_load_start__ + SIZEOF (.log_dynamic_data)), 0x4)

.log_filter_data
                0x0000000020000000        0x0 load address 0x0000000000006a68
                0x0000000020000000                __log_filter_data_start__ = .
 *(SORT_BY_NAME(.log_filter_data*))
                0x0000000020000000                __log_filter_data_end__ = (__log_filter_data_start__ + SIZEOF (.log_filter_data))
                0x0000000000000000                __log_filter_data_size__ = SIZEOF (.log_filter_data)
                0x0000000000006a68                __log_filter_data_load_end__ = (__log_filter_data_load_start__ + SIZEOF (.log_filter_data))
                0x0000000000000001                . = ASSERT (((__log_filter_data_load_start__ == __log_filter_data_load_end__) || ((__log_filter_data_load_end__ - __FLASH_segment_start__) <= __FLASH_segment_size__)), error: .log_filter_data is too large to fit in FLASH memory segment)

.log_filter_data_run
                0x0000000020000000        0x0
                0x0000000020000000                __log_filter_data_run_start__ = .
                0x0000000020000000                __start_log_filter_data = __log_filter_data_run_start__
                0x0000000020000000                __log_filter_data_run_end__ = (__log_filter_data_run_start__ + SIZEOF (.log_filter_data))
                0x0000000000000000                __log_filter_data_run_size__ = (__log_filter_data_run_end__ - __log_filter_data_run_start__)
                0x0000000020000000                __stop_log_filter_data = __log_filter_data_run_end__
                0x0000000020000000                __log_filter_data_run_load_end__ = __log_filter_data_run_end__
                0x0000000000000001                . = ASSERT (((__log_filter_data_run_start__ == __log_filter_data_run_end__) || ((__log_filter_data_run_end__ - __RAM_segment_start__) <= __RAM_segment_size__)), error: .log_filter_data_run is too large to fit in RAM memory segment)
                0x0000000020000000                __nrf_sections_run_end_load_start__ = ALIGN (__log_filter_data_run_end__, 0x4)

.nrf_sections_run_end
                0x0000000020000000        0x0
                0x0000000020000000                __nrf_sections_run_end_start__ = .
                0x0000000020000000                __end_nrf_sections_run = __nrf_sections_run_end_start__
 *(.nrf_sections_run_end .nrf_sections_run_end.*)
                0x0000000020000000                __nrf_sections_run_end_end__ = (__nrf_sections_run_end_start__ + SIZEOF (.nrf_sections_run_end))
                0x0000000000000000                __nrf_sections_run_end_size__ = SIZEOF (.nrf_sections_run_end)
                0x0000000020000000                __nrf_sections_run_end_load_end__ = __nrf_sections_run_end_end__
                0x0000000000000001                . = ASSERT (((__nrf_sections_run_end_start__ == __nrf_sections_run_end_end__) || ((__nrf_sections_run_end_end__ - __RAM_segment_start__) <= __RAM_segment_size__)), error: .nrf_sections_run_end is too large to fit in RAM memory segment)
                0x0000000000006a68                __dtors_load_start__ = ALIGN ((__log_filter_data_load_start__ + SIZEOF (.log_filter_data)), 0x4)

.dtors          0x0000000000006a68        0x0
                0x0000000000006a68                __dtors_start__ = .
 *(SORT_BY_NAME(.dtors.*))
 *(.dtors)
 *(.fini_array)
 *(SORT_BY_NAME(.fini_array.*))
                0x0000000000006a68                __dtors_end__ = (__dtors_start__ + SIZEOF (.dtors))
                0x0000000000000000                __dtors_size__ = SIZEOF (.dtors)
                0x0000000000006a68                __dtors_load_end__ = __dtors_end__
                0x0000000000000001                . = ASSERT (((__dtors_start__ == __dtors_end__) || ((__dtors_end__ - __FLASH_segment_start__) <= __FLASH_segment_size__)), error: .dtors is too large to fit in FLASH memory segment)
                0x0000000000006a68                __ctors_load_start__ = ALIGN (__dtors_end__, 0x4)

.ctors          0x0000000000006a68        0x0
                0x0000000000006a68                __ctors_start__ = .
 *(SORT_BY_NAME(.ctors.*))
 *(.ctors)
 *(.init_array)
 *(SORT_BY_NAME(.init_array.*))
                0x0000000000006a68                __ctors_end__ = (__ctors_start__ + SIZEOF (.ctors))
                0x0000000000000000                __ctors_size__ = SIZEOF (.ctors)
                0x0000000000006a68                __ctors_load_end__ = __ctors_end__
                0x0000000000000001                . = ASSERT (((__ctors_start__ == __ctors_end__) || ((__ctors_end__ - __FLASH_segment_start__) <= __FLASH_segment_size__)), error: .ctors is too large to fit in FLASH memory segment)
                0x0000000000006a68                __rodata_load_start__ = ALIGN (__ctors_end__, 0x4)

.rodata         0x0000000000006a68      0x502
                0x0000000000006a68                __rodata_start__ = .
 *(.rodata .rodata.* .gnu.linkonce.r.*)
 .rodata        0x0000000000006a68       0x20 Output/Release/Obj/gzll_ack_payload_device_pca10056/nrf_log_backend_uart.o
 .rodata.nrf_log_backend_uart_api
                0x0000000000006a88        0xc Output/Release/Obj/gzll_ack_payload_device_pca10056/nrf_log_backend_uart.o
                0x0000000000006a88                nrf_log_backend_uart_api
 .rodata.str1.1
                0x0000000000006a94       0x11 Output/Release/Obj/gzll_ack_payload_device_pca10056/nrf_log_default_backends.o
 .rodata.nrf_log_frontend_dequeue.str1.1
                0x0000000000006aa5       0x11 Output/Release/Obj/gzll_ack_payload_device_pca10056/nrf_log_frontend.o
 .rodata.str1.1
                0x0000000000006ab6        0x4 Output/Release/Obj/gzll_ack_payload_device_pca10056/nrf_log_frontend.o
 .rodata.prefix_process.str1.1
                0x0000000000006aba       0x32 Output/Release/Obj/gzll_ack_payload_device_pca10056/nrf_log_str_formatter.o
 .rodata.postfix_process.str1.1
                0x0000000000006aec       0x32 Output/Release/Obj/gzll_ack_payload_device_pca10056/nrf_log_str_formatter.o
                                          0x3 (size before relaxing)
 .rodata.nrf_log_hexdump_entry_process.str1.1
                0x0000000000006aec        0xf Output/Release/Obj/gzll_ack_payload_device_pca10056/nrf_log_str_formatter.o
                                         0x11 (size before relaxing)
 .rodata.str1.1
                0x0000000000006afb       0x4b Output/Release/Obj/gzll_ack_payload_device_pca10056/nrf_log_str_formatter.o
                                         0x51 (size before relaxing)
 *fill*         0x0000000000006b46        0x2 
 .rodata.m_colors
                0x0000000000006b48       0x24 Output/Release/Obj/gzll_ack_payload_device_pca10056/nrf_log_str_formatter.o
 .rodata.severity_names
                0x0000000000006b6c       0x14 Output/Release/Obj/gzll_ack_payload_device_pca10056/nrf_log_str_formatter.o
 .rodata.m_board_btn_list
                0x0000000000006b80        0x4 Output/Release/Obj/gzll_ack_payload_device_pca10056/boards.o
 .rodata.m_board_led_list
                0x0000000000006b84        0x4 Output/Release/Obj/gzll_ack_payload_device_pca10056/boards.o
 .rodata.app_error_fault_handler.str1.1
                0x0000000000006b88       0x19 Output/Release/Obj/gzll_ack_payload_device_pca10056/app_error_weak.o
 *fill*         0x0000000000006ba1        0xf 
 .rodata.delay_machine_code.0
                0x0000000000006bb0        0x6 Output/Release/Obj/gzll_ack_payload_device_pca10056/app_timer.o
 .rodata._aV2C.0
                0x0000000000006bb6       0x10 Output/Release/Obj/gzll_ack_payload_device_pca10056/nrf_fprintf_format.o
 .rodata.str1.1
                0x0000000000006bc6        0x7 Output/Release/Obj/gzll_ack_payload_device_pca10056/nrfx_gpiote.o
 .rodata.str1.1
                0x0000000000006bcd        0x4 Output/Release/Obj/gzll_ack_payload_device_pca10056/nrfx_prs.o
 .rodata.str1.1
                0x0000000000006bd1        0x5 Output/Release/Obj/gzll_ack_payload_device_pca10056/nrfx_uart.o
 .rodata.str1.1
                0x0000000000006bd6        0x6 Output/Release/Obj/gzll_ack_payload_device_pca10056/nrfx_uarte.o
 .rodata.nrf_gzll_device_tx_success.str1.1
                0x0000000000006bdc       0x1e Output/Release/Obj/gzll_ack_payload_device_pca10056/main.o
 .rodata.nrf_gzll_device_tx_failed.str1.1
                0x0000000000006bfa       0x1b Output/Release/Obj/gzll_ack_payload_device_pca10056/main.o
 .rodata.main.str1.1
                0x0000000000006c15       0xc3 Output/Release/Obj/gzll_ack_payload_device_pca10056/main.o
                                         0xc6 (size before relaxing)
 .rodata._DoInit.str1.1
                0x0000000000006cd8       0x14 Output/Release/Obj/gzll_ack_payload_device_pca10056/SEGGER_RTT.o
 .rodata._aV2C.0
                0x0000000000006cec       0x10 Output/Release/Obj/gzll_ack_payload_device_pca10056/SEGGER_RTT_printf.o
 .rodata.m_lcore_operation_params
                0x0000000000006cfc       0x30 ../../../../../../../../components/proprietary_rf/gzll/gcc/gzll_nrf52840_sd_resources_gcc.a(nrf_link_core.c.o)
 .rodata.libc.__RAL_find_locale.str1.4
                0x0000000000006d2c        0xa D:/Program Files/SEGGER/SEGGER Embedded Studio for ARM 5.60/lib/libc_v7em_fpv4_sp_d16_hard_t_le_eabi.a(libc2.o)
 *fill*         0x0000000000006d36        0x2 
 .rodata.libc.__RAL_ascii_ctype_map
                0x0000000000006d38       0x80 D:/Program Files/SEGGER/SEGGER Embedded Studio for ARM 5.60/lib/libc_v7em_fpv4_sp_d16_hard_t_le_eabi.a(libc2.o)
                0x0000000000006d38                __RAL_ascii_ctype_map
 .rodata.libc.__RAL_ascii_ctype_mask
                0x0000000000006db8        0xd D:/Program Files/SEGGER/SEGGER Embedded Studio for ARM 5.60/lib/libc_v7em_fpv4_sp_d16_hard_t_le_eabi.a(libc2.o)
 *fill*         0x0000000000006dc5        0x3 
 .rodata.libc.__RAL_c_locale
                0x0000000000006dc8        0xc D:/Program Files/SEGGER/SEGGER Embedded Studio for ARM 5.60/lib/libc_v7em_fpv4_sp_d16_hard_t_le_eabi.a(libc2.o)
                0x0000000000006dc8                __RAL_c_locale
 .rodata.libc.__RAL_c_locale_abbrev_day_names
                0x0000000000006dd4       0x1d D:/Program Files/SEGGER/SEGGER Embedded Studio for ARM 5.60/lib/libc_v7em_fpv4_sp_d16_hard_t_le_eabi.a(libc2.o)
                0x0000000000006dd4                __RAL_c_locale_abbrev_day_names
 *fill*         0x0000000000006df1        0x3 
 .rodata.libc.__RAL_c_locale_abbrev_month_names
                0x0000000000006df4       0x31 D:/Program Files/SEGGER/SEGGER Embedded Studio for ARM 5.60/lib/libc_v7em_fpv4_sp_d16_hard_t_le_eabi.a(libc2.o)
                0x0000000000006df4                __RAL_c_locale_abbrev_month_names
 *fill*         0x0000000000006e25        0x3 
 .rodata.libc.__RAL_c_locale_am_pm_indicator
                0x0000000000006e28        0x7 D:/Program Files/SEGGER/SEGGER Embedded Studio for ARM 5.60/lib/libc_v7em_fpv4_sp_d16_hard_t_le_eabi.a(libc2.o)
                0x0000000000006e28                __RAL_c_locale_am_pm_indicator
 *fill*         0x0000000000006e2f        0x1 
 .rodata.libc.__RAL_c_locale_data
                0x0000000000006e30       0x58 D:/Program Files/SEGGER/SEGGER Embedded Studio for ARM 5.60/lib/libc_v7em_fpv4_sp_d16_hard_t_le_eabi.a(libc2.o)
                0x0000000000006e30                __RAL_c_locale_data
 .rodata.libc.__RAL_c_locale_date_format
                0x0000000000006e88        0x9 D:/Program Files/SEGGER/SEGGER Embedded Studio for ARM 5.60/lib/libc_v7em_fpv4_sp_d16_hard_t_le_eabi.a(libc2.o)
                0x0000000000006e88                __RAL_c_locale_date_format
 *fill*         0x0000000000006e91        0x3 
 .rodata.libc.__RAL_c_locale_date_time_format
                0x0000000000006e94        0xf D:/Program Files/SEGGER/SEGGER Embedded Studio for ARM 5.60/lib/libc_v7em_fpv4_sp_d16_hard_t_le_eabi.a(libc2.o)
                0x0000000000006e94                __RAL_c_locale_date_time_format
 *fill*         0x0000000000006ea3        0x1 
 .rodata.libc.__RAL_c_locale_day_names
                0x0000000000006ea4       0x3a D:/Program Files/SEGGER/SEGGER Embedded Studio for ARM 5.60/lib/libc_v7em_fpv4_sp_d16_hard_t_le_eabi.a(libc2.o)
                0x0000000000006ea4                __RAL_c_locale_day_names
 *fill*         0x0000000000006ede        0x2 
 .rodata.libc.__RAL_c_locale_month_names
                0x0000000000006ee0       0x57 D:/Program Files/SEGGER/SEGGER Embedded Studio for ARM 5.60/lib/libc_v7em_fpv4_sp_d16_hard_t_le_eabi.a(libc2.o)
                0x0000000000006ee0                __RAL_c_locale_month_names
 *fill*         0x0000000000006f37        0x1 
 .rodata.libc.__RAL_c_locale_time_format
                0x0000000000006f38        0x9 D:/Program Files/SEGGER/SEGGER Embedded Studio for ARM 5.60/lib/libc_v7em_fpv4_sp_d16_hard_t_le_eabi.a(libc2.o)
                0x0000000000006f38                __RAL_c_locale_time_format
 *fill*         0x0000000000006f41        0x3 
 .rodata.libc.__RAL_codeset_ascii
                0x0000000000006f44       0x20 D:/Program Files/SEGGER/SEGGER Embedded Studio for ARM 5.60/lib/libc_v7em_fpv4_sp_d16_hard_t_le_eabi.a(libc2.o)
                0x0000000000006f44                __RAL_codeset_ascii
 .rodata.libc.__RAL_data_empty_string
                0x0000000000006f64        0x1 D:/Program Files/SEGGER/SEGGER Embedded Studio for ARM 5.60/lib/libc_v7em_fpv4_sp_d16_hard_t_le_eabi.a(libc2.o)
                0x0000000000006f64                __RAL_data_empty_string
 *fill*         0x0000000000006f65        0x3 
 .rodata.libc.__RAL_data_utf8_period
                0x0000000000006f68        0x2 D:/Program Files/SEGGER/SEGGER Embedded Studio for ARM 5.60/lib/libc_v7em_fpv4_sp_d16_hard_t_le_eabi.a(libc2.o)
                0x0000000000006f68                __RAL_data_utf8_period
                0x0000000000006f6a                __rodata_end__ = (__rodata_start__ + SIZEOF (.rodata))
                0x0000000000000502                __rodata_size__ = SIZEOF (.rodata)
                0x0000000000006f6a                __rodata_load_end__ = __rodata_end__

.rel.dyn        0x0000000000006f6c        0x0
 .rel.iplt      0x0000000000006f6c        0x0 Output/Release/Obj/gzll_ack_payload_device_pca10056/thumb_crt0.o
                0x0000000000000001                . = ASSERT (((__rodata_start__ == __rodata_end__) || ((__rodata_end__ - __FLASH_segment_start__) <= __FLASH_segment_size__)), error: .rodata is too large to fit in FLASH memory segment)
                0x0000000000006f6c                __ARM.exidx_load_start__ = ALIGN (__rodata_end__, 0x4)

.ARM.exidx      0x0000000000006f6c        0x0
                0x0000000000006f6c                __ARM.exidx_start__ = .
                0x0000000000006f6c                __exidx_start = __ARM.exidx_start__
 *(.ARM.exidx .ARM.exidx.*)
                0x0000000000006f6c                __ARM.exidx_end__ = (__ARM.exidx_start__ + SIZEOF (.ARM.exidx))
                0x0000000000000000                __ARM.exidx_size__ = SIZEOF (.ARM.exidx)
                0x0000000000006f6c                __exidx_end = __ARM.exidx_end__
                0x0000000000006f6c                __ARM.exidx_load_end__ = __ARM.exidx_end__
                0x0000000000000001                . = ASSERT (((__ARM.exidx_start__ == __ARM.exidx_end__) || ((__ARM.exidx_end__ - __FLASH_segment_start__) <= __FLASH_segment_size__)), error: .ARM.exidx is too large to fit in FLASH memory segment)
                0x0000000000006f6c                __fast_load_start__ = ALIGN (__ARM.exidx_end__, 0x4)

.fast           0x0000000020000000        0x0 load address 0x0000000000006f6c
                0x0000000020000000                __fast_start__ = .
 *(.fast .fast.*)
                0x0000000020000000                __fast_end__ = (__fast_start__ + SIZEOF (.fast))
                0x0000000000000000                __fast_size__ = SIZEOF (.fast)
                0x0000000000006f6c                __fast_load_end__ = (__fast_load_start__ + SIZEOF (.fast))
                0x0000000000000001                . = ASSERT (((__fast_load_start__ == __fast_load_end__) || ((__fast_load_end__ - __FLASH_segment_start__) <= __FLASH_segment_size__)), error: .fast is too large to fit in FLASH memory segment)

.fast_run       0x0000000020000000        0x0
                0x0000000020000000                __fast_run_start__ = .
                0x0000000020000000                __fast_run_end__ = (__fast_run_start__ + SIZEOF (.fast))
                0x0000000000000000                __fast_run_size__ = (__fast_run_end__ - __fast_run_start__)
                0x0000000020000000                __fast_run_load_end__ = __fast_run_end__
                0x0000000000000001                . = ASSERT (((__fast_run_start__ == __fast_run_end__) || ((__fast_run_end__ - __RAM_segment_start__) <= __RAM_segment_size__)), error: .fast_run is too large to fit in RAM memory segment)
                0x0000000000006f6c                __data_load_start__ = ALIGN ((__fast_load_start__ + SIZEOF (.fast)), 0x4)

.data           0x0000000020000000       0x50 load address 0x0000000000006f6c
                0x0000000020000000                __data_start__ = .
 *(.data .data.* .gnu.linkonce.d.*)
 .data.m_uart   0x0000000020000000       0x14 Output/Release/Obj/gzll_ack_payload_device_pca10056/nrf_log_backend_uart.o
                0x0000000020000000                m_uart
 .data.log_backend_cb_uart_log_backend
                0x0000000020000014        0x8 Output/Release/Obj/gzll_ack_payload_device_pca10056/nrf_log_default_backends.o
 .data.SystemCoreClock
                0x000000002000001c        0x4 Output/Release/Obj/gzll_ack_payload_device_pca10056/system_nrf52840.o
                0x000000002000001c                SystemCoreClock
 .data.m_channel_table
                0x0000000020000020       0x10 ../../../../../../../../components/proprietary_rf/gzll/gcc/gzll_nrf52840_sd_resources_gcc.a(nrf_gzll.c.o)
 .data.m_channel_table_size
                0x0000000020000030        0x4 ../../../../../../../../components/proprietary_rf/gzll/gcc/gzll_nrf52840_sd_resources_gcc.a(nrf_gzll.c.o)
 .data.m_state_functions
                0x0000000020000034        0x8 ../../../../../../../../components/proprietary_rf/gzll/gcc/gzll_nrf52840_sd_resources_gcc.a(nrf_state_machine.c.o)
                0x0000000020000034                m_state_functions
 .data.libc.__RAL_global_locale
                0x000000002000003c       0x14 D:/Program Files/SEGGER/SEGGER Embedded Studio for ARM 5.60/lib/libc_v7em_fpv4_sp_d16_hard_t_le_eabi.a(libc2.o)
                0x000000002000003c                __RAL_global_locale
                0x0000000020000050                __data_end__ = (__data_start__ + SIZEOF (.data))
                0x0000000000000050                __data_size__ = SIZEOF (.data)
                0x0000000000006fbc                __data_load_end__ = (__data_load_start__ + SIZEOF (.data))

.igot.plt       0x0000000100000000        0x0
 .igot.plt      0x0000000100000000        0x0 Output/Release/Obj/gzll_ack_payload_device_pca10056/thumb_crt0.o
                0x0000000000000001                . = ASSERT (((__data_load_start__ == __data_load_end__) || ((__data_load_end__ - __FLASH_segment_start__) <= __FLASH_segment_size__)), error: .data is too large to fit in FLASH memory segment)

.data_run       0x0000000020000000        0x0
                0x0000000020000000                __data_run_start__ = .
                0x0000000020000050                __data_run_end__ = (__data_run_start__ + SIZEOF (.data))
                0x0000000000000050                __data_run_size__ = (__data_run_end__ - __data_run_start__)
                0x0000000020000050                __data_run_load_end__ = __data_run_end__
                0x0000000000000001                . = ASSERT (((__data_run_start__ == __data_run_end__) || ((__data_run_end__ - __RAM_segment_start__) <= __RAM_segment_size__)), error: .data_run is too large to fit in RAM memory segment)
                0x0000000000006fbc                __tdata_load_start__ = ALIGN ((__data_load_start__ + SIZEOF (.data)), 0x4)

.tdata          0x0000000020000050        0x0 load address 0x0000000000006fbc
                0x0000000020000050                __tdata_start__ = .
 *(.tdata .tdata.*)
                0x0000000020000050                __tdata_end__ = (__tdata_start__ + SIZEOF (.tdata))
                0x0000000000000000                __tdata_size__ = SIZEOF (.tdata)
                0x0000000000006fbc                __tdata_load_end__ = (__tdata_load_start__ + SIZEOF (.tdata))
                0x0000000000006fbc                __FLASH_segment_used_end__ = (ALIGN ((__data_load_start__ + SIZEOF (.data)), 0x4) + SIZEOF (.tdata))
                0x0000000000006fbc                __FLASH_segment_used_size__ = (__FLASH_segment_used_end__ - __FLASH_segment_start__)
                0x0000000000000001                . = ASSERT (((__tdata_load_start__ == __tdata_load_end__) || ((__tdata_load_end__ - __FLASH_segment_start__) <= __FLASH_segment_size__)), error: .tdata is too large to fit in FLASH memory segment)

.tdata_run      0x0000000020000050        0x0
                0x0000000020000050                __tdata_run_start__ = .
                0x0000000020000050                __tdata_run_end__ = (__tdata_run_start__ + SIZEOF (.tdata))
                0x0000000000000000                __tdata_run_size__ = (__tdata_run_end__ - __tdata_run_start__)
                0x0000000020000050                __tdata_run_load_end__ = __tdata_run_end__
                0x0000000000000001                . = ASSERT (((__tdata_run_start__ == __tdata_run_end__) || ((__tdata_run_end__ - __RAM_segment_start__) <= __RAM_segment_size__)), error: .tdata_run is too large to fit in RAM memory segment)
                0x0000000020000050                __bss_load_start__ = ALIGN (__tdata_run_end__, 0x4)

.bss            0x0000000020000050      0xe87
                0x0000000020000050                __bss_start__ = .
 *(.bss .bss.* .gnu.linkonce.b.*)
 .bss.m_async_mode
                0x0000000020000050        0x1 Output/Release/Obj/gzll_ack_payload_device_pca10056/nrf_log_backend_uart.o
 .bss.m_string_buff
                0x0000000020000051       0x40 Output/Release/Obj/gzll_ack_payload_device_pca10056/nrf_log_backend_uart.o
 .bss.m_xfer_done
                0x0000000020000091        0x1 Output/Release/Obj/gzll_ack_payload_device_pca10056/nrf_log_backend_uart.o
 *fill*         0x0000000020000092        0x2 
 .bss.log_mempool_nrf_balloc_cb
                0x0000000020000094        0x8 Output/Release/Obj/gzll_ack_payload_device_pca10056/nrf_log_frontend.o
 .bss.log_mempool_nrf_balloc_pool_mem
                0x000000002000009c       0xc0 Output/Release/Obj/gzll_ack_payload_device_pca10056/nrf_log_frontend.o
 .bss.log_mempool_nrf_balloc_pool_stack
                0x000000002000015c        0x8 Output/Release/Obj/gzll_ack_payload_device_pca10056/nrf_log_frontend.o
 .bss.m_log_data
                0x0000000020000164      0x424 Output/Release/Obj/gzll_ack_payload_device_pca10056/nrf_log_frontend.o
 .bss.m_op_queue
                0x0000000020000588      0x10c Output/Release/Obj/gzll_ack_payload_device_pca10056/app_timer.o
 .bss.m_rtc1_reset
                0x0000000020000694        0x1 Output/Release/Obj/gzll_ack_payload_device_pca10056/app_timer.o
 .bss.m_rtc1_running
                0x0000000020000695        0x1 Output/Release/Obj/gzll_ack_payload_device_pca10056/app_timer.o
 *fill*         0x0000000020000696        0x2 
 .bss.m_ticks_elapsed
                0x0000000020000698        0x8 Output/Release/Obj/gzll_ack_payload_device_pca10056/app_timer.o
 .bss.m_ticks_elapsed_q_read_ind
                0x00000000200006a0        0x1 Output/Release/Obj/gzll_ack_payload_device_pca10056/app_timer.o
 .bss.m_ticks_elapsed_q_write_ind
                0x00000000200006a1        0x1 Output/Release/Obj/gzll_ack_payload_device_pca10056/app_timer.o
 *fill*         0x00000000200006a2        0x2 
 .bss.m_ticks_latest
                0x00000000200006a4        0x4 Output/Release/Obj/gzll_ack_payload_device_pca10056/app_timer.o
 .bss.mp_timer_id_head
                0x00000000200006a8        0x4 Output/Release/Obj/gzll_ack_payload_device_pca10056/app_timer.o
 .bss.m_in_critical_region
                0x00000000200006ac        0x4 Output/Release/Obj/gzll_ack_payload_device_pca10056/app_util_platform.o
 .bss.m_contexts
                0x00000000200006b0        0x8 Output/Release/Obj/gzll_ack_payload_device_pca10056/nrf_drv_uart.o
 .bss.m_handlers
                0x00000000200006b8        0x8 Output/Release/Obj/gzll_ack_payload_device_pca10056/nrf_drv_uart.o
 .bss.nrf_drv_uart_use_easy_dma
                0x00000000200006c0        0x2 Output/Release/Obj/gzll_ack_payload_device_pca10056/nrf_drv_uart.o
                0x00000000200006c0                nrf_drv_uart_use_easy_dma
 *fill*         0x00000000200006c2        0x2 
 .bss.m_cb      0x00000000200006c4       0x6c Output/Release/Obj/gzll_ack_payload_device_pca10056/nrfx_gpiote.o
 .bss.m_prs_box_4
                0x0000000020000730        0x8 Output/Release/Obj/gzll_ack_payload_device_pca10056/nrfx_prs.o
 .bss.m_cb      0x0000000020000738       0x2c Output/Release/Obj/gzll_ack_payload_device_pca10056/nrfx_uart.o
 .bss.m_cb      0x0000000020000764       0x24 Output/Release/Obj/gzll_ack_payload_device_pca10056/nrfx_uarte.o
 .bss.m_ack_payload
                0x0000000020000788       0x20 Output/Release/Obj/gzll_ack_payload_device_pca10056/main.o
 .bss.m_data_payload
                0x00000000200007a8        0x1 Output/Release/Obj/gzll_ack_payload_device_pca10056/main.o
 *fill*         0x00000000200007a9        0x3 
 .bss.m_statistics
                0x00000000200007ac       0x88 Output/Release/Obj/gzll_ack_payload_device_pca10056/main.o
 .bss._SEGGER_RTT
                0x0000000020000834       0x78 Output/Release/Obj/gzll_ack_payload_device_pca10056/SEGGER_RTT.o
                0x0000000020000834                _SEGGER_RTT
 .bss._acDownBuffer
                0x00000000200008ac       0x10 Output/Release/Obj/gzll_ack_payload_device_pca10056/SEGGER_RTT.o
 .bss._acUpBuffer
                0x00000000200008bc      0x200 Output/Release/Obj/gzll_ack_payload_device_pca10056/SEGGER_RTT.o
 .bss.m_crc_failure_callback
                0x0000000020000abc        0x4 ../../../../../../../../components/proprietary_rf/gzll/gcc/gzll_nrf52840_sd_resources_gcc.a(nrf_gzll.c.o)
 .bss.m_nrf_gzll_error_code
                0x0000000020000ac0        0x1 ../../../../../../../../components/proprietary_rf/gzll/gcc/gzll_nrf52840_sd_resources_gcc.a(nrf_gzll.c.o)
 *fill*         0x0000000020000ac1        0x3 
 .bss.m_nrf_gzll_internal_debug_code
                0x0000000020000ac4        0x4 ../../../../../../../../components/proprietary_rf/gzll/gcc/gzll_nrf52840_sd_resources_gcc.a(nrf_gzll.c.o)
 .bss.m_p_impl_status
                0x0000000020000ac8        0x4 ../../../../../../../../components/proprietary_rf/gzll/gcc/gzll_nrf52840_sd_resources_gcc.a(nrf_gzll.c.o)
 .bss.m_p_statistics
                0x0000000020000acc        0x4 ../../../../../../../../components/proprietary_rf/gzll/gcc/gzll_nrf52840_sd_resources_gcc.a(nrf_gzll.c.o)
 .bss.m_status  0x0000000020000ad0        0xc ../../../../../../../../components/proprietary_rf/gzll/gcc/gzll_nrf52840_sd_resources_gcc.a(nrf_gzll.c.o)
 .bss.m_tx_timeout_callback
                0x0000000020000adc        0x4 ../../../../../../../../components/proprietary_rf/gzll/gcc/gzll_nrf52840_sd_resources_gcc.a(nrf_gzll.c.o)
 .bss.m_chm_config